PASS byte insertion is exact over every role and every existing mask: unsat (0.002273s)
PASS duplicate and self-send insertion is idempotent: unsat (0.000137s)
PASS byte and bit positions cover complete role domain: unsat (0.003010s)
PASS role255 uses final byte bit7 and never wraps: unsat (0.000121s)
PASS exact nonempty-or-empty mask completeness n=0: unsat (0.000201s)
PASS exact nonempty-or-empty mask completeness n=1: unsat (0.002740s)
PASS nonvacuous duplicate/self/255 source n=1: sat (0.000405s)
PASS exact nonempty-or-empty mask completeness n=2: unsat (0.040771s)
PASS nonvacuous duplicate/self/255 source n=2: sat (0.000556s)
PASS exact nonempty-or-empty mask completeness n=4: unsat (0.235419s)
PASS nonvacuous duplicate/self/255 source n=4: sat (0.002195s)
PASS exact nonempty-or-empty mask completeness n=8: unsat (1.432578s)
PASS nonvacuous duplicate/self/255 source n=8: sat (0.000538s)
PASS exact nonempty-or-empty mask completeness n=16: unsat (10.263777s)
PASS nonvacuous duplicate/self/255 source n=16: sat (0.000638s)
PASS absence forces both bounded selector searches None n=1: unsat (0.011600s)
PASS absent observer merge accepts n=1: unsat (0.012485s)
PASS absence forces both bounded selector searches None n=2: unsat (0.032970s)
PASS absent observer merge accepts n=2: unsat (0.029594s)
PASS absence forces both bounded selector searches None n=4: unsat (0.113256s)
PASS absent observer merge accepts n=4: unsat (0.117897s)
PASS absence forces both bounded selector searches None n=8: unsat (0.494919s)
PASS absent observer merge accepts n=8: unsat (0.520014s)
PASS absence forces both bounded selector searches None n=16: unsat (4.587372s)
PASS absent observer merge accepts n=16: unsat (4.766316s)
PASS ascending first-role and exact-error preservation n=0: unsat (0.000066s)
PASS ascending first-role and exact-error preservation n=1: unsat (0.001773s)
PASS nonvacuous late rejection n=1: sat (0.000647s)
PASS ascending first-role and exact-error preservation n=2: unsat (0.001427s)
PASS nonvacuous late rejection n=2: sat (0.000689s)
PASS ascending first-role and exact-error preservation n=26: unsat (0.010302s)
PASS nonvacuous late rejection n=26: sat (0.000971s)
PASS ascending first-role and exact-error preservation n=256: unsat (0.655012s)
PASS nonvacuous late rejection n=256: sat (0.003485s)
PASS arbitrary earlier invalid-stage errors retain priority and exact value: unsat (0.000658s)
PASS nonvacuous earlier-stage error priority stage=0: sat (0.000704s)
PASS nonvacuous earlier-stage error priority stage=1: sat (0.000762s)
PASS nonvacuous earlier-stage error priority stage=2: sat (0.000697s)
PASS nonvacuous earlier-stage error priority stage=3: sat (0.000669s)
PASS nonvacuous earlier-stage error priority stage=4: sat (0.000700s)
PASS nonvacuous earlier-stage error priority stage=5: sat (0.000732s)
PASS counterexample sender-only mask wrongly omits receiver1 and255: sat (0.006588s)
PASS counterexample arbitrary wrong omission changes first error: sat (0.000148s)
PASS positive sparse route with distinct inbound evidence and role255: sat (0.000096s)
ALL PARTICIPANT MASK Z3 CHECKS PASSED: 44 claims/witnesses
