'Hibana.WireAllocatorCandidate.chosen_color_bound_and_unused' depends on axioms: [propext, Quot.sound]
'Hibana.WireAllocatorCandidate.color_exhaustion_is_exact' depends on axioms: [propext, Quot.sound]
'Hibana.WireAllocatorCandidate.chosen_color_separates_every_conflicting_prior' depends on axioms: [propext, Quot.sound]
'Hibana.WireAllocatorCandidate.original_inequality_is_conflict' depends on axioms: [propext, Quot.sound]
'Hibana.WireAllocatorCandidate.distinct_owner_is_conflict' depends on axioms: [propext, Quot.sound]
'Hibana.WireAllocatorCandidate.same_class_does_not_block' depends on axioms: [propext, Quot.sound]
'Hibana.WireAllocatorCandidate.narrower_roll_owner_wins' depends on axioms: [propext]
'Hibana.WireAllocatorCandidate.coextensive_roll_owner_uses_later_source_ordinal' depends on axioms: [propext,
 Quot.sound]
'Hibana.WireAllocatorCandidate.different_domain_does_not_block' depends on axioms: [propext, Quot.sound]
'Hibana.WireAllocatorCandidate.refinement_preserves_all_noncolor_fields' depends on axioms: [propext]
'Hibana.WireAllocatorCandidate.refinement_preserves_event_inventory' depends on axioms: [propext, Quot.sound]
'Hibana.WireAllocatorCandidate.no_roll_is_identity' depends on axioms: [propext]
'Hibana.WireAllocatorCandidate.self_send_keeps_original_label' depends on axioms: [propext, Quot.sound]
'Hibana.WireAllocatorCandidate.exhaustion_retains_invalid_nonempty_row' depends on axioms: [propext, Quot.sound]
'Hibana.WireAllocatorCandidate.invalid_color_cannot_equal_decoded_byte' depends on axioms: [propext, Quot.sound]
'Hibana.WireAllocatorCandidate.read_byte_result_is_bounded' depends on axioms: [propext]
'Hibana.WireAllocatorCandidate.decoded_frame_label_is_bounded' depends on axioms: [propext]
'Hibana.WireAllocatorCandidate.successful_map_has_only_bounded_results' depends on axioms: [propext, Quot.sound]
'Hibana.WireAllocatorCandidate.exhausted_row_rejects_exact_decoded_labels' depends on axioms: [propext, Quot.sound]
'Hibana.WireAllocatorCandidate.ordinary_ordered_reuse' depends on axioms: [propext]
'Hibana.WireAllocatorCandidate.one_roll_ordered_reuse' depends on axioms: [propext]
'Hibana.WireAllocatorCandidate.nested_roll_source_correspondence' depends on axioms: [propext]
'Hibana.WireAllocatorCandidate.reverse_nested_roll_source_correspondence' depends on axioms: [propext]
'Hibana.WireAllocatorCandidate.coextensive_roll_source_correspondence' depends on axioms: [propext]
'Hibana.WireAllocatorCandidate.sibling_roll_source_correspondence' depends on axioms: [propext]
'Hibana.WireAllocatorCandidate.existing_route_inequality_is_preserved' depends on axioms: [propext]
'Hibana.WireAllocatorCandidate.coextensive_owner_uses_later_ordinal' depends on axioms: [propext]
'Hibana.WireAllocatorCandidate.narrowest_owner_overrides_ordinal' depends on axioms: [propext]
'Hibana.WireAllocatorCandidate.all_byte_colors_are_available' does not depend on any axioms
'Hibana.WireAllocatorCandidate.all_byte_colors_exhausted' does not depend on any axioms
'Hibana.WireAllocatorCandidate.exact_domain_partition_and_self_send' depends on axioms: [propext]
