   Compiling hibana-repo-tests v0.0.0 (/workspace/scratch/0915e8fbff81/hibana-roll-color-fix/.github/repo-tests)
   Compiling hibana v0.9.6 (/workspace/scratch/0915e8fbff81/hibana-roll-color-fix)
    Finished `test` profile [unoptimized] target(s) in 3.80s
     Running unittests src/lib.rs (/workspace/scratch/0915e8fbff81/hibana-roll-color-target/debug/deps/hibana-7e68c48780fd7977)

running 54 tests
test eff::tests::eff_index_display_is_dense ... ok
test eff::tests::eff_index_from_dense_ordinal_is_dense ... ok
test eff::tests::eff_index_rejects_reserved_descriptor_sentinel - should panic ... ok
test endpoint::kernel::authority::tests::conflicting_ready_mask_fails_closed - should panic ... ok
test endpoint::kernel::authority::tests::invalid_mixed_ready_mask_fails_closed - should panic ... ok
test endpoint::kernel::authority::tests::invalid_raw_route_arm_fails_closed - should panic ... ok
test endpoint::kernel::authority::tests::invalid_single_bit_ready_mask_fails_closed - should panic ... ok
test endpoint::kernel::authority::tests::raw_route_arm_and_ready_mask_decode_exact_binary_authority ... ok
test endpoint::kernel::authority::tests::route_arm_token_carries_arm_and_authority_together ... ok
test endpoint::kernel::core::runtime_types::size_tests::pending_send_commit_proof_stays_compact ... ok
test endpoint::kernel::lane_port::tests::erased_encoder_rejects_length_beyond_scratch ... ok
test endpoint::kernel::lane_slots::tests::lane_slot_array_accepts_full_u8_lane_domain ... ok
test endpoint::kernel::layout::tests::endpoint_arena_does_not_contain_route_scope_lane_cache ... ok
test endpoint::kernel::layout::tests::endpoint_arena_layout_records_stay_compact ... ok
test endpoint::kernel::layout::tests::frontier_storage_separates_active_keys_from_visited_cursor_positions ... ok
test endpoint::kernel::layout::tests::route_commit_row_set_builder_no_longer_allocates_row_storage ... ok
test endpoint::kernel::layout::tests::route_history_tracks_descriptor_relations_not_lane_depth_product ... ok
test endpoint::kernel::offer::first_recv_dispatch::tests::first_recv_dispatch_preserves_exact_binary_mask ... ok
test endpoint::kernel::offer::first_recv_dispatch::tests::first_recv_dispatch_rejects_out_of_domain_bits - should panic ... ok
test endpoint::send::tests::send_future_layout_is_message_independent ... ok
test endpoint::send::tests::send_future_stays_within_size_budget ... ok
test global::compiled::images::program::tests::compiled_program_counts_remain_plain_derived_counts ... ok
test global::compiled::images::program::tests::compiled_program_marks_route_decision_semantics ... ok
test global::const_dsl::scope::tests::absent_scope_has_no_local_ordinal - should panic ... ok
test global::const_dsl::scope::tests::scope_id_decoder_accepts_exact_compact_domain ... ok
test global::const_dsl::scope::tests::scope_id_is_u16_sentinel_identity ... ok
test global::const_dsl::scope_ranges::nesting::tests::crossing_scope_ranges_fail_closed - should panic ... ok
test global::const_dsl::scope_ranges::nesting::tests::equal_projected_ranges_follow_source_preorder_nesting ... ok
test global::typestate::facts::dependency::tests::local_dependency_rejects_absent_scope - should panic ... ok
test global::typestate::facts::dependency::tests::local_dependency_rejects_out_of_domain_parallel_scope - should panic ... ok
test global::typestate::facts::dependency::tests::local_dependency_rejects_out_of_domain_route_conflict - should panic ... ok
test global::typestate::facts::dependency::tests::packed_dependency_accepts_full_u16_step_ranges ... ok
test global::typestate::facts::dependency::tests::packed_dependency_rejects_partial_absence_and_empty_ranges ... ok
test global::typestate::facts::dependency::tests::packed_dependency_round_trips_every_conflict_kind ... ok
test observe::event::tests::resident_tap_record_erases_and_reconstructs_timestamp ... ok
test observe::event::tests::tap_event_debug_uses_semantic_fields_only ... ok
test observe::event::tests::tap_event_is_exactly_sixteen_bytes ... ok
test observe::event::tests::tap_event_record_bytes_are_exactly_sixteen_bytes ... ok
test observe::event::tests::transport_fault_evidence_carries_lane_and_reason ... ok
test observe::event::tests::transport_mismatch_evidence_carries_expected_lane_and_reason ... ok
test observe::events::tests::route_site_evidence_uses_scope_local_ordinal ... ok
test observe::events::tests::route_site_rejects_non_route_scope - should panic ... ok
test observe::events::tests::route_site_rejects_out_of_domain_scope - should panic ... ok
test rendezvous::core::endpoint_waiter::tests::drop_rejects_a_registered_wake_owner ... ok
test rendezvous::core::endpoint_waiter::tests::replacement_moves_displaced_owner_out_of_the_lease_record ... ok
test rendezvous::port::tests::frontier_scratch_offset_aligns_absolute_address_not_offset_only ... ok
test runtime_core::resources::tests::resources_defer_lane_domain_until_projected_descriptor ... ok
test session::cluster::error::tests::test_error_display ... ok
test session::types::tests::rendezvous_id_zero_is_rejected - should panic ... ok
test transport::wire::tests::borrowed_byte_slice_remains_variable_length ... ok
test transport::wire::tests::builtin_payload_schemas_are_pairwise_distinct ... ok
test transport::wire::tests::fixed_array_schema_identity_is_exact_at_its_domain_boundary ... ok
test transport::wire::tests::fixed_array_schema_identity_rejects_the_first_colliding_width - should panic ... ok
test transport::wire::tests::fixed_payload_decoders_reject_trailing_bytes ... ok

test result: ok. 54 passed; 0 failed; 0 ignored; 0 measured; 0 filtered out; finished in 0.00s

     Running tests/affine_progression.rs (/workspace/scratch/0915e8fbff81/hibana-roll-color-target/debug/deps/affine_progression-a81c101a6c520f16)

running 4 tests
test drop_unpolled_send_future_keeps_endpoint_on_same_send_step ... ok
test dropping_pending_send_future_keeps_endpoint_on_same_send_step ... ok
test forgotten_started_send_future_leaves_send_fail_closed ... ok
test interleaved_pending_sends_reencode_from_their_own_payloads ... ok

test result: ok. 4 passed; 0 failed; 0 ignored; 0 measured; 0 filtered out; finished in 0.00s

     Running tests/callsite_regression.rs (/workspace/scratch/0915e8fbff81/hibana-roll-color-target/debug/deps/callsite_regression-549cf09d8ce387e6)

running 5 tests
test attach_and_resolver_errors_keep_debug_boundaries ... ok
test endpoint_errors_keep_debug_boundaries ... ok
test payload_schema_mismatch_cannot_publish_send_or_consume_recv ... ok
test payload_schema_tracks_selected_route_when_labels_match ... ok
test runtime_registers_multiple_rendezvous_from_resident_resources ... ok

test result: ok. 5 passed; 0 failed; 0 ignored; 0 measured; 0 filtered out; finished in 0.00s

     Running tests/cursor_send_recv_codec_demux.rs (/workspace/scratch/0915e8fbff81/hibana-roll-color-target/debug/deps/cursor_send_recv_codec_demux-1c4ed63ddc0b4aa5)

running 2 tests
test codec_demux::cursor_send_and_recv_high_logical_label_roundtrip ... ok
test codec_demux::recv_codec_error_poisons_before_same_generation_continuation ... ok

test result: ok. 2 passed; 0 failed; 0 ignored; 0 measured; 0 filtered out; finished in 0.00s

     Running tests/cursor_send_recv_direct_recv.rs (/workspace/scratch/0915e8fbff81/hibana-roll-color-target/debug/deps/cursor_send_recv_direct_recv-2a873258cbb4136c)

running 11 tests
test direct_recv::cursor_recv_can_return_borrowed_frame_views ... ok
test direct_recv::direct_recv_accepts_single_deterministic_transport_frame ... ok
test direct_recv::direct_recv_deadline_emits_transport_fault_tap ... ok
test direct_recv::direct_recv_lane_source_target_label_mismatch_fails_closed ... ok
test direct_recv::direct_recv_same_label_deterministic_frames_commit_by_lane_evidence ... ok
test direct_recv::direct_recv_session_mismatch_fails_closed_and_poisons_generation ... ok
test direct_recv::mismatch_tap_is_emitted_before_terminal_error ... ok
test direct_recv::rolled_raw_observations_commit_only_enabled_occurrences ... ok
test direct_recv::transport_poll_recv_returns_framed_payload ... ok
test direct_recv::zero_length_transport_frame_recv_u8_fails_with_codec_truncated ... ok
test direct_recv::zero_length_transport_frame_recv_unit_commits ... ok

test result: ok. 11 passed; 0 failed; 0 ignored; 0 measured; 0 filtered out; finished in 0.00s

     Running tests/cursor_send_recv_send_recv.rs (/workspace/scratch/0915e8fbff81/hibana-roll-color-target/debug/deps/cursor_send_recv_send_recv-746586dc32e4ee90)

running 12 tests
test send_recv::completed_recv_future_repoll_is_fail_fast_and_does_not_advance_again ... ok
test send_recv::completed_send_future_repoll_is_fail_fast_and_does_not_advance_again ... ok
test send_recv::cursor_send_and_recv_roundtrip ... ok
test send_recv::direct_recv_same_label_parallel_frames_commit_by_observed_evidence ... ok
test send_recv::direct_send_capacity_emits_transport_fault_tap ... ok
test send_recv::intrinsic_route_passive_same_label_recv_commits_by_frame_evidence ... ok
test send_recv::live_endpoint_send_recv_survives_endpoint_lease_table_growth ... ok
test send_recv::live_endpoint_send_survives_failed_later_attach_abort ... ok
test send_recv::rolled_same_label_recv_requires_causal_exit_handoff ... ok
test send_recv::same_lane_session_waiters_are_isolated ... ok
test send_recv::send_preview_error_reports_debug_boundary_and_poison_session ... ok
test send_recv::session_template_instances_interleave_and_fault_independently ... ok

test result: ok. 12 passed; 0 failed; 0 ignored; 0 measured; 0 filtered out; finished in 0.01s

     Running tests/cursor_send_recv_session_drop_wake.rs (/workspace/scratch/0915e8fbff81/hibana-roll-color-target/debug/deps/cursor_send_recv_session_drop_wake-aa4255b9a3094024)

running 2 tests
test session_drop_wake::dropping_live_endpoint_poison_wakes_waiting_peer ... ok
test session_drop_wake::endpoint_waiter_isolated_from_unrelated_session_compaction ... ok

test result: ok. 2 passed; 0 failed; 0 ignored; 0 measured; 0 filtered out; finished in 0.00s

     Running tests/cursor_send_recv_session_fault_cancel.rs (/workspace/scratch/0915e8fbff81/hibana-roll-color-target/debug/deps/cursor_send_recv_session_fault_cancel-91db3cf1bce99109)

running 1 test
test session_fault_cancel::send_session_fault_cancels_pending_transport_state_once ... ok

test result: ok. 1 passed; 0 failed; 0 ignored; 0 measured; 0 filtered out; finished in 0.00s

     Running tests/cursor_send_recv_session_forget_recv.rs (/workspace/scratch/0915e8fbff81/hibana-roll-color-target/debug/deps/cursor_send_recv_session_forget_recv-4cb05abff0a7bc72)

running 1 test
test session_forget_recv::forgotten_recv_future_leaves_endpoint_fail_closed ... ok

test result: ok. 1 passed; 0 failed; 0 ignored; 0 measured; 0 filtered out; finished in 0.00s

     Running tests/cursor_send_recv_session_forget_send.rs (/workspace/scratch/0915e8fbff81/hibana-roll-color-target/debug/deps/cursor_send_recv_session_forget_send-3fc5bdaac38e2f09)

running 1 test
test session_forget_send::forgotten_unpolled_send_future_does_not_publish_runtime_progress ... ok

test result: ok. 1 passed; 0 failed; 0 ignored; 0 measured; 0 filtered out; finished in 0.00s

     Running tests/cursor_send_recv_session_progress.rs (/workspace/scratch/0915e8fbff81/hibana-roll-color-target/debug/deps/cursor_send_recv_session_progress-69d50171379c6d49)

running 1 test
test session_progress::sequential_noncontiguous_lane_steps_progress_in_order ... ok

test result: ok. 1 passed; 0 failed; 0 ignored; 0 measured; 0 filtered out; finished in 0.00s

     Running tests/deep_scope_runtime.rs (/workspace/scratch/0915e8fbff81/hibana-roll-color-target/debug/deps/deep_scope_runtime-832c8aa1e56c664d)

running 1 test
test active_scope_depth_above_128_enters_public_sessionkit_path ... ok

test result: ok. 1 passed; 0 failed; 0 ignored; 0 measured; 0 filtered out; finished in 0.00s

     Running tests/dynamic_route_scope_resolver.rs (/workspace/scratch/0915e8fbff81/hibana-roll-color-target/debug/deps/dynamic_route_scope_resolver-803831edb9155a6c)

running 16 tests
test dropped_resolved_send_future_does_not_publish_runtime_evidence ... ok
test dynamic_resolution_seals_runtime_local_membership_before_evaluation ... ok
test left_decision_materializes_nested_parallel_arm_once ... ok
test maximum_resolver_id_runs_end_to_end ... ok
test nested_left_route_evaluates_outer_and_inner_resolvers_by_scope ... ok
test nested_outer_right_does_not_evaluate_inner_resolver ... ok
test nested_send_after_selected_prefix_audits_only_new_inner_decision ... ok
test resolved_route_send_calls_resolver_once_per_progress ... ok
test resolver_reject_does_not_encode_or_stage_send_payload ... ok
test right_decision_rejects_nested_parallel_left_arm ... ok
test same_atoms_and_resolver_rows_with_distinct_topology_keep_distinct_authority ... ok
test same_label_resolved_outbound_left_uses_left_schema ... ok
test same_label_resolved_outbound_right_uses_right_schema ... ok
test same_scope_and_resolver_id_in_distinct_programs_keep_distinct_authority ... ok
test same_scope_sites_with_distinct_resolver_ids_keep_distinct_authority ... ok
test stateful_send_resolver_is_not_evaluated_twice ... ok

test result: ok. 16 passed; 0 failed; 0 ignored; 0 measured; 0 filtered out; finished in 0.01s

     Running tests/huge_choreography_runtime.rs (/workspace/scratch/0915e8fbff81/hibana-roll-color-target/debug/deps/huge_choreography_runtime-9ec70e4b6e60d21d)

running 7 tests
test high_lane_route_runs_to_completion_on_actual_localside ... ok
test huge_choreography_shape_matrix_runs_to_completion_on_actual_localside ... ok
test huge_program_shape_matrix_projects_both_roles ... ok
test huge_programs_stay_on_direct_program_values ... ok
test lane_255_runs_to_completion_on_public_sessionkit_path ... ok
test over_256_globally_parallel_events_reuse_lanes_across_disjoint_roles ... ok
test over_256_ordered_inbound_occurrences_reuse_frame_labels_and_run ... ok

test result: ok. 7 passed; 0 failed; 0 ignored; 0 measured; 0 filtered out; finished in 0.52s

     Running tests/lane_lifecycle_tap.rs (/workspace/scratch/0915e8fbff81/hibana-roll-color-target/debug/deps/lane_lifecycle_tap-a5e48dfebceb3293)

running 10 tests
test distinct_session_or_role_endpoint_leases_can_coexist ... ok
test dropped_endpoint_lease_allows_same_session_role_to_reenter ... ok
test duplicate_live_session_role_endpoint_lease_fails_without_runtime_evidence ... ok
test lane_lifecycle_emits_acquire_and_release_taps ... ok
test lane_lifecycle_keeps_full_session_id_in_evidence ... ok
test new_tap_port_reads_all_runtime_events_before_wrap ... ok
test new_tap_port_reads_byte_budgeted_runtime_window_after_wrap ... ok
test poisoned_session_reenter_rejects_before_lane_lease_construction ... ok
test same_role_sessions_are_limited_by_endpoint_leases_not_role_domain ... ok
test same_session_role_on_different_rendezvous_is_mismatch ... ok

test result: ok. 10 passed; 0 failed; 0 ignored; 0 measured; 0 filtered out; finished in 0.00s

     Running tests/local_action.rs (/workspace/scratch/0915e8fbff81/hibana-roll-color-target/debug/deps/local_action-c05bbe5467a2e2c1)

running 4 tests
test local_action_flow_executes ... ok
test local_action_rejects_nonempty_encoder_claiming_unit_schema ... ok
test local_route_recv_accepts_only_empty_payload ... ok
test local_route_recv_rejects_non_empty_payload ... ok

test result: ok. 4 passed; 0 failed; 0 ignored; 0 measured; 0 filtered out; finished in 0.00s

     Running tests/miri_runtime_owner.rs (/workspace/scratch/0915e8fbff81/hibana-roll-color-target/debug/deps/miri_runtime_owner-94fc4fcc51be3d51)

running 28 tests
test callback_reentry::payload_encoding_callback_reentry_cannot_commit_after_peer_drop ... ok
test callback_reentry::payload_validation_callback_reentry_cannot_commit_after_peer_drop ... ok
test callback_reentry::resolver_callback_reentrant_attach_is_rejected_before_endpoint_image_read ... ok
test callback_reentry::resolver_callback_reentry_cannot_materialize_branch_after_peer_drop ... ok
test callback_reentry::resolver_callback_reentry_cannot_prepare_send_after_peer_drop ... ok
test callback_reentry::transport_cancel_callback_reentry_consumes_cleanup_authority_once ... ok
test callback_reentry::transport_open_reentry_cannot_publish_endpoint_into_poisoned_session ... ok
test callback_reentry::transport_recv_callback_reentry_cannot_commit_frame_after_peer_drop ... ok
test callback_reentry::transport_send_callback_reentry_cannot_commit_after_peer_drop ... ok
test displaced_waker_drop_reenters_only_after_endpoint_borrow_ends ... ok
test endpoint_drop_wakes_every_published_peer_waiter ... ok
test endpoint_waiter_survives_unrelated_growth_and_wakes_only_its_session ... ok
test failed_peer_attach_abort_keeps_existing_endpoint_live ... ok
test failed_resolver_growth_preserves_existing_registration_and_dispatch ... ok
test fatal_codec_error_retires_transport_handles_before_endpoint_drop ... ok
test payload_schema_mismatch_poison_session_without_publishing ... ok
test payload_schema_mismatch_precedes_receive_transport_poll ... ok
test pending_sends_do_not_borrow_shared_scratch_across_polls ... ok
test public_runtime_owner_stays_alias_clean_across_multiple_attaches ... ok
test receive_receipt_resolves_valid_borrowed_frame ... ok
test reentrant_wake_reloads_lease_root_after_peer_drop_compaction ... ok
test reentrant_waker_clone_fault_is_observed_before_endpoint_borrow ... ok
test resolver_registration_keeps_distinct_program_image_identity ... ok
test resolver_replacement_survives_sidecar_relocation_and_typed_dispatch ... ok
test session_generation_cannot_split_across_rendezvous_owners ... ok
test session_generation_rejects_mixed_program_images_before_mutation ... ok
test transport_callback_reentry_uses_lease_waiter_outside_endpoint_storage ... ok
test transport_handle_drop_cannot_reenter_partial_endpoint_drop ... ok

test result: ok. 28 passed; 0 failed; 0 ignored; 0 measured; 0 filtered out; finished in 0.01s

     Running tests/nested_route_runtime.rs (/workspace/scratch/0915e8fbff81/hibana-roll-color-target/debug/deps/nested_route_runtime-a4774326c674a0c7)

running 3 tests
test forgotten_started_offer_future_leaves_endpoint_fail_closed ... ok
test localside_branch_recv_sizes_stay_compact ... ok
test nested_branch_commit_stack ... ok

test result: ok. 3 passed; 0 failed; 0 ignored; 0 measured; 0 filtered out; finished in 0.00s

     Running tests/offer_branch_recv_evidence.rs (/workspace/scratch/0915e8fbff81/hibana-roll-color-target/debug/deps/offer_branch_recv_evidence-61e3521b9c076048)

running 11 tests
test branch_recv_transport_consumes_frame_once ... ok
test completed_offer_future_repoll_is_fail_fast_and_does_not_advance_again ... ok
test completed_route_recv_future_repoll_is_fail_fast_and_does_not_advance_again ... ok
test drop_public_preview_branch_preserves_offer_progression ... ok
test forgotten_route_branch_leaves_endpoint_fail_closed ... ok
test forgotten_route_recv_future_leaves_endpoint_fail_closed ... ok
test live_endpoint_branch_recv_survives_endpoint_lease_table_growth ... ok
test offer_headerless_demux_frame_fails_closed_not_pending ... ok
test offer_materialized_label_mismatch_fails_closed ... ok
test offer_requires_framed_receive_evidence_for_branch_demux ... ok
test schema_mismatch_in_public_route_recv_poisons_same_generation ... ok

test result: ok. 11 passed; 0 failed; 0 ignored; 0 measured; 0 filtered out; finished in 0.01s

     Running tests/parallel_route_alternating.rs (/workspace/scratch/0915e8fbff81/hibana-roll-color-target/debug/deps/parallel_route_alternating-f6c56eabf5d9a47d)

running 3 tests
test alternating_route_parallel_join_uses_only_selected_arms ... ok
test completed_same_lane_prefix_does_not_hide_fresh_sibling_offer ... ok
test fresh_sibling_still_requires_its_installation_prefix ... ok

test result: ok. 3 passed; 0 failed; 0 ignored; 0 measured; 0 filtered out; finished in 0.01s

     Running tests/parallel_route_nesting.rs (/workspace/scratch/0915e8fbff81/hibana-roll-color-target/debug/deps/parallel_route_nesting-d8f5c74d6de5efb5)

running 8 tests
test independent_rolled_admission_send_is_enabled_while_abi_input_is_quiet ... ok
test nested_parallel_join_commits_post_after_sibling_first_completion ... ok
test nested_parallel_join_requires_every_dependency_before_post ... ok
test outer_left_selection_kills_nested_right_route_and_parallel_body ... ok
test route_inside_parallel_lane_cannot_release_join_before_sibling_lane ... ok
test route_selected_left_keeps_entire_nested_parallel_path_live ... ok
test unselected_route_arm_parallel_events_are_dead_and_not_join_obligations ... ok
test unselected_route_arm_parallel_events_do_not_block_parallel_join ... ok

test result: ok. 8 passed; 0 failed; 0 ignored; 0 measured; 0 filtered out; finished in 0.01s

     Running tests/program_capacity_regression.rs (/workspace/scratch/0915e8fbff81/hibana-roll-color-target/debug/deps/program_capacity_regression-7c55b587bb2026e2)

running 1 test
test public_route_program_capacity_exceeds_segment_marker_shortcut ... ok

test result: ok. 1 passed; 0 failed; 0 ignored; 0 measured; 0 filtered out; finished in 0.00s

     Running tests/rolled_resolver_reentry.rs (/workspace/scratch/0915e8fbff81/hibana-roll-color-target/debug/deps/rolled_resolver_reentry-ac56ed27c155476b)

running 13 tests
test rolled_deep_left_spine_passive_offer_reenters_across_all_depths ... ok
test rolled_deep_right_spine_passive_offer_reenters_across_all_depths ... ok
test rolled_mirrored_nested_resolved_route_reenters_asymmetric_paths ... ok
test rolled_mirrored_nested_resolved_route_reenters_passive_offer_asymmetric_paths ... ok
test rolled_nested_resolved_route_reenters_asymmetric_paths ... ok
test rolled_nested_resolved_route_reenters_passive_offer_asymmetric_paths ... ok
test rolled_parallel_resolved_routes_reenter_after_both_lanes_settle ... ok
test rolled_resolved_route_par_seq_route_roll_mixed_corpus_reenters_by_scope ... ok
test rolled_resolved_route_par_seq_route_roll_mixed_right_corpus_reenters_by_scope ... ok
test rolled_resolved_route_preserves_buffered_decision_order ... ok
test rolled_resolved_route_reenters_left_right_left_rows ... ok
test rolled_resolved_route_reenters_passive_offer_left_right_left ... ok
test rolled_resolved_same_label_reenters_with_selected_schema ... ok

test result: ok. 13 passed; 0 failed; 0 ignored; 0 measured; 0 filtered out; finished in 0.05s

     Running tests/route_branch_send.rs (/workspace/scratch/0915e8fbff81/hibana-roll-color-target/debug/deps/route_branch_send-2ccae1678b2afa00)

running 6 tests
test branch_first_step_operation_mismatch_is_fail_closed ... ok
test dropped_branch_send_future_restores_offer_preview ... ok
test full_u8_role_domain_route_roll_runs_without_role_domain_storage ... ok
test rolled_route_does_not_wait_for_roles_absent_from_local_runtime ... ok
test rolled_route_pipelines_next_decision_before_receiver_observes ... ok
test send_start_route_completes_without_dropping_branch_preview ... ok

test result: ok. 6 passed; 0 failed; 0 ignored; 0 measured; 0 filtered out; finished in 0.00s

     Running tests/route_multiphase_progress_arm.rs (/workspace/scratch/0915e8fbff81/hibana-roll-color-target/debug/deps/route_multiphase_progress_arm-1fafa9255f22ed6f)

running 1 test
test route_arm_future_phase_blocks_post_route_send ... ok

test result: ok. 1 passed; 0 failed; 0 ignored; 0 measured; 0 filtered out; finished in 0.00s

     Running tests/route_multiphase_progress_inner.rs (/workspace/scratch/0915e8fbff81/hibana-roll-color-target/debug/deps/route_multiphase_progress_inner-fd4dd18e8f9ffded)

running 1 test
test inner_route_completion_does_not_exit_outer_route_early ... ok

test result: ok. 1 passed; 0 failed; 0 ignored; 0 measured; 0 filtered out; finished in 0.00s

     Running tests/route_with_internal_parallel.rs (/workspace/scratch/0915e8fbff81/hibana-roll-color-target/debug/deps/route_with_internal_parallel-5797fcb087169d06)

running 1 test
test selected_route_arm_materializes_lanes_inside_parallel_body ... ok

test result: ok. 1 passed; 0 failed; 0 ignored; 0 measured; 0 filtered out; finished in 0.01s

     Running tests/security_report_regressions.rs (/workspace/scratch/0915e8fbff81/hibana-roll-color-target/debug/deps/security_report_regressions-c25d02f3784cb717)

running 14 tests
test a_conforming_controller_cannot_send_opposite_arms_to_two_peers ... ok
test fabricated_carrier_provenance_is_not_a_byzantine_agreement_guarantee ... ok
test parallel_arms_remain_independent_after_the_sequential_input ... ok
test reentry_colors::completed_elastic_roll_and_current_route_have_unambiguous_wire_identity ... ok
test reentry_colors::elastic_continuation_offer_preserves_pending_and_dropped_preview ... ok
test reentry_colors::genuine_old_elastic_reentry_preserves_the_current_continuation ... ok
test reentry_colors::queued_current_packet_cannot_be_consumed_as_an_old_logical_type ... ok
test rolled_routes::nested_three_result_route_reenters_after_a_fresh_request ... ok
test rolled_routes::phase_packet_cannot_reenter_a_previous_unchosen_suffix ... ok
test rolled_routes::rolled_adjacent_offer_cannot_skip_the_first_route ... ok
test rolled_routes::rolled_adjacent_offer_rejects_wrong_source_lane_or_frame_color ... ok
test rolled_routes::rolled_adjacent_offers_accept_each_sibling_arm_without_an_extra_ack ... ok
test sequential_receive_cannot_select_the_later_lane_first ... ok
test sequential_send_cannot_select_the_later_lane_first ... ok

test result: ok. 14 passed; 0 failed; 0 ignored; 0 measured; 0 filtered out; finished in 0.03s

     Running tests/send_route_authority.rs (/workspace/scratch/0915e8fbff81/hibana-roll-color-target/debug/deps/send_route_authority-94c15aefba02041d)

running 2 tests
test dropping_pending_resolved_send_future_does_not_publish_success_evidence ... ok
test five_nested_resolved_send_uses_route_rows_without_fixed_proof_cap ... ok

test result: ok. 2 passed; 0 failed; 0 ignored; 0 measured; 0 filtered out; finished in 0.00s

     Running tests/tap_resolver_audit.rs (/workspace/scratch/0915e8fbff81/hibana-roll-color-target/debug/deps/tap_resolver_audit-4908f4652352efcb)

running 5 tests
test dynamic_resolver_reject_is_ready_error_with_one_audit ... ok
test dynamic_resolver_success_emits_one_reversible_audit ... ok
test endpoint_events_do_not_emit_resolver_audit_and_retain_latest_twenty_one ... ok
test nested_route_runtime_emits_distinct_route_selection_sites ... ok
test reused_resolver_id_keeps_route_site_in_audit ... ok

test result: ok. 5 passed; 0 failed; 0 ignored; 0 measured; 0 filtered out; finished in 0.01s

     Running tests/ui.rs (/workspace/scratch/0915e8fbff81/hibana-roll-color-target/debug/deps/ui-5361a65ad3ba034d)

running 1 test
test g_compile_fails ...    Compiling hibana-tests v0.0.0 (/workspace/scratch/0915e8fbff81/hibana-roll-color-target/tests/trybuild/hibana)
    Finished `dev` profile [unoptimized] target(s) in 0.05s


test tests/ui/g-efflist-deref.rs [should fail to compile] ... ok
test tests/ui/g-resolver-data-send.rs [should fail to compile] ... ok
test tests/ui/g-self-send-non-unit.rs [should fail to compile] ... ok
test tests/ui/g-roleprogram-witness-mismatch.rs [should fail to compile] ... ok
test tests/ui/g-receive-lane-multiple-senders.rs [should fail to compile] ... ok
test tests/ui/g-receive-lane-parallel-false-causality.rs [should fail to compile] ... ok
test tests/ui/g-receive-lane-route-false-causality.rs [should fail to compile] ... ok
test tests/ui/g-roll-reentry-false-causality.rs [should fail to compile] ... ok
test tests/ui/g-roll-route-cross-iteration-causality.rs [should fail to compile] ... ok
test tests/ui/g-roll-same-label-distinct-inbound-evidence.rs [should fail to compile] ... ok
test tests/ui/g-par-ambiguous-endpoint-op.rs [should fail to compile] ... ok
test tests/ui/g-roll-ambiguous-reentry-exit-outbound.rs [should fail to compile] ... ok
test tests/ui/g-route-passive-first-visible-ambiguous.rs [should fail to compile] ... ok
test tests/ui/g-route-one-sided-observer.rs [should fail to compile] ... ok
test tests/ui/g-route-passive-outbound-without-evidence.rs [should fail to compile] ... ok
test tests/ui/g-route-roll-one-sided-observer.rs [should fail to compile] ... ok
test tests/ui/g-route-controller-mismatch.rs [should fail to compile] ... ok
test tests/ui/g-route-resolved-cross-arm-distinct-senders.rs [should fail to compile] ... ok
test tests/ui/g-route-roll-before-resolve.rs [should fail to compile] ... ok
test tests/ui/g-route-unprojectable.rs [should fail to compile] ... ok
test tests/ui/g-typed-route-duplicate-label-project.rs [should fail to compile] ... ok
test tests/ui/g-message-without-wire-contract.rs [should fail to compile] ... ok
test tests/ui-pass/g-par-many.rs [should pass] ... ok
test tests/ui-pass/g-par-same-role-auto-lanes.rs [should pass] ... ok
test tests/ui-pass/g-par-same-label-distinct-local-endpoints.rs [should pass] ... ok
test tests/ui-pass/g-par-same-label-distinct-outbound-schema.rs [should pass] ... ok
test tests/ui-pass/g-par-same-label-distinct-inbound-evidence.rs [should pass] ... ok
test tests/ui-pass/g-par-same-label-distinct-inbound-same-endpoint.rs [should pass] ... ok
test tests/ui-pass/g-session-template-instances.rs [should pass] ... ok
test tests/ui-pass/g-receive-lane-causal-handoff.rs [should pass] ... ok
test tests/ui-pass/g-roll-reentry-causal-handoff.rs [should pass] ... ok
test tests/ui-pass/g-roll-route-cross-iteration-handoff.rs [should pass] ... ok
test tests/ui-pass/g-route-first-visible-passive-dispatch.rs [should pass] ... ok
test tests/ui-pass/g-route-intrinsic-passive-same-label-frame-evidence.rs [should pass] ... ok
test tests/ui-pass/g-route-merged.rs [should pass] ... ok
test tests/ui-pass/g-route-resolver-scope-nested-par.rs [should pass] ... ok
test tests/ui-pass/g-route-resolved-cross-arm-same-label.rs [should pass] ... ok
test tests/ui-pass/g-route-resolved-cross-arm-same-endpoint-op.rs [should pass] ... ok
test tests/ui-pass/g-route-resolved-cross-arm-overlap-after-left-par.rs [should pass] ... ok
test tests/ui-pass/g-route-resolved-intra-arm-distinct-inbound-evidence.rs [should pass] ... ok
test tests/ui-pass/g-route-resolved-nested-roll-same-endpoint-op.rs [should pass] ... ok
test tests/ui-pass/g-route-static-basic.rs [should pass] ... ok
test tests/ui-pass/g-route-static-prefix-local.rs [should pass] ... ok
test tests/ui-pass/g-route-static-prefix-send.rs [should pass] ... ok
test tests/ui-pass/local_let_program_inference.rs [should pass] ... ok
test tests/ui-pass/local_let_prefix_facade_composition.rs [should pass] ... ok
test tests/ui-pass/local_project_without_public_steps.rs [should pass] ... ok
test tests/ui-pass/role_program_lifetime_free.rs [should pass] ... ok
test tests/ui-pass/readme-route-example.rs [should pass] ... ok
test tests/ui-pass/runtime-transport-recv-frame.rs [should pass] ... ok
test tests/ui-pass/endpoint_transport_erased.rs [should pass] ... ok
test tests/ui-pass/g-generic-role-ids.rs [should pass] ... ok
test tests/ui-pass/g-full-role-domain.rs [should pass] ... ok
test tests/ui-pass/resolver-state-unit.rs [should pass] ... ok
test tests/ui-pass/resolver-wrapper-decide.rs [should pass] ... ok
test tests/ui/runtime-storage-removed.rs [should fail to compile] ... ok
test tests/ui/runtime-config-removed.rs [should fail to compile] ... ok
test tests/ui/runtime-eff-index-removed.rs [should fail to compile] ... ok
test tests/ui/runtime-session-id-field-private.rs [should fail to compile] ... ok
test tests/ui/runtime-ingress-evidence-private.rs [should fail to compile] ... ok
test tests/ui/runtime-received-frame-evidence-private.rs [should fail to compile] ... ok
test tests/ui/runtime-decision-arm-index-private.rs [should fail to compile] ... ok
test tests/ui/runtime-tap-event-fields-private.rs [should fail to compile] ... ok
test tests/ui/runtime-tap-derived-helpers-private.rs [should fail to compile] ... ok
test tests/ui/runtime-frame-header-peer-role-removed.rs [should fail to compile] ... ok
test tests/ui/runtime-frame-label-new-private.rs [should fail to compile] ... ok
test tests/ui/runtime-transport-error-associated-type-removed.rs [should fail to compile] ... ok
test tests/ui/runtime-transport-custom-error-return-removed.rs [should fail to compile] ... ok
test tests/ui/runtime-outgoing-peer-removed.rs [should fail to compile] ... ok
test tests/ui/runtime-session-kit-storage-max-rv-removed.rs [should fail to compile] ... ok
test tests/ui/runtime-fluent-session-removed.rs [should fail to compile] ... ok
test tests/ui/runtime-fluent-role-removed.rs [should fail to compile] ... ok
test tests/ui/runtime-fluent-witness-types-removed.rs [should fail to compile] ... ok
test tests/ui/public_step_name_import.rs [should fail to compile] ... ok
test tests/ui/public_compile_link_boundary.rs [should fail to compile] ... ok
test tests/ui/public_fragment_boundary.rs [should fail to compile] ... ok
test tests/ui/port-open-constructor.rs [should fail to compile] ... ok
test tests/ui/route-branch-decode-removed.rs [should fail to compile] ... ok
test tests/ui/route-recv-borrow-endpoint-alias.rs [should fail to compile] ... ok
test tests/ui/recv-borrow-endpoint-alias.rs [should fail to compile] ... ok
test tests/ui/route-branch-double-recv.rs [should fail to compile] ... ok
test tests/ui/send-future-endpoint-alias.rs [should fail to compile] ... ok
test tests/ui/endpoint-result-removed.rs [should fail to compile] ... ok
test tests/ui/endpoint-error-operation-removed.rs [should fail to compile] ... ok
test tests/ui/attach-error-operation-removed.rs [should fail to compile] ... ok
test tests/ui/resolver-error-operation-removed.rs [should fail to compile] ... ok
test tests/ui/resolver-decision-fn-removed.rs [should fail to compile] ... ok
test tests/ui/resolver-decision-resolution-removed.rs [should fail to compile] ... ok
test tests/ui/resolver-evaluate-removed.rs [should fail to compile] ... ok
test tests/ui/resolver-resolve-decision-private.rs [should fail to compile] ... ok


ok

test result: ok. 1 passed; 0 failed; 0 ignored; 0 measured; 0 filtered out; finished in 6.82s

     Running tests/visible_route_reentry.rs (/workspace/scratch/0915e8fbff81/hibana-roll-color-target/debug/deps/visible_route_reentry-991022dc0f27e289)

running 37 tests
test completed_long_route_arm_reenters_without_visit_capacity_abort ... ok
test nested_roll_scopes_reenter_inner_until_outer_scope_completes ... ok
test nested_rolled_route_reenters_before_outer_body_continues ... ok
test rolled_balanced_route_repeated_label_seq_arm_keeps_continuation ... ok
test rolled_left_route_left_route_par_seq_route_roll_mixed_reentry_keeps_single_authority ... ok
test rolled_left_spine_offer_enters_rightmost_arm ... ok
test rolled_left_spine_offer_reenters_deep_left_arm_once ... ok
test rolled_left_spine_offer_reenters_inner_right_arm ... ok
test rolled_left_spine_offer_reenters_repeated_deep_leftmost_arm ... ok
test rolled_left_spine_reenters_repeated_deep_leftmost_arm ... ok
test rolled_nested_left_route_repeated_label_seq_arm_keeps_continuation ... ok
test rolled_nested_right_route_repeated_label_seq_arm_keeps_continuation ... ok
test rolled_nested_right_route_seq_arm_keeps_send_authority_for_continuation ... ok
test rolled_nested_route_reenters_to_sibling_nested_arm ... ok
test rolled_par_left_route_roll_arm_reenters_before_parallel_sibling_settles ... ok
test rolled_par_reenters_only_after_both_lanes_settle ... ok
test rolled_par_right_route_roll_arm_reenters_before_parallel_sibling_settles ... ok
test rolled_right_spine_offer_reenters_repeated_deep_rightmost_arm ... ok
test rolled_right_spine_offer_reenters_through_left_chain ... ok
test rolled_right_spine_reenters_repeated_deep_rightmost_arm ... ok
test rolled_right_spine_rejects_deep_response_without_reentered_request ... ok
test rolled_route_left_par_roll_arm_exits_after_parallel_settles_without_probe ... ok
test rolled_route_left_par_roll_arm_reenters_only_after_parallel_settles ... ok
test rolled_route_left_repeated_label_seq_arm_keeps_continuation ... ok
test rolled_route_left_seq_arm_keeps_send_authority_for_continuation ... ok
test rolled_route_left_seq_roll_arm_reenters_inner_before_tail ... ok
test rolled_route_reenters_from_completed_outer_arm_to_deep_nested_arm ... ok
test rolled_route_reenters_from_left_arm_to_nested_right_arm ... ok
test rolled_route_right_par_roll_arm_reenters_only_after_parallel_settles ... ok
test rolled_route_right_seq_arm_keeps_send_authority_for_continuation ... ok
test rolled_route_right_seq_roll_arm_reenters_inner_before_tail ... ok
test rolled_route_route_par_seq_route_roll_mixed_reentry_keeps_single_authority ... ok
test rolled_seq_reenters_by_repeated_head_without_loop_control ... ok
test rolled_seq_route_roll_head_reenters_before_seq_tail_and_outer_exit ... ok
test wasi_shape_rolled_route_seq_arm_keeps_send_authority_for_continuation ... ok
test wasi_shape_rolled_route_seq_arm_survives_prior_sibling_arms ... ok
test wasi_shape_rolled_route_seq_arm_survives_prompt_read_after_open_selector ... ok

test result: ok. 37 passed; 0 failed; 0 ignored; 0 measured; 0 filtered out; finished in 0.30s

     Running ../../tests/docs_surface.rs (/workspace/scratch/0915e8fbff81/hibana-roll-color-target/debug/deps/docs_surface-58c50ea61a8c159e)

running 16 tests
test canonical_docs_are_readme_and_crate_docs_only ... ok
test core_repo_keeps_cross_repo_harness_outside_tree ... ok
test crate_root_docs_do_not_regrow_internal_buckets ... ok
test crate_root_docs_keep_descriptor_first_control_story ... ok
test docs_do_not_regrow_forbidden_attach_api ... ok
test docs_route_protocol_invisible_liveness_to_transport_errors ... ok
test lean_verification_guide_stays_public_and_repository_scoped ... ok
test onboarding_links_one_gated_runnable_example_without_copying_it ... ok
test projection_constructor_stays_on_canonical_call_shape ... ok
test protocol_docs_keep_route_choice_and_receive_evidence_out_of_control_vocabulary ... ok
test public_docs_do_not_expose_internal_storage_vocabulary ... ok
test quality_gates_do_not_directly_execute_non_executable_scripts ... ok
test readme_covers_role_protocol_and_integration_without_a_second_guide ... ok
test readme_keeps_ingress_demux_under_transport ... ok
test readme_stays_self_contained_and_hibana_scoped ... ok
test transport_docs_do_not_reference_private_runtime_storage ... ok

test result: ok. 16 passed; 0 failed; 0 ignored; 0 measured; 0 filtered out; finished in 0.04s

     Running ../../tests/local_only_hygiene.rs (/workspace/scratch/0915e8fbff81/hibana-roll-color-target/debug/deps/local_only_hygiene-8fe2c1203a806ee1)

running 3 tests
test huge_runtime_helpers_do_not_use_generic_sync_cells ... ok
test local_cell_helper_stays_forbidden ... ok
test tests_do_not_define_static_local_cell_state ... ok

test result: ok. 3 passed; 0 failed; 0 ignored; 0 measured; 0 filtered out; finished in 0.01s

     Running ../../tests/no_default_rodata.rs (/workspace/scratch/0915e8fbff81/hibana-roll-color-target/debug/deps/no_default_rodata-83762654b66acb68)

running 1 test
test no_default_no_source_path_rodata ... FAILED

failures:

---- no_default_no_source_path_rodata stdout ----

thread 'no_default_no_source_path_rodata' (1052) panicked at .github/repo-tests/../../tests/no_default_rodata.rs:76:10:
rustup target list: Os { code: 2, kind: NotFound, message: "No such file or directory" }
note: run with `RUST_BACKTRACE=1` environment variable to display a backtrace


failures:
    no_default_no_source_path_rodata

test result: FAILED. 0 passed; 1 failed; 0 ignored; 0 measured; 0 filtered out; finished in 0.00s

error: test failed, to rerun pass `-p hibana-repo-tests --test no_default_rodata`
