CASE offer prepoll=false
c Install: OK
o Install: OK
o Installed: OK
c Installed: OK
c PeerReady: OK
DIAGNOSTIC observed current=2 key=InboundFrameKey { source_role: 0, lane: 0, frame_label: 1 }
DIAGNOSTIC matched descriptor idx=3 meta=RecvMeta { eff_index: EffIndex(3), peer: 0, label: 42, payload_schema: 16777232, frame_label: 1, semantic: ProtocolEvent, origin: User, next: 4, scope: ScopeId(1), route_scope: ScopeId(1), route_arm: Some(1), choice: Determinant, lane: 0 }
DIAGNOSTIC event enabled idx=3
DIAGNOSTIC scope candidate idx=3 scope=Some(ScopeId(1))
DIAGNOSTIC matched descriptor idx=7 meta=RecvMeta { eff_index: EffIndex(7), peer: 0, label: 72, payload_schema: 16777232, frame_label: 1, semantic: ProtocolEvent, origin: User, next: 8, scope: ScopeId(4), route_scope: ScopeId(4), route_arm: Some(1), choice: Determinant, lane: 0 }
o offer PeerReady: OK
o PeerReady: OK
o Ready: OK
DIAGNOSTIC observed current=4 key=InboundFrameKey { source_role: 1, lane: 0, frame_label: 0 }
DIAGNOSTIC matched descriptor idx=1 meta=RecvMeta { eff_index: EffIndex(1), peer: 1, label: 41, payload_schema: 16777232, frame_label: 0, semantic: ProtocolEvent, origin: User, next: 2, scope: ScopeId(65535), route_scope: ScopeId(65535), route_arm: None, choice: Ordinary, lane: 0 }
DIAGNOSTIC matched descriptor idx=4 meta=RecvMeta { eff_index: EffIndex(4), peer: 1, label: 78, payload_schema: 16777232, frame_label: 0, semantic: ProtocolEvent, origin: User, next: 5, scope: ScopeId(2), route_scope: ScopeId(2), route_arm: Some(0), choice: Determinant, lane: 0 }
DIAGNOSTIC event enabled idx=4
DIAGNOSTIC scope candidate idx=4 scope=Some(ScopeId(2))
c offer Ready: OK
Ready label=78
c Ready: OK
c ResultTaken: OK
o ResultTaken: OK
c Open: OK
DIAGNOSTIC observed current=6 key=InboundFrameKey { source_role: 0, lane: 0, frame_label: 0 }
DIAGNOSTIC matched descriptor idx=0 meta=RecvMeta { eff_index: EffIndex(0), peer: 0, label: 40, payload_schema: 16777232, frame_label: 0, semantic: ProtocolEvent, origin: User, next: 1, scope: ScopeId(65535), route_scope: ScopeId(65535), route_arm: None, choice: Ordinary, lane: 0 }
DIAGNOSTIC matched descriptor idx=2 meta=RecvMeta { eff_index: EffIndex(2), peer: 0, label: 52, payload_schema: 16777232, frame_label: 0, semantic: ProtocolEvent, origin: User, next: 3, scope: ScopeId(1), route_scope: ScopeId(1), route_arm: Some(0), choice: Determinant, lane: 0 }
DIAGNOSTIC event enabled idx=2
DIAGNOSTIC scope candidate idx=2 scope=Some(ScopeId(1))
DIAGNOSTIC matched descriptor idx=5 meta=RecvMeta { eff_index: EffIndex(5), peer: 0, label: 71, payload_schema: 16777232, frame_label: 0, semantic: ProtocolEvent, origin: User, next: 6, scope: ScopeId(2), route_scope: ScopeId(2), route_arm: Some(0), choice: Determinant, lane: 0 }
DIAGNOSTIC matched descriptor idx=6 meta=RecvMeta { eff_index: EffIndex(6), peer: 0, label: 55, payload_schema: 16777232, frame_label: 0, semantic: ProtocolEvent, origin: User, next: 7, scope: ScopeId(4), route_scope: ScopeId(4), route_arm: Some(0), choice: Determinant, lane: 0 }
DIAGNOSTIC event enabled idx=6
DIAGNOSTIC scope candidate idx=6 scope=Some(ScopeId(4))
DIAGNOSTIC PhaseInvariant src/endpoint/kernel/offer/select_observed.rs:92
RESULT offer prepoll=false: Err("o offer Open: EndpointError { operation: \"offer\", kind: PhaseInvariant }")
CASE control_typed prepoll=false
c Install: OK
o Install: OK
o Installed: OK
c Installed: OK
c PeerReady: OK
DIAGNOSTIC observed current=2 key=InboundFrameKey { source_role: 0, lane: 0, frame_label: 1 }
DIAGNOSTIC matched descriptor idx=3 meta=RecvMeta { eff_index: EffIndex(3), peer: 0, label: 42, payload_schema: 16777232, frame_label: 1, semantic: ProtocolEvent, origin: User, next: 4, scope: ScopeId(1), route_scope: ScopeId(1), route_arm: Some(1), choice: Determinant, lane: 0 }
DIAGNOSTIC event enabled idx=3
DIAGNOSTIC scope candidate idx=3 scope=Some(ScopeId(1))
DIAGNOSTIC matched descriptor idx=7 meta=RecvMeta { eff_index: EffIndex(7), peer: 0, label: 72, payload_schema: 16777232, frame_label: 1, semantic: ProtocolEvent, origin: User, next: 8, scope: ScopeId(4), route_scope: ScopeId(4), route_arm: Some(1), choice: Determinant, lane: 0 }
o offer PeerReady: OK
o PeerReady: OK
o Ready: OK
DIAGNOSTIC observed current=4 key=InboundFrameKey { source_role: 1, lane: 0, frame_label: 0 }
DIAGNOSTIC matched descriptor idx=1 meta=RecvMeta { eff_index: EffIndex(1), peer: 1, label: 41, payload_schema: 16777232, frame_label: 0, semantic: ProtocolEvent, origin: User, next: 2, scope: ScopeId(65535), route_scope: ScopeId(65535), route_arm: None, choice: Ordinary, lane: 0 }
DIAGNOSTIC matched descriptor idx=4 meta=RecvMeta { eff_index: EffIndex(4), peer: 1, label: 78, payload_schema: 16777232, frame_label: 0, semantic: ProtocolEvent, origin: User, next: 5, scope: ScopeId(2), route_scope: ScopeId(2), route_arm: Some(0), choice: Determinant, lane: 0 }
DIAGNOSTIC event enabled idx=4
DIAGNOSTIC scope candidate idx=4 scope=Some(ScopeId(2))
c offer Ready: OK
Ready label=78
c Ready: OK
c ResultTaken: OK
o ResultTaken: OK
c Open: OK
o typed Open: OK
RESULT control_typed prepoll=false: Ok(())
