
running 12 tests
test a_conforming_controller_cannot_send_opposite_arms_to_two_peers ... ok
test fabricated_carrier_provenance_is_not_a_byzantine_agreement_guarantee ... ok
test parallel_arms_remain_independent_after_the_sequential_input ... ok
test reentry_colors::completed_elastic_roll_and_current_route_have_unambiguous_wire_identity ... FAILED
test reentry_colors::elastic_continuation_offer_preserves_pending_and_dropped_preview ... FAILED
test rolled_routes::nested_three_result_route_reenters_after_a_fresh_request ... ok
test rolled_routes::phase_packet_cannot_reenter_a_previous_unchosen_suffix ... ok
test rolled_routes::rolled_adjacent_offer_cannot_skip_the_first_route ... ok
test rolled_routes::rolled_adjacent_offer_rejects_wrong_source_lane_or_frame_color ... ok
test rolled_routes::rolled_adjacent_offers_accept_each_sibling_arm_without_an_extra_ack ... ok
test sequential_receive_cannot_select_the_later_lane_first ... ok
test sequential_send_cannot_select_the_later_lane_first ... ok

failures:

---- reentry_colors::completed_elastic_roll_and_current_route_have_unambiguous_wire_identity stdout ----

thread 'reentry_colors::completed_elastic_roll_and_current_route_have_unambiguous_wire_identity' (48) panicked at hibana-roll-color-fix/tests/security_report_regressions/reentry_colors.rs:100:42:
called `Result::unwrap()` on an `Err` value: EndpointError { operation: "offer", kind: PhaseInvariant }
note: run with `RUST_BACKTRACE=1` environment variable to display a backtrace

---- reentry_colors::elastic_continuation_offer_preserves_pending_and_dropped_preview stdout ----

thread 'reentry_colors::elastic_continuation_offer_preserves_pending_and_dropped_preview' (49) panicked at hibana-roll-color-fix/tests/security_report_regressions/reentry_colors.rs:96:47:
called `Result::unwrap()` on an `Err` value: EndpointError { operation: "offer", kind: PhaseInvariant }


failures:
    reentry_colors::completed_elastic_roll_and_current_route_have_unambiguous_wire_identity
    reentry_colors::elastic_continuation_offer_preserves_pending_and_dropped_preview

test result: FAILED. 10 passed; 2 failed; 0 ignored; 0 measured; 0 filtered out; finished in 0.03s

