   Compiling proc-macro2 v1.0.103
   Compiling unicode-ident v1.0.20
   Compiling quote v1.0.41
   Compiling syn v2.0.108
   Compiling serde_core v1.0.228
   Compiling libc v0.2.177
   Compiling memchr v2.7.6
   Compiling futures-core v0.3.31
   Compiling pin-project-lite v0.2.16
   Compiling futures-sink v0.3.31
   Compiling futures-channel v0.3.31
   Compiling futures-macro v0.3.31
   Compiling futures-task v0.3.31
   Compiling serde_json v1.0.145
   Compiling futures-io v0.3.31
   Compiling winnow v0.7.13
   Compiling target-triple v0.1.4
   Compiling pin-utils v0.1.0
   Compiling serde v1.0.228
   Compiling slab v0.4.11
   Compiling futures-util v0.3.31
   Compiling toml_parser v1.0.4
   Compiling serde_spanned v1.0.3
   Compiling toml_datetime v0.7.3
   Compiling ryu v1.0.20
   Compiling itoa v1.0.15
   Compiling toml_writer v1.0.4
   Compiling toml v0.9.8
   Compiling futures-executor v0.3.31
   Compiling socket2 v0.6.2
   Compiling mio v1.1.0
   Compiling tokio-macros v2.6.0
   Compiling serde_derive v1.0.228
   Compiling bytes v1.11.1
   Compiling termcolor v1.4.1
   Compiling glob v0.3.3
   Compiling trybuild v1.0.112
   Compiling tokio v1.48.0
   Compiling futures v0.3.31
   Compiling static_assertions v1.1.0
   Compiling hibana v0.9.6 (/workspace/scratch/0915e8fbff81/hibana-roll-color-fix)
    Finished `test` profile [unoptimized] target(s) in 22.69s
     Running tests/security_report_regressions.rs (/workspace/scratch/0915e8fbff81/hibana-roll-color-target/debug/deps/security_report_regressions-c25d02f3784cb717)

running 14 tests
test a_conforming_controller_cannot_send_opposite_arms_to_two_peers ... ok
test fabricated_carrier_provenance_is_not_a_byzantine_agreement_guarantee ... ok
test parallel_arms_remain_independent_after_the_sequential_input ... ok
test reentry_colors::completed_elastic_roll_and_current_route_have_unambiguous_wire_identity ... ok
test reentry_colors::elastic_continuation_offer_preserves_pending_and_dropped_preview ... ok
test reentry_colors::genuine_old_elastic_reentry_preserves_the_current_continuation ... ok
test reentry_colors::queued_current_packet_cannot_be_consumed_as_an_old_logical_type ... ok
test rolled_routes::nested_three_result_route_reenters_after_a_fresh_request ... ok
test rolled_routes::phase_packet_cannot_reenter_a_previous_unchosen_suffix ... FAILED
test rolled_routes::rolled_adjacent_offer_cannot_skip_the_first_route ... ok
test rolled_routes::rolled_adjacent_offer_rejects_wrong_source_lane_or_frame_color ... ok
test rolled_routes::rolled_adjacent_offers_accept_each_sibling_arm_without_an_extra_ack ... ok
test sequential_receive_cannot_select_the_later_lane_first ... ok
test sequential_send_cannot_select_the_later_lane_first ... ok

failures:

---- rolled_routes::phase_packet_cannot_reenter_a_previous_unchosen_suffix stdout ----

thread 'rolled_routes::phase_packet_cannot_reenter_a_previous_unchosen_suffix' (743) panicked at tests/security_report_regressions/rolled_routes.rs:127:13:
assertion `left == right` failed
  left: (0, 3)
 right: (0, 9)
note: run with `RUST_BACKTRACE=1` environment variable to display a backtrace


failures:
    rolled_routes::phase_packet_cannot_reenter_a_previous_unchosen_suffix

test result: FAILED. 13 passed; 1 failed; 0 ignored; 0 measured; 0 filtered out; finished in 0.04s

error: test failed, to rerun pass `--test security_report_regressions`
