warning: unreachable pattern
   --> /workspace/hibana-quic/src/connection/recovery.rs:256:95
    |
256 |     match level { Level::Initial => Ok(0), Level::Handshake => Ok(1), Level::OneRtt => Ok(2), _ => Err(Error::UnsupportedLevel) }
    |                                                                                               ^ no value can reach this
    |
note: multiple earlier patterns match some of the same values
   --> /workspace/hibana-quic/src/connection/recovery.rs:256:95
    |
256 |     match level { Level::Initial => Ok(0), Level::Handshake => Ok(1), Level::OneRtt => Ok(2), _ => Err(Error::UnsupportedLevel) }
    |                   --------------           ----------------           -------------           ^ collectively making this unreachable
    |                   |                        |                          |
    |                   |                        |                          matches some of the same values
    |                   |                        matches some of the same values
    |                   matches some of the same values
    = note: `#[warn(unreachable_patterns)]` (part of `#[warn(unused)]`) on by default

warning: method `into_directional` is never used
   --> /workspace/hibana-quic/src/crypto.rs:519:19
    |
515 | impl ApplicationKeys {
    | -------------------- method in this implementation
...
519 |     pub(crate) fn into_directional<'a>(
    |                   ^^^^^^^^^^^^^^^^
    |
    = note: `#[warn(dead_code)]` (part of `#[warn(unused)]`) on by default

warning: method `install_existing` is never used
   --> /workspace/hibana-quic/src/crypto/directional.rs:107:19
    |
 66 | impl<'a> ApplicationKeyInstallation<'a> {
    | --------------------------------------- method in this implementation
...
107 |     pub(crate) fn install_existing(self, keys: ApplicationKeys)
    |                   ^^^^^^^^^^^^^^^^

warning: associated function `from_confirmed` is never used
   --> /workspace/hibana-quic/src/crypto/directional.rs:155:19
    |
149 | impl<'a> ScopedHandshakeConfirmation<'a> {
    | ---------------------------------------- associated function in this implementation
...
155 |     pub(crate) fn from_confirmed(scope: &'a ApplicationKeyScope, confirmation: HandshakeConfirmation)
    |                   ^^^^^^^^^^^^^^

warning: associated function `from_validated` is never used
   --> /workspace/hibana-quic/src/crypto/directional.rs:190:19
    |
174 | impl<'a> ValidatedKeyAck<'a> {
    | ---------------------------- associated function in this implementation
...
190 |     pub(crate) fn from_validated(scope: &'a ApplicationKeyScope, grant: KeyAckGrant) -> Result<Self, Error> {
    |                   ^^^^^^^^^^^^^^

warning: function `split` is never used
   --> /workspace/hibana-quic/src/crypto/directional.rs:336:15
    |
336 | pub(super) fn split<'a>(keys: ApplicationKeys, scope: &'a mut ApplicationKeyScope)
    |               ^^^^^

warning: function `split_claimed` is never used
   --> /workspace/hibana-quic/src/crypto/directional.rs:339:4
    |
339 | fn split_claimed<'a>(keys: ApplicationKeys, scope: &'a ApplicationKeyScope)
    |    ^^^^^^^^^^^^^

warning: method `acknowledge_validated` is never used
   --> /workspace/hibana-quic/src/crypto/directional.rs:534:8
    |
503 | impl<'a> ApplicationWriteKeys<'a> {
    | --------------------------------- method in this implementation
...
534 |     fn acknowledge_validated(&mut self, pn: u64, received_generation: u64, now: u64, pto: u64) -> Result<(), Error> {
    |        ^^^^^^^^^^^^^^^^^^^^^

warning: method `commit_with_receipt` is never used
   --> /workspace/hibana-quic/src/retry.rs:548:19
    |
482 | impl<const N: usize> ClientRetry<N> {
    | ----------------------------------- method in this implementation
...
548 |     pub(crate) fn commit_with_receipt(
    |                   ^^^^^^^^^^^^^^^^^^^

warning: method `accepts_authenticated_generation` is never used
   --> /workspace/hibana-quic/src/early_data.rs:611:19
    |
585 | impl<'a, const BYTES: usize> Quarantine<'a, BYTES> {
    | -------------------------------------------------- method in this implementation
...
611 |     pub(crate) fn accepts_authenticated_generation(&self, generation: u64) -> bool {
    |                   ^^^^^^^^^^^^^^^^^^^^^^^^^^^^^^^^

warning: associated function `from_committed` is never used
   --> /workspace/hibana-quic/src/roles/packet_authority.rs:141:19
    |
128 | impl RetryPeerCid {
    | ----------------- associated function in this implementation
...
141 |     pub(crate) fn from_committed(generation: u64, retry: crate::retry::CommittedRetry) -> Self {
    |                   ^^^^^^^^^^^^^^

warning: function `split_retry` is never used
   --> /workspace/hibana-quic/src/roles/packet_authority.rs:193:15
    |
193 | pub(crate) fn split_retry(generation: u64, retry: crate::retry::CommittedRetry) -> RetryGrants {
    |               ^^^^^^^^^^^

warning: field `context` is never read
   --> /workspace/hibana-quic/src/roles/packet_authority.rs:462:5
    |
456 | struct PacketRecord {
    |        ------------ field in this struct
...
462 |     context: Option<super::path_owner::PathContext>,
    |     ^^^^^^^

warning: methods `grant_initial_peer_cid`, `bind_path_context`, and `grant_path` are never used
   --> /workspace/hibana-quic/src/roles/packet_authority.rs:617:19
    |
486 | impl<const P: usize, const E: usize> Arena<P, E> {
    | ------------------------------------------------ methods in this implementation
...
617 |     pub(crate) fn grant_initial_peer_cid(
    |                   ^^^^^^^^^^^^^^^^^^^^^^
...
660 |     pub(crate) fn bind_path_context(
    |                   ^^^^^^^^^^^^^^^^^
...
768 |     pub(crate) fn grant_path(
    |                   ^^^^^^^^^^

warning: associated functions `from_owned_level`, `from_received`, and `from_directional` are never used
  --> /workspace/hibana-quic/src/roles/packet_authority/scoped.rs:50:19
   |
47 | impl<'a> ScopedReceiveEvidence<'a> {
   | ---------------------------------- associated functions in this implementation
...
50 |     pub(crate) fn from_owned_level(
   |                   ^^^^^^^^^^^^^^^^
...
72 |     pub(crate) fn from_received(
   |                   ^^^^^^^^^^^^^
...
87 |     pub(crate) fn from_directional(
   |                   ^^^^^^^^^^^^^^^^

warning: function `verify_and_split` is never used
   --> /workspace/hibana-quic/src/roles/connection_authority.rs:121:15
    |
121 | pub(crate) fn verify_and_split(
    |               ^^^^^^^^^^^^^^^^

warning: function `retirement` is never used
   --> /workspace/hibana-quic/src/roles/protocol_stream.rs:227:4
    |
227 | fn retirement<const C: u8, const O: u8>() -> g::Program<Retirement<C, O>> {
    |    ^^^^^^^^^^

warning: associated function `from_sealed` is never used
  --> /workspace/hibana-quic/src/roles/datagram.rs:72:19
   |
50 | impl<const N: usize> ProtectedDatagram<N> {
   | ----------------------------------------- associated function in this implementation
...
72 |     pub(crate) fn from_sealed<const M: usize>(
   |                   ^^^^^^^^^^^

warning: function `managed_application_frame` is never used
   --> /workspace/hibana-quic/src/roles/datagram.rs:311:4
    |
311 | fn managed_application_frame(frame: Frame<'_>) -> bool {
    |    ^^^^^^^^^^^^^^^^^^^^^^^^^

warning: associated function `prefix` is never used
   --> /workspace/hibana-quic/src/roles/datagram.rs:371:8
    |
370 | impl HandshakeFragment {
    | ---------------------- associated function in this implementation
371 |     fn prefix(offset: u64, data: &[u8]) -> Option<Self> {
    |        ^^^^^^

warning: function `cancel_before_publication` is never used
   --> /workspace/hibana-quic/src/roles/datagram.rs:502:15
    |
502 | pub(crate) fn cancel_before_publication(
    |               ^^^^^^^^^^^^^^^^^^^^^^^^^

warning: associated function `new` is never used
   --> /workspace/hibana-quic/src/roles/early_owner.rs:270:19
    |
269 | impl<const N: usize> AuthenticatedPacket<N> {
    | ------------------------------------------- associated function in this implementation
270 |     pub(crate) fn new(
    |                   ^^^

warning: method `into_finished` is never used
  --> /workspace/hibana-quic/src/connection/parameters.rs:19:16
   |
 9 | impl<'scope,const P:usize> ValidatedPeer<'scope,P>{
   | -------------------------------------------------- method in this implementation
...
19 |  pub(crate) fn into_finished(self)->FinishedAuthenticated<'scope>{self.finished}
   |                ^^^^^^^^^^^^^

warning: methods `lost` and `forget_lost` are never used
   --> /workspace/hibana-quic/src/connection/application_stream.rs:279:19
    |
216 | impl<const RX: usize, const CHUNK: usize> Rx<'_, '_, '_, RX, CHUNK> {
    | ------------------------------------------------------------------- methods in this implementation
...
279 |     pub(super) fn lost(&mut self, packet_number: u64) -> Result<(), Error> {
    |                   ^^^^
...
293 |     pub(super) fn forget_lost(&mut self, packet_number: u64) -> Result<(), Error> {
    |                   ^^^^^^^^^^^

warning: field `0` is never read
  --> /workspace/hibana-quic/src/connection/application/keys.rs:27:10
   |
27 |     Slot(InboxError),
   |     ---- ^^^^^^^^^^
   |     |
   |     field in this variant
   |
   = note: `Error` has a derived impl for the trait `Debug`, but this is intentionally ignored during dead code analysis
help: consider changing the field to be of unit type to suppress this warning while preserving the field numbering, or remove the field
   |
27 -     Slot(InboxError),
27 +     Slot(()),
   |

warning: field `0` is never read
  --> /workspace/hibana-quic/src/connection/application/keys.rs:30:21
   |
30 |     UnexpectedLabel(u8),
   |     --------------- ^^
   |     |
   |     field in this variant
   |
   = note: `Error` has a derived impl for the trait `Debug`, but this is intentionally ignored during dead code analysis
help: consider changing the field to be of unit type to suppress this warning while preserving the field numbering, or remove the field
   |
30 -     UnexpectedLabel(u8),
30 +     UnexpectedLabel(()),
   |

warning: method `phase` is never used
  --> /workspace/hibana-quic/src/connection/application/keys.rs:94:19
   |
64 | impl<'scope> KeyOwner<'scope> {
   | ----------------------------- method in this implementation
...
94 |     pub(crate) fn phase(&self) -> Result<bool, Error> {
   |                   ^^^^^

warning: method `snapshot` is never used
  --> /workspace/hibana-quic/src/connection/application/transmit.rs:72:19
   |
61 | / impl<'book, 'streams, 'storage, 'scope, const N: usize, const RX: usize, const CHUNK: usize>
62 | |     State<'book, 'streams, 'storage, 'scope, N, RX, CHUNK>
   | |__________________________________________________________- method in this implementation
...
72 |       pub(crate) fn snapshot(&self) -> recovery::Snapshot { self.owners.borrow().book.snapshot() }
   |                     ^^^^^^^^

warning: `hibana-quic` (lib) generated 28 warnings
    Finished `test` profile [unoptimized + debuginfo] target(s) in 0.09s
     Running unittests src/bin/hq.rs (/workspace/targets/quic-host/debug/deps/hq-5e32dbdbf2575086)

running 27 tests
test admission_tests::rejected_initials_yield_before_consuming_the_next_datagram ... ok
test admission_tests::unknown_version_probe_gets_reversed_cids_and_v1_without_initial_admission ... ok
test cli::tests::file_modes_require_their_roots_and_reject_unrecognized_or_insecure_flags ... ok
test cli::tests::multiple_requests_share_one_verified_origin_and_unique_destinations ... ok
test direct_wire::tests::accepted_send_has_real_bytes_address_and_monotonic_receipt ... ok
test direct_wire::tests::expired_hard_deadline_never_polls_ready_submission ... ok
test direct_wire::tests::foreign_peer_cannot_credit_the_admitted_path ... ok
test direct_wire::tests::idle_timeout_parks_and_cancels_the_registered_receive ... ok
test direct_wire::tests::rejected_send_never_records_acceptance ... ok
test files::tests::complete_download_publishes_only_at_fin_without_overwrite ... ok
test files::tests::failed_download_removes_staging_and_racing_destination_is_preserved ... ok
test files::tests::final_symlink_is_never_followed_or_overwritten ... ok
test files::tests::get_parser_requires_method_line_end_and_no_extra_headers ... ok
test files::tests::held_root_descriptor_survives_path_replacement_without_escape ... ok
test files::tests::named_pipe_cannot_block_the_server_before_regular_file_check ... ok
test files::tests::path_decoder_rejects_traversal_separators_and_injection ... ok
test files::tests::symlink_parent_cannot_escape_server_or_download_root ... ok
test files::tests::url_authority_is_bound_to_verified_name_and_port ... ok
test host_files::tests::actual_request_selects_its_file_and_body_reads_are_bounded ... ok
test host_files::tests::duplicate_decoded_destinations_and_cancelled_partial_downloads_are_safe ... ok
test host_files::tests::interleaved_streams_publish_only_their_own_completed_files ... ok
test pem::tests::absence_of_certificate_or_supported_key_fails_closed ... ok
test pem::tests::certificates_collect_all_and_skip_other_well_formed_sections ... ok
test pem::tests::certificates_reject_malformed_blocks_even_after_a_valid_certificate ... ok
test pem::tests::file_io_errors_remain_errors_with_path_context ... ok
test pem::tests::first_supported_key_selection_and_formats_are_preserved ... ok
test pem::tests::malformed_data_before_a_key_is_not_silently_skipped ... ok

test result: ok. 27 passed; 0 failed; 0 ignored; 0 measured; 0 filtered out; finished in 0.02s

