    Updating crates.io index
 Downloading crates ...
  Downloaded futures-sink v0.3.31
  Downloaded futures-task v0.3.31
  Downloaded slab v0.4.11
  Downloaded futures-core v0.3.31
  Downloaded futures-channel v0.3.31
  Downloaded futures-executor v0.3.31
  Downloaded indexmap v2.12.0
  Downloaded mio v1.1.0
  Downloaded serde_spanned v1.0.3
  Downloaded glob v0.3.3
  Downloaded equivalent v1.0.2
  Downloaded ryu v1.0.20
  Downloaded static_assertions v1.1.0
  Downloaded serde_json v1.0.145
  Downloaded quote v1.0.41
  Downloaded termcolor v1.4.1
  Downloaded tokio-macros v2.6.0
  Downloaded futures v0.3.31
  Downloaded socket2 v0.6.2
  Downloaded toml_parser v1.0.4
  Downloaded futures-util v0.3.31
  Downloaded trybuild v1.0.112
  Downloaded toml v0.9.8
  Downloaded bytes v1.11.1
  Downloaded pin-utils v0.1.0
  Downloaded toml_writer v1.0.4
  Downloaded libc v0.2.177
  Downloaded toml_datetime v0.7.3
  Downloaded serde_derive v1.0.228
  Downloaded tokio v1.48.0
  Downloaded unicode-ident v1.0.20
  Downloaded proc-macro2 v1.0.103
  Downloaded pin-project-lite v0.2.16
  Downloaded serde_core v1.0.228
  Downloaded syn v2.0.108
  Downloaded serde v1.0.228
  Downloaded winnow v0.7.13
  Downloaded target-triple v0.1.4
  Downloaded memchr v2.7.6
  Downloaded futures-macro v0.3.31
  Downloaded hashbrown v0.16.0
  Downloaded itoa v1.0.15
  Downloaded futures-io v0.3.31
   Compiling proc-macro2 v1.0.103
   Compiling quote v1.0.41
   Compiling unicode-ident v1.0.20
   Compiling serde_core v1.0.228
   Compiling memchr v2.7.6
   Compiling libc v0.2.177
   Compiling pin-project-lite v0.2.16
   Compiling futures-sink v0.3.31
   Compiling futures-core v0.3.31
   Compiling futures-channel v0.3.31
   Compiling syn v2.0.108
   Compiling futures-io v0.3.31
   Compiling slab v0.4.11
   Compiling serde_json v1.0.145
   Compiling winnow v0.7.13
   Compiling serde v1.0.228
   Compiling target-triple v0.1.4
   Compiling pin-utils v0.1.0
   Compiling futures-task v0.3.31
   Compiling toml_datetime v0.7.3
   Compiling serde_spanned v1.0.3
   Compiling itoa v1.0.15
   Compiling toml_writer v1.0.4
   Compiling ryu v1.0.20
   Compiling toml_parser v1.0.4
   Compiling socket2 v0.6.2
   Compiling toml v0.9.8
   Compiling mio v1.1.0
   Compiling glob v0.3.3
   Compiling futures-macro v0.3.31
   Compiling serde_derive v1.0.228
   Compiling tokio-macros v2.6.0
   Compiling futures-util v0.3.31
   Compiling termcolor v1.4.1
   Compiling bytes v1.11.1
   Compiling static_assertions v1.1.0
   Compiling hibana v0.9.6 (/workspace/hibana)
   Compiling tokio v1.48.0
   Compiling futures-executor v0.3.31
   Compiling futures v0.3.31
   Compiling trybuild v1.0.112
    Finished `test` profile [unoptimized + debuginfo] target(s) in 23.52s
     Running tests/nested_resolver_self_continuations.rs (target/debug/deps/nested_resolver_self_continuations-f93f26728dffa5c8)

running 8 tests
test a_fresh_nested_region_resolves_its_outer_choice_before_a_descendant ... ok
test a_future_nested_choice_is_resolved_after_its_sequential_predecessor ... ok
test a_wrong_nested_payload_schema_cannot_publish_any_ancestor_choice ... ok
test dropped_nested_preview_restores_the_same_affine_choice_without_committing_progress ... ok
test inner_rejection_is_terminal_without_outer_success_or_event_progress ... ok
test nested_branch_send_preserves_preview_and_delivers_the_chosen_payload_to_its_peer ... ok
test nested_right_local_arm_is_received_at_its_own_descriptor_and_audits_each_decision_once ... ok
test nested_roll_can_reenter_before_its_sequential_tail_is_consumed ... ok

test result: ok. 8 passed; 0 failed; 0 ignored; 0 measured; 0 filtered out; finished in 0.01s

