warning: unreachable pattern
   --> src/connection/recovery.rs:256:95
    |
256 |     match level { Level::Initial => Ok(0), Level::Handshake => Ok(1), Level::OneRtt => Ok(2), _ => Err(Error::UnsupportedLevel) }
    |                                                                                               ^ no value can reach this
    |
note: multiple earlier patterns match some of the same values
   --> src/connection/recovery.rs:256:95
    |
256 |     match level { Level::Initial => Ok(0), Level::Handshake => Ok(1), Level::OneRtt => Ok(2), _ => Err(Error::UnsupportedLevel) }
    |                   --------------           ----------------           -------------           ^ collectively making this unreachable
    |                   |                        |                          |
    |                   |                        |                          matches some of the same values
    |                   |                        matches some of the same values
    |                   matches some of the same values
    = note: `#[warn(unreachable_patterns)]` (part of `#[warn(unused)]`) on by default

warning: variable does not need to be mutable
    --> src/connection/recovery.rs:1023:17
     |
1023 |             let mut $book = Recovery::<2048>::new($arena.claim_recovery().unwrap(), $side, 333_000, 1200).unwrap();
     |                 ----^^^^^
     |                 |
     |                 help: remove this `mut`
...
1425 |         book!(book, scope, installation, arena, Side::Client, 78);
     |         --------------------------------------------------------- in this macro invocation
     |
     = note: `#[warn(unused_mut)]` (part of `#[warn(unused)]`) on by default
     = note: this warning originates in the macro `book` (in Nightly builds, run with -Z macro-backtrace for more info)

warning: constant `SERVER_PARAMS` is never used
  --> src/bounded_tls/../../tests/support/tls_actor_fixture.rs:19:11
   |
19 | pub const SERVER_PARAMS: &[u8] = &[4, 1, 63];
   |           ^^^^^^^^^^^^^
   |
   = note: `#[warn(dead_code)]` (part of `#[warn(unused)]`) on by default

warning: function `signing_key` is never used
  --> src/bounded_tls/../../tests/support/tls_actor_fixture.rs:20:8
   |
20 | pub fn signing_key() -> SigningKey {
   |        ^^^^^^^^^^^

warning: constant `LEAF_DER` is never used
   --> src/bounded_tls/../../tests/support/tls_actor_fixture.rs:100:11
    |
100 | pub const LEAF_DER: &[u8] = &[
    |           ^^^^^^^^

warning: associated function `from_confirmed` is never used
   --> src/crypto/directional.rs:155:19
    |
149 | impl<'a> ScopedHandshakeConfirmation<'a> {
    | ---------------------------------------- associated function in this implementation
...
155 |     pub(crate) fn from_confirmed(scope: &'a ApplicationKeyScope, confirmation: HandshakeConfirmation)
    |                   ^^^^^^^^^^^^^^

warning: associated function `from_validated` is never used
   --> src/crypto/directional.rs:190:19
    |
174 | impl<'a> ValidatedKeyAck<'a> {
    | ---------------------------- associated function in this implementation
...
190 |     pub(crate) fn from_validated(scope: &'a ApplicationKeyScope, grant: KeyAckGrant) -> Result<Self, Error> {
    |                   ^^^^^^^^^^^^^^

warning: method `accepts_authenticated_generation` is never used
   --> src/early_data.rs:611:19
    |
585 | impl<'a, const BYTES: usize> Quarantine<'a, BYTES> {
    | -------------------------------------------------- method in this implementation
...
611 |     pub(crate) fn accepts_authenticated_generation(&self, generation: u64) -> bool {
    |                   ^^^^^^^^^^^^^^^^^^^^^^^^^^^^^^^^

warning: constant `CLIENT_PARAMS` is never used
  --> src/roles/tls_owner/../../../tests/support/tls_actor_fixture.rs:18:11
   |
18 | pub const CLIENT_PARAMS: &[u8] = &[4, 1, 42];
   |           ^^^^^^^^^^^^^

warning: constant `SERVER_PARAMS` is never used
  --> src/roles/tls_owner/../../../tests/support/tls_actor_fixture.rs:19:11
   |
19 | pub const SERVER_PARAMS: &[u8] = &[4, 1, 63];
   |           ^^^^^^^^^^^^^

warning: associated function `from_received` is never used
  --> src/roles/packet_authority/scoped.rs:72:19
   |
47 | impl<'a> ScopedReceiveEvidence<'a> {
   | ---------------------------------- associated function in this implementation
...
72 |     pub(crate) fn from_received(
   |                   ^^^^^^^^^^^^^

warning: function `disabled_finished` is never used
   --> src/roles/path_owner/../../../tests/support/early_owner_fixture.rs:316:8
    |
316 | pub fn disabled_finished(generation: u64) -> tls_owner::FinishedReceipt {
    |        ^^^^^^^^^^^^^^^^^

warning: constant `CLIENT_PARAMS` is never used
  --> src/roles/path_owner/../../../tests/support/tls_actor_fixture.rs:18:11
   |
18 | pub const CLIENT_PARAMS: &[u8] = &[4, 1, 42];
   |           ^^^^^^^^^^^^^

warning: constant `SERVER_PARAMS` is never used
  --> src/roles/path_owner/../../../tests/support/tls_actor_fixture.rs:19:11
   |
19 | pub const SERVER_PARAMS: &[u8] = &[4, 1, 63];
   |           ^^^^^^^^^^^^^

warning: function `retirement` is never used
   --> src/roles/protocol_stream.rs:227:4
    |
227 | fn retirement<const C: u8, const O: u8>() -> g::Program<Retirement<C, O>> {
    |    ^^^^^^^^^^

warning: constant `CLIENT_PARAMS` is never used
  --> src/roles/stream_owner/../../../tests/support/tls_actor_fixture.rs:18:11
   |
18 | pub const CLIENT_PARAMS: &[u8] = &[4, 1, 42];
   |           ^^^^^^^^^^^^^

warning: constant `CLIENT_PARAMS` is never used
  --> src/roles/early_owner/../../../tests/support/tls_actor_fixture.rs:18:11
   |
18 | pub const CLIENT_PARAMS: &[u8] = &[4, 1, 42];
   |           ^^^^^^^^^^^^^

warning: constant `CLIENT_PARAMS` is never used
  --> src/connection/../../tests/support/tls_actor_fixture.rs:18:11
   |
18 | pub const CLIENT_PARAMS: &[u8] = &[4, 1, 42];
   |           ^^^^^^^^^^^^^

warning: constant `SERVER_PARAMS` is never used
  --> src/connection/../../tests/support/tls_actor_fixture.rs:19:11
   |
19 | pub const SERVER_PARAMS: &[u8] = &[4, 1, 63];
   |           ^^^^^^^^^^^^^

warning: method `into_finished` is never used
  --> src/connection/parameters.rs:19:16
   |
 9 | impl<'scope,const P:usize> ValidatedPeer<'scope,P>{
   | -------------------------------------------------- method in this implementation
...
19 |  pub(crate) fn into_finished(self)->FinishedAuthenticated<'scope>{self.finished}
   |                ^^^^^^^^^^^^^

warning: method `forget_lost` is never used
   --> src/connection/application_stream.rs:293:19
    |
216 | impl<const RX: usize, const CHUNK: usize> Rx<'_, '_, '_, RX, CHUNK> {
    | ------------------------------------------------------------------- method in this implementation
...
293 |     pub(super) fn forget_lost(&mut self, packet_number: u64) -> Result<(), Error> {
    |                   ^^^^^^^^^^^

warning: field `0` is never read
  --> src/connection/application/keys.rs:27:10
   |
27 |     Slot(InboxError),
   |     ---- ^^^^^^^^^^
   |     |
   |     field in this variant
   |
   = note: `Error` has a derived impl for the trait `Debug`, but this is intentionally ignored during dead code analysis
help: consider changing the field to be of unit type to suppress this warning while preserving the field numbering, or remove the field
   |
27 -     Slot(InboxError),
27 +     Slot(()),
   |

warning: field `0` is never read
  --> src/connection/application/keys.rs:30:21
   |
30 |     UnexpectedLabel(u8),
   |     --------------- ^^
   |     |
   |     field in this variant
   |
   = note: `Error` has a derived impl for the trait `Debug`, but this is intentionally ignored during dead code analysis
help: consider changing the field to be of unit type to suppress this warning while preserving the field numbering, or remove the field
   |
30 -     UnexpectedLabel(u8),
30 +     UnexpectedLabel(()),
   |

warning: method `phase` is never used
  --> src/connection/application/keys.rs:94:19
   |
64 | impl<'scope> KeyOwner<'scope> {
   | ----------------------------- method in this implementation
...
94 |     pub(crate) fn phase(&self) -> Result<bool, Error> {
   |                   ^^^^^

warning: method `snapshot` is never used
  --> src/connection/application/transmit.rs:72:19
   |
61 | / impl<'book, 'streams, 'storage, 'scope, const N: usize, const RX: usize, const CHUNK: usize>
62 | |     State<'book, 'streams, 'storage, 'scope, N, RX, CHUNK>
   | |__________________________________________________________- method in this implementation
...
72 |       pub(crate) fn snapshot(&self) -> recovery::Snapshot { self.owners.borrow().book.snapshot() }
   |                     ^^^^^^^^

warning: constant `CLIENT_PARAMS` is never used
  --> src/../tests/support/tls_actor_fixture.rs:18:11
   |
18 | pub const CLIENT_PARAMS: &[u8] = &[4, 1, 42];
   |           ^^^^^^^^^^^^^

warning: constant evaluation is taking a long time
   --> vendor/hibana/src/global/const_dsl/allocation/frame_labels/reentry_domains.rs:60:13
    |
 60 | /             while prior < event {
 61 | |                 let previous = source.atom_at(prior);
 62 | |                 if previous.from == current.from
 63 | |                     && previous.to == current.to
...   |
 69 | |                 prior += 1;
 70 | |             }
    | |_____________^ the const evaluator is currently interpreting this expression
    |
help: the constant being evaluated
   --> vendor/hibana/src/g.rs:182:5
    |
182 |     const SOURCE: ProgramSourceData<CAPACITY> = ProgramSourceData::lower::<Steps>();
    |     ^^^^^^^^^^^^^^^^^^^^^^^^^^^^^^^^^^^^^^^^^

warning: constant evaluation is taking a long time
   --> vendor/hibana/src/global/role_program/image_impl/projection.rs:109:22
    |
109 |         let marker = markers.at(idx);
    |                      ^^^^^^^^^^^^^^^ the const evaluator is currently interpreting this expression
    |
help: the constant being evaluated
   --> vendor/hibana/src/g/role_projection.rs:27:5
    |
 27 |     const SCOPE_FACTS: crate::global::role_program::ScopeFacts =
    |     ^^^^^^^^^^^^^^^^^^^^^^^^^^^^^^^^^^^^^^^^^^^^^^^^^^^^^^^^^^

warning: constant evaluation is taking a long time
   --> vendor/hibana/src/global/const_dsl/source_arena.rs:49:9
    |
 49 |         self.at(index).event.is_primary_enter()
    |         ^^^^^^^^^^^^^^^^^^^^^^^^^^^^^^^^^^^^^^^ the const evaluator is currently interpreting this expression
    |
help: the constant being evaluated
   --> vendor/hibana/src/g/role_projection.rs:164:5
    |
164 |     const BUILD: Option<crate::global::role_program::RoleImageBuild<N>> =
    |     ^^^^^^^^^^^^^^^^^^^^^^^^^^^^^^^^^^^^^^^^^^^^^^^^^^^^^^^^^^^^^^^^^^^

warning: constant evaluation is taking a long time
   --> vendor/hibana/src/global/const_dsl/source_arena.rs:79:16
    |
 79 |             if marker.event.is_primary_enter() && marker.scope_id.same(scope) {
    |                ^^^^^^^^^^^^^^^^^^^^^^^^^^^^^^^ the const evaluator is currently interpreting this expression
    |
help: the constant being evaluated
   --> vendor/hibana/src/g.rs:191:5
    |
191 |     const VALIDATION: () = {
    |     ^^^^^^^^^^^^^^^^^^^^

warning: constant evaluation is taking a long time
   --> vendor/hibana/src/global/const_dsl/source_arena.rs:77:9
    |
 77 | /         while index < self.len {
 78 | |             let marker = self.at(index);
 79 | |             if marker.event.is_primary_enter() && marker.scope_id.same(scope) {
 80 | |                 return Some(index);
 81 | |             }
 82 | |             index += 1;
 83 | |         }
    | |_________^ the const evaluator is currently interpreting this expression
    |
help: the constant being evaluated
   --> vendor/hibana/src/g/role_projection.rs:101:5
    |
101 |     const PLAN: crate::global::role_program::RoleImagePlan =
    |     ^^^^^^^^^^^^^^^^^^^^^^^^^^^^^^^^^^^^^^^^^^^^^^^^^^^^^^

warning: constant evaluation is taking a long time
   --> vendor/hibana/src/global/const_dsl/scope_ranges.rs:113:15
    |
113 |     let end = marker.segment_end();
    |               ^^^^^^^^^^^^^^^^^^^^ the const evaluator is currently interpreting this expression
    |
help: the constant being evaluated
   --> vendor/hibana/src/g/role_projection.rs:164:5
    |
164 |     const BUILD: Option<crate::global::role_program::RoleImageBuild<N>> =
    |     ^^^^^^^^^^^^^^^^^^^^^^^^^^^^^^^^^^^^^^^^^^^^^^^^^^^^^^^^^^^^^^^^^^^

warning: constant evaluation is taking a long time
   --> vendor/hibana/src/global/const_dsl/source_arena.rs:79:16
    |
 79 |             if marker.event.is_primary_enter() && marker.scope_id.same(scope) {
    |                ^^^^^^^^^^^^^^^^^^^^^^^^^^^^^^^ the const evaluator is currently interpreting this expression
    |
help: the constant being evaluated
   --> vendor/hibana/src/g/role_projection.rs:164:5
    |
164 |     const BUILD: Option<crate::global::role_program::RoleImageBuild<N>> =
    |     ^^^^^^^^^^^^^^^^^^^^^^^^^^^^^^^^^^^^^^^^^^^^^^^^^^^^^^^^^^^^^^^^^^^

warning: constant evaluation is taking a long time
   --> vendor/hibana/src/global/role_program/image_impl/projection.rs:254:25
    |
254 |             let start = marker.offset();
    |                         ^^^^^^^^^^^^^^^ the const evaluator is currently interpreting this expression
    |
help: the constant being evaluated
   --> vendor/hibana/src/g/role_projection.rs:164:5
    |
164 |     const BUILD: Option<crate::global::role_program::RoleImageBuild<N>> =
    |     ^^^^^^^^^^^^^^^^^^^^^^^^^^^^^^^^^^^^^^^^^^^^^^^^^^^^^^^^^^^^^^^^^^^

warning: `hibana-quic` (lib test) generated 34 warnings (run `cargo fix --lib -p hibana-quic --tests` to apply 1 suggestion)
    Finished `test` profile [unoptimized + debuginfo] target(s) in 0.08s
     Running unittests src/lib.rs (/workspace/targets/quic-root/debug/deps/hibana_quic-610ced19be4537b9)

running 1 test
test roles::early_owner::tests::first_finished_then_repeated_inspection_and_retirement_needs_no_dummy_packet ... FAILED

failures:

---- roles::early_owner::tests::first_finished_then_repeated_inspection_and_retirement_needs_no_dummy_packet stdout ----

thread '<unnamed>' (99548) panicked at src/roles/early_owner/tests.rs:551:10:
called `Result::unwrap()` on an `Err` value: Hibana(EndpointError { operation: "recv", kind: PhaseInvariant })
note: run with `RUST_BACKTRACE=1` environment variable to display a backtrace

thread 'roles::early_owner::tests::first_finished_then_repeated_inspection_and_retirement_needs_no_dummy_packet' (99547) panicked at src/roles/early_owner/tests.rs:57:10:
called `Result::unwrap()` on an `Err` value: Any { .. }


failures:
    roles::early_owner::tests::first_finished_then_repeated_inspection_and_retirement_needs_no_dummy_packet

test result: FAILED. 0 passed; 1 failed; 0 ignored; 0 measured; 594 filtered out; finished in 1.75s

error: test failed, to rerun pass `--lib`
