warning: unreachable pattern
   --> src/connection/recovery.rs:256:95
    |
256 |     match level { Level::Initial => Ok(0), Level::Handshake => Ok(1), Level::OneRtt => Ok(2), _ => Err(Error::UnsupportedLevel) }
    |                                                                                               ^ no value can reach this
    |
note: multiple earlier patterns match some of the same values
   --> src/connection/recovery.rs:256:95
    |
256 |     match level { Level::Initial => Ok(0), Level::Handshake => Ok(1), Level::OneRtt => Ok(2), _ => Err(Error::UnsupportedLevel) }
    |                   --------------           ----------------           -------------           ^ collectively making this unreachable
    |                   |                        |                          |
    |                   |                        |                          matches some of the same values
    |                   |                        matches some of the same values
    |                   matches some of the same values
    = note: `#[warn(unreachable_patterns)]` (part of `#[warn(unused)]`) on by default

warning: variable does not need to be mutable
    --> src/connection/recovery.rs:1023:17
     |
1023 |             let mut $book = Recovery::<2048>::new($arena.claim_recovery().unwrap(), $side, 333_000, 1200).unwrap();
     |                 ----^^^^^
     |                 |
     |                 help: remove this `mut`
...
1425 |         book!(book, scope, installation, arena, Side::Client, 78);
     |         --------------------------------------------------------- in this macro invocation
     |
     = note: `#[warn(unused_mut)]` (part of `#[warn(unused)]`) on by default
     = note: this warning originates in the macro `book` (in Nightly builds, run with -Z macro-backtrace for more info)

warning: constant `SERVER_PARAMS` is never used
  --> src/bounded_tls/../../tests/support/tls_actor_fixture.rs:19:11
   |
19 | pub const SERVER_PARAMS: &[u8] = &[4, 1, 63];
   |           ^^^^^^^^^^^^^
   |
   = note: `#[warn(dead_code)]` (part of `#[warn(unused)]`) on by default

warning: function `signing_key` is never used
  --> src/bounded_tls/../../tests/support/tls_actor_fixture.rs:20:8
   |
20 | pub fn signing_key() -> SigningKey {
   |        ^^^^^^^^^^^

warning: constant `LEAF_DER` is never used
   --> src/bounded_tls/../../tests/support/tls_actor_fixture.rs:100:11
    |
100 | pub const LEAF_DER: &[u8] = &[
    |           ^^^^^^^^

warning: associated function `from_confirmed` is never used
   --> src/crypto/directional.rs:155:19
    |
149 | impl<'a> ScopedHandshakeConfirmation<'a> {
    | ---------------------------------------- associated function in this implementation
...
155 |     pub(crate) fn from_confirmed(scope: &'a ApplicationKeyScope, confirmation: HandshakeConfirmation)
    |                   ^^^^^^^^^^^^^^

warning: associated function `from_validated` is never used
   --> src/crypto/directional.rs:190:19
    |
174 | impl<'a> ValidatedKeyAck<'a> {
    | ---------------------------- associated function in this implementation
...
190 |     pub(crate) fn from_validated(scope: &'a ApplicationKeyScope, grant: KeyAckGrant) -> Result<Self, Error> {
    |                   ^^^^^^^^^^^^^^

warning: method `accepts_authenticated_generation` is never used
   --> src/early_data.rs:611:19
    |
585 | impl<'a, const BYTES: usize> Quarantine<'a, BYTES> {
    | -------------------------------------------------- method in this implementation
...
611 |     pub(crate) fn accepts_authenticated_generation(&self, generation: u64) -> bool {
    |                   ^^^^^^^^^^^^^^^^^^^^^^^^^^^^^^^^

warning: constant `CLIENT_PARAMS` is never used
  --> src/roles/tls_owner/../../../tests/support/tls_actor_fixture.rs:18:11
   |
18 | pub const CLIENT_PARAMS: &[u8] = &[4, 1, 42];
   |           ^^^^^^^^^^^^^

warning: constant `SERVER_PARAMS` is never used
  --> src/roles/tls_owner/../../../tests/support/tls_actor_fixture.rs:19:11
   |
19 | pub const SERVER_PARAMS: &[u8] = &[4, 1, 63];
   |           ^^^^^^^^^^^^^

warning: associated function `from_received` is never used
  --> src/roles/packet_authority/scoped.rs:72:19
   |
47 | impl<'a> ScopedReceiveEvidence<'a> {
   | ---------------------------------- associated function in this implementation
...
72 |     pub(crate) fn from_received(
   |                   ^^^^^^^^^^^^^

warning: function `disabled_finished` is never used
   --> src/roles/path_owner/../../../tests/support/early_owner_fixture.rs:316:8
    |
316 | pub fn disabled_finished(generation: u64) -> tls_owner::FinishedReceipt {
    |        ^^^^^^^^^^^^^^^^^

warning: constant `CLIENT_PARAMS` is never used
  --> src/roles/path_owner/../../../tests/support/tls_actor_fixture.rs:18:11
   |
18 | pub const CLIENT_PARAMS: &[u8] = &[4, 1, 42];
   |           ^^^^^^^^^^^^^

warning: constant `SERVER_PARAMS` is never used
  --> src/roles/path_owner/../../../tests/support/tls_actor_fixture.rs:19:11
   |
19 | pub const SERVER_PARAMS: &[u8] = &[4, 1, 63];
   |           ^^^^^^^^^^^^^

warning: function `retirement` is never used
   --> src/roles/protocol_stream.rs:227:4
    |
227 | fn retirement<const C: u8, const O: u8>() -> g::Program<Retirement<C, O>> {
    |    ^^^^^^^^^^

warning: constant `CLIENT_PARAMS` is never used
  --> src/roles/stream_owner/../../../tests/support/tls_actor_fixture.rs:18:11
   |
18 | pub const CLIENT_PARAMS: &[u8] = &[4, 1, 42];
   |           ^^^^^^^^^^^^^

warning: constant `CLIENT_PARAMS` is never used
  --> src/roles/early_owner/../../../tests/support/tls_actor_fixture.rs:18:11
   |
18 | pub const CLIENT_PARAMS: &[u8] = &[4, 1, 42];
   |           ^^^^^^^^^^^^^

warning: constant `CLIENT_PARAMS` is never used
  --> src/connection/../../tests/support/tls_actor_fixture.rs:18:11
   |
18 | pub const CLIENT_PARAMS: &[u8] = &[4, 1, 42];
   |           ^^^^^^^^^^^^^

warning: constant `SERVER_PARAMS` is never used
  --> src/connection/../../tests/support/tls_actor_fixture.rs:19:11
   |
19 | pub const SERVER_PARAMS: &[u8] = &[4, 1, 63];
   |           ^^^^^^^^^^^^^

warning: method `into_finished` is never used
  --> src/connection/parameters.rs:19:16
   |
 9 | impl<'scope,const P:usize> ValidatedPeer<'scope,P>{
   | -------------------------------------------------- method in this implementation
...
19 |  pub(crate) fn into_finished(self)->FinishedAuthenticated<'scope>{self.finished}
   |                ^^^^^^^^^^^^^

warning: method `forget_lost` is never used
   --> src/connection/application_stream.rs:293:19
    |
216 | impl<const RX: usize, const CHUNK: usize> Rx<'_, '_, '_, RX, CHUNK> {
    | ------------------------------------------------------------------- method in this implementation
...
293 |     pub(super) fn forget_lost(&mut self, packet_number: u64) -> Result<(), Error> {
    |                   ^^^^^^^^^^^

warning: field `0` is never read
  --> src/connection/application/keys.rs:27:10
   |
27 |     Slot(InboxError),
   |     ---- ^^^^^^^^^^
   |     |
   |     field in this variant
   |
   = note: `Error` has a derived impl for the trait `Debug`, but this is intentionally ignored during dead code analysis
help: consider changing the field to be of unit type to suppress this warning while preserving the field numbering, or remove the field
   |
27 -     Slot(InboxError),
27 +     Slot(()),
   |

warning: field `0` is never read
  --> src/connection/application/keys.rs:30:21
   |
30 |     UnexpectedLabel(u8),
   |     --------------- ^^
   |     |
   |     field in this variant
   |
   = note: `Error` has a derived impl for the trait `Debug`, but this is intentionally ignored during dead code analysis
help: consider changing the field to be of unit type to suppress this warning while preserving the field numbering, or remove the field
   |
30 -     UnexpectedLabel(u8),
30 +     UnexpectedLabel(()),
   |

warning: method `phase` is never used
  --> src/connection/application/keys.rs:94:19
   |
64 | impl<'scope> KeyOwner<'scope> {
   | ----------------------------- method in this implementation
...
94 |     pub(crate) fn phase(&self) -> Result<bool, Error> {
   |                   ^^^^^

warning: method `snapshot` is never used
  --> src/connection/application/transmit.rs:72:19
   |
61 | / impl<'book, 'streams, 'storage, 'scope, const N: usize, const RX: usize, const CHUNK: usize>
62 | |     State<'book, 'streams, 'storage, 'scope, N, RX, CHUNK>
   | |__________________________________________________________- method in this implementation
...
72 |       pub(crate) fn snapshot(&self) -> recovery::Snapshot { self.owners.borrow().book.snapshot() }
   |                     ^^^^^^^^

warning: constant `CLIENT_PARAMS` is never used
  --> src/../tests/support/tls_actor_fixture.rs:18:11
   |
18 | pub const CLIENT_PARAMS: &[u8] = &[4, 1, 42];
   |           ^^^^^^^^^^^^^

warning: constant evaluation is taking a long time
   --> vendor/hibana/src/global/const_dsl/allocation/frame_labels/reentry_domains.rs:60:13
    |
 60 | /             while prior < event {
 61 | |                 let previous = source.atom_at(prior);
 62 | |                 if previous.from == current.from
 63 | |                     && previous.to == current.to
...   |
 69 | |                 prior += 1;
 70 | |             }
    | |_____________^ the const evaluator is currently interpreting this expression
    |
help: the constant being evaluated
   --> vendor/hibana/src/g.rs:182:5
    |
182 |     const SOURCE: ProgramSourceData<CAPACITY> = ProgramSourceData::lower::<Steps>();
    |     ^^^^^^^^^^^^^^^^^^^^^^^^^^^^^^^^^^^^^^^^^

warning: constant evaluation is taking a long time
   --> vendor/hibana/src/global/role_program/image_impl/projection.rs:109:22
    |
109 |         let marker = markers.at(idx);
    |                      ^^^^^^^^^^^^^^^ the const evaluator is currently interpreting this expression
    |
help: the constant being evaluated
   --> vendor/hibana/src/g/role_projection.rs:27:5
    |
 27 |     const SCOPE_FACTS: crate::global::role_program::ScopeFacts =
    |     ^^^^^^^^^^^^^^^^^^^^^^^^^^^^^^^^^^^^^^^^^^^^^^^^^^^^^^^^^^

warning: constant evaluation is taking a long time
   --> vendor/hibana/src/global/const_dsl/source_arena.rs:49:9
    |
 49 |         self.at(index).event.is_primary_enter()
    |         ^^^^^^^^^^^^^^^^^^^^^^^^^^^^^^^^^^^^^^^ the const evaluator is currently interpreting this expression
    |
help: the constant being evaluated
   --> vendor/hibana/src/g/role_projection.rs:164:5
    |
164 |     const BUILD: Option<crate::global::role_program::RoleImageBuild<N>> =
    |     ^^^^^^^^^^^^^^^^^^^^^^^^^^^^^^^^^^^^^^^^^^^^^^^^^^^^^^^^^^^^^^^^^^^

warning: constant evaluation is taking a long time
   --> vendor/hibana/src/global/const_dsl/source_arena.rs:79:16
    |
 79 |             if marker.event.is_primary_enter() && marker.scope_id.same(scope) {
    |                ^^^^^^^^^^^^^^^^^^^^^^^^^^^^^^^ the const evaluator is currently interpreting this expression
    |
help: the constant being evaluated
   --> vendor/hibana/src/g.rs:191:5
    |
191 |     const VALIDATION: () = {
    |     ^^^^^^^^^^^^^^^^^^^^

warning: constant evaluation is taking a long time
   --> vendor/hibana/src/global/const_dsl/source_arena.rs:77:9
    |
 77 | /         while index < self.len {
 78 | |             let marker = self.at(index);
 79 | |             if marker.event.is_primary_enter() && marker.scope_id.same(scope) {
 80 | |                 return Some(index);
 81 | |             }
 82 | |             index += 1;
 83 | |         }
    | |_________^ the const evaluator is currently interpreting this expression
    |
help: the constant being evaluated
   --> vendor/hibana/src/g/role_projection.rs:101:5
    |
101 |     const PLAN: crate::global::role_program::RoleImagePlan =
    |     ^^^^^^^^^^^^^^^^^^^^^^^^^^^^^^^^^^^^^^^^^^^^^^^^^^^^^^

warning: constant evaluation is taking a long time
   --> vendor/hibana/src/global/const_dsl/scope_ranges.rs:113:15
    |
113 |     let end = marker.segment_end();
    |               ^^^^^^^^^^^^^^^^^^^^ the const evaluator is currently interpreting this expression
    |
help: the constant being evaluated
   --> vendor/hibana/src/g/role_projection.rs:164:5
    |
164 |     const BUILD: Option<crate::global::role_program::RoleImageBuild<N>> =
    |     ^^^^^^^^^^^^^^^^^^^^^^^^^^^^^^^^^^^^^^^^^^^^^^^^^^^^^^^^^^^^^^^^^^^

warning: constant evaluation is taking a long time
   --> vendor/hibana/src/global/const_dsl/source_arena.rs:79:16
    |
 79 |             if marker.event.is_primary_enter() && marker.scope_id.same(scope) {
    |                ^^^^^^^^^^^^^^^^^^^^^^^^^^^^^^^ the const evaluator is currently interpreting this expression
    |
help: the constant being evaluated
   --> vendor/hibana/src/g/role_projection.rs:164:5
    |
164 |     const BUILD: Option<crate::global::role_program::RoleImageBuild<N>> =
    |     ^^^^^^^^^^^^^^^^^^^^^^^^^^^^^^^^^^^^^^^^^^^^^^^^^^^^^^^^^^^^^^^^^^^

warning: constant evaluation is taking a long time
   --> vendor/hibana/src/global/role_program/image_impl/projection.rs:254:25
    |
254 |             let start = marker.offset();
    |                         ^^^^^^^^^^^^^^^ the const evaluator is currently interpreting this expression
    |
help: the constant being evaluated
   --> vendor/hibana/src/g/role_projection.rs:164:5
    |
164 |     const BUILD: Option<crate::global::role_program::RoleImageBuild<N>> =
    |     ^^^^^^^^^^^^^^^^^^^^^^^^^^^^^^^^^^^^^^^^^^^^^^^^^^^^^^^^^^^^^^^^^^^

warning: `hibana-quic` (lib test) generated 34 warnings (run `cargo fix --lib -p hibana-quic --tests` to apply 1 suggestion)
    Finished `test` profile [unoptimized + debuginfo] target(s) in 0.08s
     Running unittests src/lib.rs (/workspace/targets/quic-root/debug/deps/hibana_quic-610ced19be4537b9)

running 595 tests
test accounting::tests::ack_prevalidation_is_read_only_and_rejects_malformed_frames_atomically ... ok
test accounting::tests::ack_ranges_validate_atomically_without_iterating_packet_number_gaps ... ok
test accounting::tests::amplification_accounts_for_simultaneous_reservations ... ok
test accounting::tests::automatic_reclamation_reuses_tiny_history_without_reusing_numbers ... ok
test accounting::tests::bounded_history_returns_backpressure_and_ignores_old_ack ... ok
test accounting::tests::cancellation_after_acceptance_is_rejected ... ok
test accounting::tests::cancelled_and_retry_repacketized_numbers_are_never_reused ... ok
test accounting::tests::congestion_bounds_are_space_local_monotone_and_not_exact_rtt_samples ... ok
test accounting::tests::discarded_space_handles_maximum_bytes_and_exhausted_number ... ok
test accounting::tests::discarded_space_rejects_pending_ownership_without_mutation ... ok
test accounting::tests::discarded_space_releases_each_flight_byte_once_and_preserves_pn ... ok
test accounting::tests::duplicate_ack_and_loss_never_double_subtract ... ok
test accounting::tests::early_rejection_preserves_one_rtt_and_never_rewinds_shared_packet_numbers ... ok
test accounting::tests::early_rejection_preserves_one_rtt_path_metadata_in_shared_space ... ok
test accounting::tests::ecn_commits_only_on_acceptance_and_survives_loss_and_reclaim ... ok
test accounting::tests::ecn_overflow_and_ce_reject_before_flight_mutation ... ok
test accounting::tests::exhaustive_path_completion_sequences_preserve_amplification_invariant ... ok
test accounting::tests::exhaustive_short_completion_sequences_preserve_flight_invariant ... ok
test accounting::tests::late_lost_ack_keeps_rtt_classification_without_counting_flight_twice ... ok
test accounting::tests::later_sent_count_excludes_holes_other_spaces_and_reclaimed_history ... ok
test accounting::tests::malformed_ack_ranges_leave_flight_unchanged ... ok
test accounting::tests::mixed_old_and_new_ack_processes_retained_suffix_atomically ... ok
test accounting::tests::non_flight_packets_and_reservation_overflow_are_explicit ... ok
test accounting::tests::original_path_survives_loss_and_late_ack_without_affecting_new_path_flight ... ok
test accounting::tests::packet_number_exhaustion_does_not_wrap ... ok
test accounting::tests::packet_threshold_counts_exact_original_path_and_generation ... ok
test accounting::tests::padding_only_is_in_flight_but_not_ack_eliciting ... ok
test accounting::tests::path_serials_never_wrap_and_zero_capacity_is_backpressure ... ok
test accounting::tests::paths_generations_and_retirement_are_isolated ... ok
test accounting::tests::previous_ack_validation_does_not_bypass_later_retirement ... ok
test accounting::tests::reclaimed_ack_only_history_has_no_invented_active_path ... ok
test accounting::tests::reclamation_is_space_local_and_retirement_failure_is_atomic ... ok
test accounting::tests::reclamation_never_crosses_pending_or_in_flight_data ... ok
test accounting::tests::recovery_snapshots_and_exact_new_ack_state_are_distinct ... ok
test accounting::tests::retired_and_different_connection_completions_are_rejected ... ok
test accounting::tests::spaces_are_separate_and_zero_one_rtt_share_a_counter ... ok
test accounting::tests::stale_path_generation_connection_and_legacy_absence_never_gain_attribution ... ok
test accounting::tests::validated_path_and_saturated_amplification_limit_remain_overflow_safe ... ok
test bounded_tls::key_source::owned_level_tests::failed_source_polls_are_fatal_and_ordinary_absence_is_temporary ... ok
test bounded_tls::key_source::owned_level_tests::owned_level_receipt_binds_actual_aead_scope_packet_and_exact_plaintext ... ok
test bounded_tls::key_source::owned_level_tests::owned_level_rejects_wrong_kind_before_aead_and_discarded_initial_attachment ... ok
test bounded_tls::key_source::owned_level_tests::owned_level_tamper_wipes_buffer_and_counts_failure_without_minting_receipt ... ok
test bounded_tls::key_source::tests::actual_owned_tls_keys_and_finished_are_affine_scoped_and_allocation_free ... ok
test bounded_tls::key_source::tests::actual_resumption_early_keys_and_post_transfer_tickets_preserve_separate_authority ... ok
test bounded_tls::key_source::tests::cancelled_installations_and_legacy_state_cannot_be_reissued_or_migrated ... ok
test bounded_tls::key_source::tests::key_source_preserves_strict_cookie_hrr_and_never_mints_early_keys_or_finished ... ok
test carrier::tests::bound_roles_lanes_sessions_and_foreign_handles_cannot_cross ... ok
test carrier::tests::bounded_capacity_and_latest_reader_waker_are_observable ... ok
test carrier::tests::close_quarantines_queued_and_restored_frames_and_wakes_both_sides ... ok
test carrier::tests::dropping_a_port_wakes_peer_and_does_not_close_another_connection ... ok
test carrier::tests::new_binding_separates_generations_and_retired_ids_do_not_replay ... ok
test carrier::tests::pending_payload_is_not_retained_and_cancel_drops_waiter ... ok
test carrier::tests::replacing_reader_waker_allows_reentrant_close_without_delivering_after_close ... ok
test carrier::tests::replacing_writer_waker_allows_reentrant_close_without_pending_forever ... ok
test carrier::tests::requeue_is_same_handle_fifo_and_not_duplicate_commit ... ok
test connection::application::io::tests::exactly_sixteen_requests_reach_eof_without_capacity_failure ... ok
test connection::application::io::tests::seventeenth_request_is_rejected_while_still_pending ... ok
test connection::application::transmit::tests::dropping_actual_pending_udp_future_cancels_both_owned_reservations ... FAILED
test connection::application::transmit::tests::dropping_staged_state_cancels_recovery_and_the_only_stream_reference ... FAILED
test connection::application::transmit::tests::full_ordinary_ledger_close_preserves_accepted_and_cancelled_packet_number_burns ... FAILED
test connection::application_stream::tests::consume_replenishes_credit_and_control_retransmits_until_ack ... ok
test connection::application_stream::tests::publication_cancel_loss_late_ack_and_send_completion ... ok
test connection::application_stream::tests::stop_while_adapter_pending_settles_then_reliably_resets ... ok
test connection::application_stream::tests::stream_limits_and_non_application_ack_are_rejected ... ok
test connection::application_stream::tests::three_streams_have_independent_windows_payloads_and_completion ... ok
test connection::initial::tests::finite_retirement_lane_waits_for_udp_cancellation_then_returns_actual_proof ... ok
test connection::initial::tests::foreign_scope_retirement_cannot_revoke_initial_keys ... ok
test connection::initial::tests::initial_revoked_before_poll_never_calls_adapter ... ok
test connection::initial::tests::pending_initial_io_is_dropped_before_numeric_space_retirement ... ok
test connection::initial::tests::same_poll_ready_acceptance_survives_initial_key_revocation ... ok
test connection::recovery::tests::actual_ack_declares_only_eligible_loss_and_duplicate_ack_mints_no_new_key_receipt ... ok
test connection::recovery::tests::actual_validated_finished_and_handshake_done_gate_confirmation_and_old_space_retirement ... ok
test connection::recovery::tests::aggregate_cancellation_clears_reservations_and_preserves_burned_packet_numbers ... ok
test connection::recovery::tests::authenticated_ack_invalidates_a_stale_timer_and_ack_snapshot ... ok
test connection::recovery::tests::authenticated_ack_releases_crypto_without_refunding_accepted_amplification ... ok
test connection::recovery::tests::bounded_ranges_reorder_merge_and_capacity_error_preserve_history ... ok
test connection::recovery::tests::completion_before_reservation_preparation_is_rejected_without_acceptance_effects ... ok
test connection::recovery::tests::completion_observer_waits_for_current_ack_acceptance_and_every_pending_publication ... ok
test connection::recovery::tests::delayed_acceptance_rechecks_loss_after_a_later_packet_was_acknowledged ... ok
test connection::recovery::tests::delayed_adapter_completion_keeps_real_send_time_after_later_rx_and_timer_observations ... ok
test connection::recovery::tests::failed_recovery_construction_consumes_the_one_shot_arena_claim ... ok
test connection::recovery::tests::initial_retirement_requires_actual_acceptance_and_returns_token_until_initial_reservations_settle ... ok
test connection::recovery::tests::key_ack_bridge_preserves_actual_scope_and_rejects_an_older_receiving_epoch ... ok
test connection::recovery::tests::lost_first_flight_pto_retains_data_burns_new_numbers_and_refunds_rejected_probe ... ok
test connection::recovery::tests::more_than_64_real_acknowledged_or_rejected_sends_reclaim_bounded_storage_without_allocating ... ok
test connection::recovery::tests::old_space_transport_close_passes_authenticated_preflight_without_delivery_effects ... ok
test connection::recovery::tests::owned_initial_receipt_arena_bridge_rejects_wrong_plaintext_and_foreign_scope ... ok
test connection::recovery::tests::reordered_completion_callbacks_preserve_pn_send_times_latest_pto_and_rtt_sample ... ok
test connection::recovery::tests::reserved_cancelled_foreign_or_changed_ack_never_mutates_sent_history ... ok
test connection::scheduler_tests::fixed_connection_preflight_bounds_original_id_without_banning_zero_peer_id ... ok
test connection::scheduler_tests::replacing_waker_allows_reentrant_drop_and_observes_its_revision ... ok
test connection::timer::tests::expiry_and_retirement_progress_while_udp_publication_is_pending ... ok
test connection_id::tests::arbitrary_retirement_gaps_and_acked_duplicates_never_reopen ... ok
test connection_id::tests::authenticated_new_can_supply_initial_token_but_never_reopen_initial ... ok
test connection_id::tests::authenticated_rebinding_requires_same_local_and_an_actual_send ... ok
test connection_id::tests::cid_bounds_and_token_debug ... ok
test connection_id::tests::deferred_retirement_cannot_be_legalized_by_a_later_advertisement ... ok
test connection_id::tests::early_admission_copy_enforces_remembered_cumulative_credit_without_effects ... ok
test connection_id::tests::handles_reject_other_tables_connections_and_reinitialized_storage ... ok
test connection_id::tests::local_rejects_invalid_and_decreasing_floor_without_consuming_sequence ... ok
test connection_id::tests::local_reordered_advertisements_use_precise_highest_sent_bound ... ok
test connection_id::tests::local_sequence_preferred_and_routing_until_actual_retire ... ok
test connection_id::tests::local_uniqueness_survives_retirement_and_capacity_is_atomic ... ok
test connection_id::tests::local_unsent_advertisements_do_not_authorize_retirement ... ok
test connection_id::tests::peer_limit_is_checked_after_retirement_and_failures_are_atomic ... ok
test connection_id::tests::peer_reordered_new_frames_floor_and_duplicate_invariants ... ok
test connection_id::tests::reset_requires_authenticated_token_used_cid_and_exact_remote ... ok
test connection_id::tests::slot_generation_exhaustion_and_invalid_construction_are_atomic ... ok
test connection_id::tests::verified_transport_tokens_conflict_and_duplicate_rules ... ok
test crypto::directional::tests::authenticated_generation_pn_violation_is_terminal_and_wipes_plaintext ... ok
test crypto::directional::tests::both_directions_keep_monotonic_time_and_discard_is_terminal ... ok
test crypto::directional::tests::consumed_combined_state_preserves_generation_prepared_keys_and_send_usage ... ok
test crypto::directional::tests::cross_scope_peer_installation_is_rejected_even_with_same_numeric_connection_generation ... ok
test crypto::directional::tests::current_epoch_ack_requires_a_current_seal_and_matching_epoch_packet_bounds ... ok
test crypto::directional::tests::directional_epochs_match_combined_ciphertext_plaintext_masks_and_limits_without_allocation ... ok
test crypto::directional::tests::dropped_local_readiness_blocks_rx_and_cannot_be_recreated_from_snapshot ... ok
test crypto::directional::tests::dropped_peer_or_install_receipt_never_releases_new_epoch_ack_authority ... ok
test crypto::directional::tests::epoch_bound_ack_carried_under_older_read_keys_remains_terminal ... ok
test crypto::directional::tests::forged_phase_and_missing_prepared_key_debit_one_attempt_and_never_promote ... ok
test crypto::directional::tests::installation_is_claimed_once_before_keys_arrive_and_identity_stays_stable ... ok
test crypto::directional::tests::installed_receipt_cannot_complete_another_receivers_pending_transition ... ok
test crypto::directional::tests::installed_transition_carries_monotonic_clock_forward_between_directions ... ok
test crypto::directional::tests::local_readiness_requires_confirmation_valid_ack_and_matching_owners ... ok
test crypto::directional::tests::local_update_cannot_predate_rx_readiness_and_rejected_readiness_can_be_cancelled ... ok
test crypto::directional::tests::old_epoch_ack_before_current_send_preserves_progress_without_current_update_permission ... ok
test crypto::directional::tests::old_epoch_exception_retains_scope_packet_number_and_authenticated_receive_bounds ... ok
test crypto::directional::tests::retained_old_key_expires_only_three_pto_after_authenticated_peer_response ... ok
test crypto::directional::tests::same_generation_foreign_handshake_and_validated_ack_scopes_cannot_authorize_updates ... ok
test crypto::directional::tests::shared_integrity_exhaustion_survives_both_directional_maintenance_and_updates ... ok
test crypto::external_authentication_budget_tests::actual_attempts_debit_once_and_success_never_debits ... ok
test crypto::external_authentication_budget_tests::encountered_limits_only_tighten_even_after_success ... ok
test crypto::external_authentication_budget_tests::final_failure_is_terminal_and_exhaustion_never_invokes_backend ... ok
test crypto::external_authentication_budget_tests::loan_tombstone_never_invokes_external_backend ... ok
test crypto::key_update_tests::ack_of_new_keys_carried_under_old_keys_is_terminal ... ok
test crypto::key_update_tests::authenticated_newer_key_with_lower_packet_number_is_terminal ... ok
test crypto::key_update_tests::delayed_old_packets_retained_until_authenticated_response_plus_three_pto ... ok
test crypto::key_update_tests::forged_phase_never_promotes_or_runs_fallback_and_keeps_next_keys ... ok
test crypto::key_update_tests::missing_prepared_keys_use_one_surrogate_attempt_never_plaintext ... ok
test crypto::key_update_tests::real_phases_wrap_unchanged_hp_monotonic_pn_and_ack_cadence ... ok
test crypto::key_update_tests::update_requires_real_authorization_and_clock_is_checked ... ok
test crypto::role_transfer_tests::cancelling_transferred_integrity_budget_cannot_restore_the_source ... ok
test crypto::role_transfer_tests::fresh_initial_replacement_retains_nonce_and_confidentiality_guards ... ok
test crypto::role_transfer_tests::initial_replacement_cannot_reset_an_exhausted_confidentiality_limit ... ok
test crypto::role_transfer_tests::moved_integrity_budget_leaves_exhausted_owner_until_exact_budget_returns ... ok
test crypto::role_transfer_tests::usage_transfer_rejects_used_candidates_and_inactive_or_wrong_kind_keys ... ok
test crypto::tests::both_suites_reject_every_corrupted_byte_and_wrong_aad_nonce_key ... ok
test crypto::tests::chacha_header_protection_accepts_maximum_u32_counter ... ok
test crypto::tests::empty_payload_max_packet_number_and_size_preconditions ... ok
test crypto::tests::header_bounds_reject_without_partial_mutation ... ok
test crypto::tests::header_roundtrip_all_packet_number_lengths_and_both_forms ... ok
test crypto::tests::nonce_limits_key_use_and_discard_are_enforced ... ok
test crypto::tests::rfc9001_a1_initial_keys ... ok
test crypto::tests::rfc9001_a2_client_initial_complete_1200_byte_packet ... ok
test crypto::tests::rfc9001_a3_server_initial_complete_packet ... ok
test crypto::tests::rfc9001_a4_retry_integrity_and_corruption ... ok
test crypto::tests::rfc9001_a5_chacha_complete_packet ... ok
test crypto::tests::updates_preserve_header_key_packet_numbers_and_global_integrity_budget ... ok
test early_control::tests::all_legal_controls_roundtrip_and_forbidden_frames_never_enter_store ... ok
test early_control::tests::fifo_release_retains_original_context_and_rejects_stale_and_late_tickets ... ok
test early_control::tests::foreign_generation_and_exhausted_revision_cannot_reuse_a_slot ... ok
test early_control::tests::terminal_close_is_immediate_preserves_fields_and_validates_the_entire_packet ... ok
test early_control::tests::whole_packet_capacity_and_malformed_tail_leave_no_partial_admission ... ok
test early_data::tests::all_relevant_limit_reductions_and_changed_policies_reject ... ok
test early_data::tests::authenticated_bytes_are_quarantined_until_finished_then_release_once ... ok
test early_data::tests::deferred_stream_controls_enforce_remembered_count_and_direction_before_finished ... ok
test early_data::tests::failed_overlap_final_size_and_flow_updates_leave_state_unchanged ... ok
test early_data::tests::foreign_release_descriptor_and_generation_are_rejected ... ok
test early_data::tests::late_early_ranges_after_finished_preserve_history_and_do_not_release_twice ... ok
test early_data::tests::packet_preflight_bounds_frames_and_preserves_protocol_error_classification ... ok
test early_data::tests::packet_preflight_charges_each_stream_maximum_once_then_all_commits_succeed ... ok
test early_data::tests::packet_preflight_validates_cross_frame_high_water_final_size_and_overlap_atomically ... ok
test early_data::tests::policy_requires_explicit_opt_in_and_backed_credit ... ok
test early_data::tests::rejection_and_drop_wipe_bytes_without_refunding_replay ... ok
test early_data::tests::remembered_parameters_roundtrip_and_forbidden_fields_are_not_restored ... ok
test early_data::tests::replay_claims_survive_reborrow_drop_and_capacity_pressure ... ok
test early_data::tests::replay_expiry_clock_and_identifier_exhaustion_fail_closed ... ok
test early_data::tests::reset_admission_uses_remembered_credit_and_final_size_without_releasing_withheld_data ... ok
test early_data::tests::reset_and_stream_pair_preflight_matches_real_commits_in_both_orders ... ok
test early_data::tests::restarted_key_epoch_cannot_complete_old_release_even_if_caller_reuses_generation ... ok
test early_data::tests::sparse_ranges_and_empty_offset_markers_survive_handoff ... ok
test early_data::tests::successful_pair_preflight_guarantees_both_sequential_stream_commits ... ok
test early_send::tests::accepted_and_rejected_import_use_real_stream_queue_without_old_handle_revival ... ok
test early_send::tests::accepted_import_preserves_exact_packet_refs_and_rejects_copied_completion ... ok
test early_send::tests::accepted_lost_reference_remains_retransmittable_and_late_ack_eligible_after_import ... ok
test early_send::tests::capacity_failure_is_atomic_and_foreign_handles_cannot_authorize ... ok
test early_send::tests::foreign_connection_import_is_atomic_and_does_not_release_owned_intent ... ok
test early_send::tests::reference_capacity_backpressures_without_losing_intent ... ok
test early_send::tests::rejected_intent_keeps_bytes_but_not_credit_handles_or_packet_refs ... ok
test early_send::tests::rejected_request_replays_in_prefixes_when_new_credit_is_smaller ... ok
test early_send::tests::rejected_request_with_smaller_fresh_credit_remains_owned_until_credit_update ... ok
test early_send::tests::retry_requeues_accepted_copies_and_preserves_intent_and_packet_floor ... ok
test ecn::tests::ack_loss_allows_counter_increase_larger_than_new_ack_count ... ok
test ecn::tests::advancing_ack_counters_cannot_decrease ... ok
test ecn::tests::all_probe_loss_disables_marking_and_late_ack_does_not_reenable ... ok
test ecn::tests::ce_is_not_double_counted_for_mixed_ect_codepoints ... ok
test ecn::tests::impossible_remarking_and_ce_counts_disable_path ... ok
test ecn::tests::missing_or_bleached_feedback_disables_path ... ok
test ecn::tests::no_marked_ack_cannot_create_capability ... ok
test ecn::tests::real_ce_delta_is_reported_once_and_later_validation_can_fail ... ok
test ecn::tests::receive_counts_are_per_space_and_require_real_observation ... ok
test ecn::tests::receive_overflow_is_atomic ... ok
test ecn::tests::reordered_acks_never_fail_validation_or_reuse_ce_delta ... ok
test ecn::tests::spaces_do_not_share_counters_or_ack_highwaters ... ok
test ecn::tests::stale_path_send_reuse_and_bad_ledger_are_rejected_without_credit ... ok
test ecn::tests::ten_packets_or_three_ptos_end_testing_without_claiming_capability ... ok
test ecn::tests::timer_overflow_does_not_publish_send_counts ... ok
test ecn::tests::tos_masks_only_ecn_bits ... ok
test flights::tests::ack_during_pending_adapter_does_not_recycle_lease ... ok
test flights::tests::cancellation_preserves_unsent_data_and_duplicate_callbacks_fail ... ok
test flights::tests::lost_packet_does_not_release_data_and_ack_of_retransmission_does ... ok
test flights::tests::retry_pending_adapter_rejection_is_atomic ... ok
test flights::tests::retry_requeues_bytes_and_offsets_without_old_packet_authority ... ok
test flow::tests::credit_never_shrinks_and_overflow_fails ... ok
test flow::tests::final_size_and_zero_fin_are_irrevocable ... ok
test flow::tests::out_of_order_and_duplicates_count_high_water_only ... ok
test flow::tests::reset_charges_unseen_bytes_and_is_transactional ... ok
test handshake::tests::compact_bitmap_handles_partial_bytes_and_ring_wrap ... ok
test handshake::tests::consumed_retransmissions_never_reenter_transcript ... ok
test handshake::tests::insertion_errors_are_transactional ... ok
test handshake::tests::reorder_duplicate_and_wrap ... ok
test handshake::tests::tls_framing_rejects_truncation_and_bound ... ok
test handshake::tests::window_can_process_unbounded_cumulative_input ... ok
test idle::tests::a_shorter_current_pto_can_expire_without_a_new_activity_anchor ... ok
test idle::tests::activity_at_same_timestamp_still_invalidates_queued_timer ... ok
test idle::tests::callback_refreshes_changed_pto_then_old_token_is_stale ... ok
test idle::tests::corrupt_unprocessed_and_rejected_events_only_poll ... ok
test idle::tests::current_three_pto_floor_does_not_restart_activity ... ok
test idle::tests::exact_expiry_is_silent_terminal_and_cannot_be_revived ... ok
test idle::tests::first_accepted_ack_eliciting_send_only_restarts_once ... ok
test idle::tests::local_limit_applies_before_peer_parameters ... ok
test idle::tests::minimum_nonzero_negotiation_and_disabled_timer ... ok
test idle::tests::negotiation_is_idempotent_and_does_not_reset_a_send_allowance ... ok
test idle::tests::negotiation_itself_does_not_create_activity ... ok
test idle::tests::revision_exhaustion_is_checked_but_cannot_prevent_silent_expiry ... ok
test idle::tests::stopped_policy_cannot_replace_closing_or_draining_retention ... ok
test idle::tests::successful_ack_only_receive_rearms_one_send_allowance ... ok
test idle::tests::time_rollback_and_bad_inputs_leave_state_unchanged ... ok
test idle::tests::timeout_conversion_and_deadline_overflow_are_checked ... ok
test idle::tests::timers_reject_foreign_superseded_duplicate_and_early_callbacks ... ok
test idle::tests::very_large_peer_parameter_is_minimized_before_unit_conversion ... ok
test key_exchange::tests::fresh_injected_entropy_and_failure_are_explicit ... ok
test key_exchange::tests::invalid_lengths_and_low_order_points_reject ... ok
test key_exchange::tests::rfc7748_masks_public_high_bit ... ok
test key_exchange::tests::rfc7748_section_61_agreement ... ok
test lifecycle::tests::accepted_send_has_no_autonomous_retransmission ... ok
test lifecycle::tests::expiry_invalidates_unsent_output_and_stale_timers_are_idempotent ... ok
test lifecycle::tests::extreme_time_and_small_pto_bound_all_attempts ... ok
test lifecycle::tests::foreign_generation_never_changes_state_or_clock ... ok
test lifecycle::tests::incoming_requests_coalesce_and_back_off ... ok
test lifecycle::tests::invalid_clock_and_overflow_cannot_mutate_pending_or_reopen ... ok
test lifecycle::tests::peer_close_never_responds_and_preserves_closing_deadline ... ok
test lifecycle::tests::queued_timer_tokens_reject_superseded_duplicate_and_early_callbacks ... ok
test lifecycle::tests::reason_bounds_and_handshake_privacy ... ok
test lifecycle::tests::rejected_adapter_retries_without_send_credit_or_busy_loop ... ok
test lifecycle::tests::stale_adapter_result_cannot_consume_new_reservation ... ok
test lifecycle::tests::three_pto_expiry_and_duplicate_close_do_not_extend ... ok
test migration::tests::absent_or_retired_fallback_never_silently_selects_unvalidated_address ... ok
test migration::tests::client_preferred_waits_for_confirmed_handshake_and_real_challenge_validation ... ok
test migration::tests::failed_spoofed_address_returns_to_live_validated_fallback ... ok
test migration::tests::highest_non_probing_packet_selects_server_rebinding_and_requests_both_probes ... ok
test migration::tests::peer_disable_blocks_client_local_migration_but_server_can_validate_nat_rebinding ... ok
test migration::tests::preconfirmation_peer_change_is_not_a_migration_and_probe_only_is_not_selection ... ok
test migration::tests::preferred_address_parser_preserves_borrowed_cid_token_and_rejects_truncation ... ok
test migration::tests::preferred_failure_keeps_original_server_and_does_not_leak_across_connections ... ok
test migration::tests::server_preferred_needs_validation_and_current_highest_non_probing_packet ... ok
test migration::tests::unknown_server_and_unconfigured_server_local_addresses_are_discarded ... ok
test packet::tests::ack_range_constructor_rejects_empty_adjacent_overlapping_and_overflow ... ok
test packet::tests::ack_ranges_have_inclusive_bounds_and_validate_underflow ... ok
test packet::tests::all_stream_type_bits_and_no_length_consumes_remainder ... ok
test packet::tests::all_v1_frame_shapes_roundtrip_without_allocation ... ok
test packet::tests::borrowed_payload_refers_to_original_input ... ok
test packet::tests::cid_token_and_stream_count_constraints ... ok
test packet::tests::coalesced_long_and_short_packets_have_correct_boundaries ... ok
test packet::tests::deterministic_malformed_input_smoke_has_no_panics_or_unbounded_iteration ... ok
test packet::tests::header_encoding_errors_do_not_modify_output ... ok
test packet::tests::invalid_outbound_frames_do_not_modify_output ... ok
test packet::tests::level_permissions_match_rfc_table_three ... ok
test packet::tests::local_limits_are_distinct_fused_errors ... ok
test packet::tests::non_minimal_frame_type_rejected_other_fields_accepted ... ok
test packet::tests::non_minimal_header_lengths_are_accepted ... ok
test packet::tests::packet_number_decodes_full_four_byte_field ... ok
test packet::tests::packet_number_exhaustive_small_window_nearest_oracle ... ok
test packet::tests::packet_number_rfc_vector_and_wraps ... ok
test packet::tests::packet_truncation_lengths_and_fixed_bit_are_checked ... ok
test packet::tests::padding_runs_are_bounded_and_frame_flags_are_classified ... ok
test packet::tests::retry_requires_token_and_full_tag ... ok
test packet::tests::rfc_varint_vectors_and_non_minimal_encoding ... ok
test packet::tests::stream_and_crypto_offsets_cannot_exceed_sixty_two_bits ... ok
test packet::tests::truncated_frames_and_ack_ecn_fields_fail ... ok
test packet::tests::unknown_version_and_version_negotiation_are_version_independent ... ok
test packet::tests::varint_boundaries_and_atomic_errors ... ok
test parameters::tests::numeric_bounds_and_forbidden_server_fields ... ok
test parameters::tests::preferred_address_and_truncation ... ok
test parameters::tests::rejects_missing_duplicate_unknown_and_capacity ... ok
test parameters::tests::validates_ids_and_nonminimal_integer_value ... ok
test path::tests::constrained_response_may_be_short_but_never_exceeds_credit ... ok
test path::tests::cross_path_response_validates_only_the_original_target_once ... ok
test path::tests::entropy_failure_and_repeated_entropy_leave_reservations_unchanged ... ok
test path::tests::expired_and_forged_responses_cannot_create_validation ... ok
test path::tests::failure_keeps_alternative_valid_path_and_credit_independent ... ok
test path::tests::invalid_config_clock_and_counter_boundaries_fail_closed ... ok
test path::tests::path_storage_and_response_storage_exhaustion_are_explicit ... ok
test path::tests::probe_expansion_is_required_whenever_budget_allows ... ok
test path::tests::rejected_probe_is_not_validation_evidence_and_does_not_spend_attempt ... ok
test path::tests::response_queue_routes_to_receipt_path_and_commits_once ... ok
test path::tests::retry_schedule_freshness_and_attempt_limit_are_bounded ... ok
test path::tests::reused_slot_and_new_connection_reject_stale_descriptors_and_responses ... ok
test path::tests::short_probe_only_validates_address_then_requires_fresh_expanded_probe ... ok
test path::tests::success_invalidates_other_outstanding_challenges ... ok
test path::tests::terminal_cleanup_reuses_caller_storage_without_reviving_pending_descriptors ... ok
test path::tests::unvalidated_paths_have_independent_actual_three_times_budgets ... ok
test recovery::tests::anti_deadlock_rearms_when_space_duration_or_timer_mode_changes ... ok
test recovery::tests::client_anti_deadlock_pto_survives_empty_flight_and_only_zero_rtt ... ok
test recovery::tests::equivalent_anti_deadlock_updates_preserve_the_original_deadline ... ok
test recovery::tests::extreme_rtt_math_never_wraps ... ok
test recovery::tests::initial_and_handshake_ack_delays_are_ignored ... ok
test recovery::tests::initial_window_minimum_and_cwnd_probe_exception ... ok
test recovery::tests::local_key_wait_and_zero_timestamp_are_explicit ... ok
test recovery::tests::loss_time_rounding_and_integer_boundaries ... ok
test recovery::tests::loss_timer_takes_precedence_even_when_server_cannot_probe ... ok
test recovery::tests::newreno_growth_saturates_safely_at_counter_limit ... ok
test recovery::tests::newreno_loss_epoch_ack_suppression_and_additive_increase ... ok
test recovery::tests::newreno_small_acks_accumulate_and_underutilized_ack_does_not_grow ... ok
test recovery::tests::newreno_uses_once_only_ledger_bytes_without_double_subtraction ... ok
test recovery::tests::pacing_ack_bypass_probe_credit_and_old_rate_accounting ... ok
test recovery::tests::pacing_burst_refill_and_fractional_deadlines ... ok
test recovery::tests::pacing_invalid_inputs_clock_reversal_and_overflow_are_non_mutating ... ok
test recovery::tests::persistent_congestion_does_not_hide_acknowledged_timestamp_ties ... ok
test recovery::tests::persistent_congestion_duration_is_strict_and_has_no_pto_backoff ... ok
test recovery::tests::persistent_congestion_requires_prior_rtt_two_ack_eliciting_ends_and_complete_loss ... ok
test recovery::tests::persistent_history_order_capacity_and_duplicate_reset_are_checked ... ok
test recovery::tests::pto_emits_probes_once_and_backs_off_without_loss ... ok
test recovery::tests::pto_selects_earliest_space_and_applies_ack_delay_only_to_application ... ok
test recovery::tests::rtt_delay_is_uncapped_before_confirmation_and_never_below_minimum ... ok
test recovery::tests::rtt_initial_values_first_sample_and_standard_update ... ok
test recovery::tests::rtt_sampling_gates_and_invalid_times_do_not_change_estimator ... ok
test recovery::tests::time_and_gap_aware_packet_loss_thresholds ... ok
test recovery::tests::timer_discard_reversal_missing_metadata_and_overflow_are_safe ... ok
test retry::tests::builder_preflights_buffers_and_token_semantics ... ok
test retry::tests::cid_mismatch_does_not_consume_admission ... ok
test retry::tests::corrupt_every_retry_byte_and_truncate_without_consuming_state ... ok
test retry::tests::each_token_admits_at_most_one_new_connection ... ok
test retry::tests::empty_retry_source_is_valid_if_different_from_original ... ok
test retry::tests::every_token_byte_and_truncation_is_authenticated_or_rejected ... ok
test retry::tests::expiry_is_exclusive_and_clock_cannot_move_backwards ... ok
test retry::tests::fresh_keys_reject_previous_tokens_and_limits_fail_closed ... ok
test retry::tests::full_replay_cache_never_evicts_unexpired_admission ... ok
test retry::tests::generation_requires_entropy_positive_bounded_lifetime_and_replay_capacity ... ok
test retry::tests::initial_processed_and_stale_checked_retry_cannot_mutate_client ... ok
test retry::tests::issue_errors_preserve_output_nonce_and_clock ... ok
test retry::tests::max_and_empty_cids_roundtrip_and_noncanonical_claims_reject ... ok
test retry::tests::opaque_token_roundtrip_has_exact_claims ... ok
test retry::tests::retry_cid_identity_and_capacity_are_checked_before_commit ... ok
test retry::tests::rfc9001_a4_retry_encode_validate_commit ... ok
test retry::tests::tokens_bind_ip_port_and_address_family ... ok
test retry::tests::unused_retry_bits_are_accepted_when_integrity_is_valid ... ok
test roles::connection_authority::tests::actual_finished_binds_parameters_and_splits_distinct_permissions ... ok
test roles::connection_authority::tests::substituted_parameter_bytes_cannot_mint_ready_grants ... ok
test roles::connection_authority::tests::wrong_connection_identity_cannot_mint_ready_grants ... ok
test roles::early_owner::tests::actual_finished_releases_bound_frames_once_and_settlement_handles_backpressure ... ok
test roles::early_owner::tests::authenticated_zero_rtt_ack_cannot_mint_any_effect_authority ... ok
test roles::early_owner::tests::cancelling_a_live_q1_role_erases_held_controls_and_clears_exchange ... ok
test roles::early_owner::tests::control_capacity_failure_does_not_mark_packet_or_charge_stream_bytes ... ok
test roles::early_owner::tests::exact_tls_plaintext_binding_and_wrong_generation_are_rejected ... ok
test roles::early_owner::tests::first_finished_then_repeated_inspection_and_retirement_needs_no_dummy_packet ... FAILED
test roles::early_owner::tests::non_accepted_actual_finished_erases_quarantine_and_deferred_controls ... ok
test roles::early_owner::tests::pending_path_check_is_effect_free_and_cancellation_preserves_freshness ... ok
test roles::early_owner::tests::q1_projected_holding_and_release_continuations_use_real_owned_resources ... ok
test roles::early_owner::tests::terminal_close_wipes_quarantine_without_finished_and_preserves_reason ... ok
test roles::packet_authority::scoped::tests::cancelled_ack_stays_invalid_after_slot_reuse_and_duplicate_mint_is_rejected ... ok
test roles::packet_authority::scoped::tests::dropped_construction_tokens_cannot_be_reissued_from_the_same_key_scope ... ok
test roles::packet_authority::scoped::tests::equal_generation_foreign_arena_packet_and_ack_cannot_consume_colliding_slots ... ok
test roles::packet_authority::scoped::tests::equal_generation_foreign_key_scope_receipt_is_rejected_before_admission ... ok
test roles::packet_authority::scoped::tests::live_arena_blocks_second_arena_even_with_distinct_caller_storage ... ok
test roles::packet_authority::scoped::tests::recovery_claim_cannot_be_reissued_after_binding_is_dropped ... ok
test roles::packet_authority::scoped::tests::scoped_arena_precedes_install_and_preserves_authenticated_facts_without_allocation ... ok
test roles::packet_authority::scoped::tests::scoped_arena_rejects_mismatched_generation_even_with_zero_capacity ... ok
test roles::packet_authority::scoped::tests::scoped_capacity_failure_is_retryable_after_consuming_live_effect ... ok
test roles::packet_authority::scoped::tests::scoped_delivery_rejects_foreign_arena_before_consuming_live_effect ... ok
test roles::packet_authority::scoped::tests::scoped_receive_checks_plaintext_at_conversion_and_at_admission ... ok
test roles::path_owner::tests::abandonment_keeps_slot_and_blocks_send_until_recovery_settlement ... ok
test roles::path_owner::tests::abandonment_rejects_cross_generation_and_stale_completion_without_cleanup ... ok
test roles::path_owner::tests::actual_authenticated_rebinding_keeps_cid_on_same_local_and_requires_probe ... ok
test roles::path_owner::tests::actual_finished_generation_cannot_install_another_connection ... ok
test roles::path_owner::tests::actual_server_retry_admission_releases_only_address_amplification_once ... ok
test roles::path_owner::tests::altered_or_replayed_callback_does_not_release_another_reservation ... ok
test roles::path_owner::tests::authenticated_frame_grant_is_affine_cancelled_and_ordinal_bound ... ok
test roles::path_owner::tests::bootstrap_destination_is_distinct_from_learned_zero_peer_scid ... ok
test roles::path_owner::tests::cancelled_initial_learning_grant_cannot_reopen_a_reused_arena_slot ... ok
test roles::path_owner::tests::cancelling_pending_actor_releases_reservation_and_prevents_reuse ... 
thread 'roles::path_owner::tests::cancelling_pending_actor_releases_reservation_and_prevents_reuse' (70432) has overflowed its stack
fatal runtime error: stack overflow, aborting
error: test failed, to rerun pass `--lib`

Caused by:
  process didn't exit successfully: `/workspace/targets/quic-root/debug/deps/hibana_quic-610ced19be4537b9 --test-threads=1` (signal: 6, SIGABRT: process abort signal)
