warning: unreachable pattern
   --> src/connection/recovery.rs:256:95
    |
256 |     match level { Level::Initial => Ok(0), Level::Handshake => Ok(1), Level::OneRtt => Ok(2), _ => Err(Error::UnsupportedLevel) }
    |                                                                                               ^ no value can reach this
    |
note: multiple earlier patterns match some of the same values
   --> src/connection/recovery.rs:256:95
    |
256 |     match level { Level::Initial => Ok(0), Level::Handshake => Ok(1), Level::OneRtt => Ok(2), _ => Err(Error::UnsupportedLevel) }
    |                   --------------           ----------------           -------------           ^ collectively making this unreachable
    |                   |                        |                          |
    |                   |                        |                          matches some of the same values
    |                   |                        matches some of the same values
    |                   matches some of the same values
    = note: `#[warn(unreachable_patterns)]` (part of `#[warn(unused)]`) on by default

warning: variable does not need to be mutable
    --> src/connection/recovery.rs:1023:17
     |
1023 |             let mut $book = Recovery::<2048>::new($arena.claim_recovery().unwrap(), $side, 333_000, 1200).unwrap();
     |                 ----^^^^^
     |                 |
     |                 help: remove this `mut`
...
1425 |         book!(book, scope, installation, arena, Side::Client, 78);
     |         --------------------------------------------------------- in this macro invocation
     |
     = note: `#[warn(unused_mut)]` (part of `#[warn(unused)]`) on by default
     = note: this warning originates in the macro `book` (in Nightly builds, run with -Z macro-backtrace for more info)

warning: constant `SERVER_PARAMS` is never used
  --> src/bounded_tls/../../tests/support/tls_actor_fixture.rs:19:11
   |
19 | pub const SERVER_PARAMS: &[u8] = &[4, 1, 63];
   |           ^^^^^^^^^^^^^
   |
   = note: `#[warn(dead_code)]` (part of `#[warn(unused)]`) on by default

warning: function `signing_key` is never used
  --> src/bounded_tls/../../tests/support/tls_actor_fixture.rs:20:8
   |
20 | pub fn signing_key() -> SigningKey {
   |        ^^^^^^^^^^^

warning: constant `LEAF_DER` is never used
   --> src/bounded_tls/../../tests/support/tls_actor_fixture.rs:100:11
    |
100 | pub const LEAF_DER: &[u8] = &[
    |           ^^^^^^^^

warning: associated function `from_confirmed` is never used
   --> src/crypto/directional.rs:155:19
    |
149 | impl<'a> ScopedHandshakeConfirmation<'a> {
    | ---------------------------------------- associated function in this implementation
...
155 |     pub(crate) fn from_confirmed(scope: &'a ApplicationKeyScope, confirmation: HandshakeConfirmation)
    |                   ^^^^^^^^^^^^^^

warning: associated function `from_validated` is never used
   --> src/crypto/directional.rs:190:19
    |
174 | impl<'a> ValidatedKeyAck<'a> {
    | ---------------------------- associated function in this implementation
...
190 |     pub(crate) fn from_validated(scope: &'a ApplicationKeyScope, grant: KeyAckGrant) -> Result<Self, Error> {
    |                   ^^^^^^^^^^^^^^

warning: method `accepts_authenticated_generation` is never used
   --> src/early_data.rs:611:19
    |
585 | impl<'a, const BYTES: usize> Quarantine<'a, BYTES> {
    | -------------------------------------------------- method in this implementation
...
611 |     pub(crate) fn accepts_authenticated_generation(&self, generation: u64) -> bool {
    |                   ^^^^^^^^^^^^^^^^^^^^^^^^^^^^^^^^

warning: constant `CLIENT_PARAMS` is never used
  --> src/roles/tls_owner/../../../tests/support/tls_actor_fixture.rs:18:11
   |
18 | pub const CLIENT_PARAMS: &[u8] = &[4, 1, 42];
   |           ^^^^^^^^^^^^^

warning: constant `SERVER_PARAMS` is never used
  --> src/roles/tls_owner/../../../tests/support/tls_actor_fixture.rs:19:11
   |
19 | pub const SERVER_PARAMS: &[u8] = &[4, 1, 63];
   |           ^^^^^^^^^^^^^

warning: associated function `from_received` is never used
  --> src/roles/packet_authority/scoped.rs:72:19
   |
47 | impl<'a> ScopedReceiveEvidence<'a> {
   | ---------------------------------- associated function in this implementation
...
72 |     pub(crate) fn from_received(
   |                   ^^^^^^^^^^^^^

warning: function `disabled_finished` is never used
   --> src/roles/path_owner/../../../tests/support/early_owner_fixture.rs:316:8
    |
316 | pub fn disabled_finished(generation: u64) -> tls_owner::FinishedReceipt {
    |        ^^^^^^^^^^^^^^^^^

warning: constant `CLIENT_PARAMS` is never used
  --> src/roles/path_owner/../../../tests/support/tls_actor_fixture.rs:18:11
   |
18 | pub const CLIENT_PARAMS: &[u8] = &[4, 1, 42];
   |           ^^^^^^^^^^^^^

warning: constant `SERVER_PARAMS` is never used
  --> src/roles/path_owner/../../../tests/support/tls_actor_fixture.rs:19:11
   |
19 | pub const SERVER_PARAMS: &[u8] = &[4, 1, 63];
   |           ^^^^^^^^^^^^^

warning: function `retirement` is never used
   --> src/roles/protocol_stream.rs:227:4
    |
227 | fn retirement<const C: u8, const O: u8>() -> g::Program<Retirement<C, O>> {
    |    ^^^^^^^^^^

warning: constant `CLIENT_PARAMS` is never used
  --> src/roles/stream_owner/../../../tests/support/tls_actor_fixture.rs:18:11
   |
18 | pub const CLIENT_PARAMS: &[u8] = &[4, 1, 42];
   |           ^^^^^^^^^^^^^

warning: constant `CLIENT_PARAMS` is never used
  --> src/roles/early_owner/../../../tests/support/tls_actor_fixture.rs:18:11
   |
18 | pub const CLIENT_PARAMS: &[u8] = &[4, 1, 42];
   |           ^^^^^^^^^^^^^

warning: constant `CLIENT_PARAMS` is never used
  --> src/connection/../../tests/support/tls_actor_fixture.rs:18:11
   |
18 | pub const CLIENT_PARAMS: &[u8] = &[4, 1, 42];
   |           ^^^^^^^^^^^^^

warning: constant `SERVER_PARAMS` is never used
  --> src/connection/../../tests/support/tls_actor_fixture.rs:19:11
   |
19 | pub const SERVER_PARAMS: &[u8] = &[4, 1, 63];
   |           ^^^^^^^^^^^^^

warning: method `into_finished` is never used
  --> src/connection/parameters.rs:19:16
   |
 9 | impl<'scope,const P:usize> ValidatedPeer<'scope,P>{
   | -------------------------------------------------- method in this implementation
...
19 |  pub(crate) fn into_finished(self)->FinishedAuthenticated<'scope>{self.finished}
   |                ^^^^^^^^^^^^^

warning: method `forget_lost` is never used
   --> src/connection/application_stream.rs:293:19
    |
216 | impl<const RX: usize, const CHUNK: usize> Rx<'_, '_, '_, RX, CHUNK> {
    | ------------------------------------------------------------------- method in this implementation
...
293 |     pub(super) fn forget_lost(&mut self, packet_number: u64) -> Result<(), Error> {
    |                   ^^^^^^^^^^^

warning: field `0` is never read
  --> src/connection/application/keys.rs:27:10
   |
27 |     Slot(InboxError),
   |     ---- ^^^^^^^^^^
   |     |
   |     field in this variant
   |
   = note: `Error` has a derived impl for the trait `Debug`, but this is intentionally ignored during dead code analysis
help: consider changing the field to be of unit type to suppress this warning while preserving the field numbering, or remove the field
   |
27 -     Slot(InboxError),
27 +     Slot(()),
   |

warning: field `0` is never read
  --> src/connection/application/keys.rs:30:21
   |
30 |     UnexpectedLabel(u8),
   |     --------------- ^^
   |     |
   |     field in this variant
   |
   = note: `Error` has a derived impl for the trait `Debug`, but this is intentionally ignored during dead code analysis
help: consider changing the field to be of unit type to suppress this warning while preserving the field numbering, or remove the field
   |
30 -     UnexpectedLabel(u8),
30 +     UnexpectedLabel(()),
   |

warning: method `phase` is never used
  --> src/connection/application/keys.rs:94:19
   |
64 | impl<'scope> KeyOwner<'scope> {
   | ----------------------------- method in this implementation
...
94 |     pub(crate) fn phase(&self) -> Result<bool, Error> {
   |                   ^^^^^

warning: method `snapshot` is never used
  --> src/connection/application/transmit.rs:72:19
   |
61 | / impl<'book, 'streams, 'storage, 'scope, const N: usize, const RX: usize, const CHUNK: usize>
62 | |     State<'book, 'streams, 'storage, 'scope, N, RX, CHUNK>
   | |__________________________________________________________- method in this implementation
...
72 |       pub(crate) fn snapshot(&self) -> recovery::Snapshot { self.owners.borrow().book.snapshot() }
   |                     ^^^^^^^^

warning: constant `CLIENT_PARAMS` is never used
  --> src/../tests/support/tls_actor_fixture.rs:18:11
   |
18 | pub const CLIENT_PARAMS: &[u8] = &[4, 1, 42];
   |           ^^^^^^^^^^^^^

warning: constant evaluation is taking a long time
   --> vendor/hibana/src/global/const_dsl/allocation/frame_labels/reentry_domains.rs:60:13
    |
 60 | /             while prior < event {
 61 | |                 let previous = source.atom_at(prior);
 62 | |                 if previous.from == current.from
 63 | |                     && previous.to == current.to
...   |
 69 | |                 prior += 1;
 70 | |             }
    | |_____________^ the const evaluator is currently interpreting this expression
    |
help: the constant being evaluated
   --> vendor/hibana/src/g.rs:182:5
    |
182 |     const SOURCE: ProgramSourceData<CAPACITY> = ProgramSourceData::lower::<Steps>();
    |     ^^^^^^^^^^^^^^^^^^^^^^^^^^^^^^^^^^^^^^^^^

warning: constant evaluation is taking a long time
   --> vendor/hibana/src/global/role_program/image_impl/projection.rs:109:22
    |
109 |         let marker = markers.at(idx);
    |                      ^^^^^^^^^^^^^^^ the const evaluator is currently interpreting this expression
    |
help: the constant being evaluated
   --> vendor/hibana/src/g/role_projection.rs:27:5
    |
 27 |     const SCOPE_FACTS: crate::global::role_program::ScopeFacts =
    |     ^^^^^^^^^^^^^^^^^^^^^^^^^^^^^^^^^^^^^^^^^^^^^^^^^^^^^^^^^^

warning: constant evaluation is taking a long time
   --> vendor/hibana/src/global/const_dsl/source_arena.rs:49:9
    |
 49 |         self.at(index).event.is_primary_enter()
    |         ^^^^^^^^^^^^^^^^^^^^^^^^^^^^^^^^^^^^^^^ the const evaluator is currently interpreting this expression
    |
help: the constant being evaluated
   --> vendor/hibana/src/g/role_projection.rs:164:5
    |
164 |     const BUILD: Option<crate::global::role_program::RoleImageBuild<N>> =
    |     ^^^^^^^^^^^^^^^^^^^^^^^^^^^^^^^^^^^^^^^^^^^^^^^^^^^^^^^^^^^^^^^^^^^

warning: constant evaluation is taking a long time
   --> vendor/hibana/src/global/const_dsl/source_arena.rs:79:16
    |
 79 |             if marker.event.is_primary_enter() && marker.scope_id.same(scope) {
    |                ^^^^^^^^^^^^^^^^^^^^^^^^^^^^^^^ the const evaluator is currently interpreting this expression
    |
help: the constant being evaluated
   --> vendor/hibana/src/g.rs:191:5
    |
191 |     const VALIDATION: () = {
    |     ^^^^^^^^^^^^^^^^^^^^

warning: constant evaluation is taking a long time
   --> vendor/hibana/src/global/const_dsl/source_arena.rs:77:9
    |
 77 | /         while index < self.len {
 78 | |             let marker = self.at(index);
 79 | |             if marker.event.is_primary_enter() && marker.scope_id.same(scope) {
 80 | |                 return Some(index);
 81 | |             }
 82 | |             index += 1;
 83 | |         }
    | |_________^ the const evaluator is currently interpreting this expression
    |
help: the constant being evaluated
   --> vendor/hibana/src/g/role_projection.rs:101:5
    |
101 |     const PLAN: crate::global::role_program::RoleImagePlan =
    |     ^^^^^^^^^^^^^^^^^^^^^^^^^^^^^^^^^^^^^^^^^^^^^^^^^^^^^^

warning: constant evaluation is taking a long time
   --> vendor/hibana/src/global/const_dsl/scope_ranges.rs:113:15
    |
113 |     let end = marker.segment_end();
    |               ^^^^^^^^^^^^^^^^^^^^ the const evaluator is currently interpreting this expression
    |
help: the constant being evaluated
   --> vendor/hibana/src/g/role_projection.rs:164:5
    |
164 |     const BUILD: Option<crate::global::role_program::RoleImageBuild<N>> =
    |     ^^^^^^^^^^^^^^^^^^^^^^^^^^^^^^^^^^^^^^^^^^^^^^^^^^^^^^^^^^^^^^^^^^^

warning: constant evaluation is taking a long time
   --> vendor/hibana/src/global/const_dsl/source_arena.rs:79:16
    |
 79 |             if marker.event.is_primary_enter() && marker.scope_id.same(scope) {
    |                ^^^^^^^^^^^^^^^^^^^^^^^^^^^^^^^ the const evaluator is currently interpreting this expression
    |
help: the constant being evaluated
   --> vendor/hibana/src/g/role_projection.rs:164:5
    |
164 |     const BUILD: Option<crate::global::role_program::RoleImageBuild<N>> =
    |     ^^^^^^^^^^^^^^^^^^^^^^^^^^^^^^^^^^^^^^^^^^^^^^^^^^^^^^^^^^^^^^^^^^^

warning: constant evaluation is taking a long time
   --> vendor/hibana/src/global/role_program/image_impl/projection.rs:254:25
    |
254 |             let start = marker.offset();
    |                         ^^^^^^^^^^^^^^^ the const evaluator is currently interpreting this expression
    |
help: the constant being evaluated
   --> vendor/hibana/src/g/role_projection.rs:164:5
    |
164 |     const BUILD: Option<crate::global::role_program::RoleImageBuild<N>> =
    |     ^^^^^^^^^^^^^^^^^^^^^^^^^^^^^^^^^^^^^^^^^^^^^^^^^^^^^^^^^^^^^^^^^^^

warning: `hibana-quic` (lib test) generated 34 warnings (run `cargo fix --lib -p hibana-quic --tests` to apply 1 suggestion)
    Finished `test` profile [unoptimized + debuginfo] target(s) in 0.05s
     Running unittests src/lib.rs (/workspace/targets/quic-root/debug/deps/hibana_quic-610ced19be4537b9)

running 37 tests
test connection::application::io::tests::exactly_sixteen_requests_reach_eof_without_capacity_failure ... ok
test connection::application::io::tests::seventeenth_request_is_rejected_while_still_pending ... ok
test connection::application::transmit::tests::dropping_actual_pending_udp_future_cancels_both_owned_reservations ... ok
test connection::application::transmit::tests::dropping_staged_state_cancels_recovery_and_the_only_stream_reference ... ok
test connection::application::transmit::tests::full_ordinary_ledger_close_preserves_accepted_and_cancelled_packet_number_burns ... ok
test connection::application_stream::tests::consume_replenishes_credit_and_control_retransmits_until_ack ... ok
test connection::application_stream::tests::publication_cancel_loss_late_ack_and_send_completion ... ok
test connection::application_stream::tests::stop_while_adapter_pending_settles_then_reliably_resets ... ok
test connection::application_stream::tests::stream_limits_and_non_application_ack_are_rejected ... ok
test connection::application_stream::tests::three_streams_have_independent_windows_payloads_and_completion ... ok
test connection::initial::tests::finite_retirement_lane_waits_for_udp_cancellation_then_returns_actual_proof ... ok
test connection::initial::tests::foreign_scope_retirement_cannot_revoke_initial_keys ... ok
test connection::initial::tests::initial_revoked_before_poll_never_calls_adapter ... ok
test connection::initial::tests::pending_initial_io_is_dropped_before_numeric_space_retirement ... ok
test connection::initial::tests::same_poll_ready_acceptance_survives_initial_key_revocation ... ok
test connection::recovery::tests::actual_ack_declares_only_eligible_loss_and_duplicate_ack_mints_no_new_key_receipt ... ok
test connection::recovery::tests::actual_validated_finished_and_handshake_done_gate_confirmation_and_old_space_retirement ... ok
test connection::recovery::tests::aggregate_cancellation_clears_reservations_and_preserves_burned_packet_numbers ... ok
test connection::recovery::tests::authenticated_ack_invalidates_a_stale_timer_and_ack_snapshot ... ok
test connection::recovery::tests::authenticated_ack_releases_crypto_without_refunding_accepted_amplification ... ok
test connection::recovery::tests::bounded_ranges_reorder_merge_and_capacity_error_preserve_history ... ok
test connection::recovery::tests::completion_before_reservation_preparation_is_rejected_without_acceptance_effects ... ok
test connection::recovery::tests::completion_observer_waits_for_current_ack_acceptance_and_every_pending_publication ... ok
test connection::recovery::tests::delayed_acceptance_rechecks_loss_after_a_later_packet_was_acknowledged ... ok
test connection::recovery::tests::delayed_adapter_completion_keeps_real_send_time_after_later_rx_and_timer_observations ... ok
test connection::recovery::tests::failed_recovery_construction_consumes_the_one_shot_arena_claim ... ok
test connection::recovery::tests::initial_retirement_requires_actual_acceptance_and_returns_token_until_initial_reservations_settle ... ok
test connection::recovery::tests::key_ack_bridge_preserves_actual_scope_and_rejects_an_older_receiving_epoch ... ok
test connection::recovery::tests::lost_first_flight_pto_retains_data_burns_new_numbers_and_refunds_rejected_probe ... ok
test connection::recovery::tests::more_than_64_real_acknowledged_or_rejected_sends_reclaim_bounded_storage_without_allocating ... ok
test connection::recovery::tests::old_space_transport_close_passes_authenticated_preflight_without_delivery_effects ... ok
test connection::recovery::tests::owned_initial_receipt_arena_bridge_rejects_wrong_plaintext_and_foreign_scope ... ok
test connection::recovery::tests::reordered_completion_callbacks_preserve_pn_send_times_latest_pto_and_rtt_sample ... ok
test connection::recovery::tests::reserved_cancelled_foreign_or_changed_ack_never_mutates_sent_history ... ok
test connection::scheduler_tests::fixed_connection_preflight_bounds_original_id_without_banning_zero_peer_id ... ok
test connection::scheduler_tests::replacing_waker_allows_reentrant_drop_and_observes_its_revision ... ok
test connection::timer::tests::expiry_and_retirement_progress_while_udp_publication_is_pending ... ok

test result: ok. 37 passed; 0 failed; 0 ignored; 0 measured; 558 filtered out; finished in 0.13s

