observed_old_wire_collision: sat (expected sat)
exact_Inspect52_Open55_collision: sat (expected sat)
disabled_completed_prefix_is_not_a_witness: unsat (expected unsat)
different_logical_labels_do_not_prevent_wire_collision: sat (expected sat)
old_Inspect_wire_key_accepts_queued_Open_key: sat (expected sat)
coverage_and_validity_premises_are_satisfiable: sat (expected sat)
same_wire_distinct_eligible_occurrences_under_coverage: unsat (expected unsat)
remove_coverage_restores_collision_negative_control: sat (expected sat)
preserve_baseline_inequality: unsat (expected unsat)
different_membership_separation: unsat (expected unsat)
remove_membership_edge_restores_observed_collision: sat (expected sat)
same_membership_same_baseline_can_reuse_color: sat (expected sat)
different_domains_can_reuse_color: sat (expected sat)
last_byte_color_255_is_available: sat (expected sat)
all_256_colors_blocked_reports_failure: unsat (expected unsat)
truncated_255_palette_wrongly_exhausts_negative_control: unsat (expected unsat)
greedy_exhaustion_does_not_imply_uncolorability: sat (expected sat)
same_colorable_graph_bad_greedy_prefix_exhausts: unsat (expected unsat)
tls_concrete_coloring_all_edges: sat (expected sat)
key_rx_concrete_coloring_all_edges: sat (expected sat)
key_tx_concrete_coloring_all_edges: sat (expected sat)
recovery_concrete_coloring_all_edges: sat (expected sat)
stream_concrete_coloring_all_edges: sat (expected sat)
path_concrete_coloring_all_edges: sat (expected sat)
early_concrete_coloring_all_edges: sat (expected sat)
minimal_concrete_coloring_all_edges: sat (expected sat)
exact_pair_with_new_graph_cannot_collide: unsat (expected unsat)
new_Inspect_wire_key_cannot_accept_queued_Open_key: unsat (expected unsat)
tls_key_par_concrete_coloring_all_edges: sat (expected sat)
connection_base_concrete_coloring_all_edges: sat (expected sat)
connection_early_concrete_coloring_all_edges: sat (expected sat)
PASS 31 Z3 checks; universal Rust coverage remains a separate obligation
