owner_none_premise: sat
owner_some_premise: sat
owner_match_equivalence: unsat
color_none_premise: sat
color_some_premise: sat
color_match_equivalence: unsat
exhaustion_stays_invalid_256: unsat
last_byte_255_retained: sat
{
  "passed": true,
  "z3_version": "5.1.0",
  "checks": [
    {
      "name": "owner_none_premise",
      "expected": "sat",
      "actual": "sat"
    },
    {
      "name": "owner_some_premise",
      "expected": "sat",
      "actual": "sat"
    },
    {
      "name": "owner_match_equivalence",
      "expected": "unsat",
      "actual": "unsat"
    },
    {
      "name": "color_none_premise",
      "expected": "sat",
      "actual": "sat"
    },
    {
      "name": "color_some_premise",
      "expected": "sat",
      "actual": "sat"
    },
    {
      "name": "color_match_equivalence",
      "expected": "unsat",
      "actual": "unsat"
    },
    {
      "name": "exhaustion_stays_invalid_256",
      "expected": "unsat",
      "actual": "unsat"
    },
    {
      "name": "last_byte_255_retained",
      "expected": "sat",
      "actual": "sat"
    }
  ]
}
