   Compiling proc-macro2 v1.0.107
   Compiling quote v1.0.47
   Compiling unicode-ident v1.0.26
   Compiling version_check v0.9.5
   Compiling typenum v1.20.1
   Compiling generic-array v0.14.7
   Compiling subtle v2.6.1
   Compiling const-oid v0.9.6
   Compiling cpufeatures v0.2.17
   Compiling cfg-if v1.0.5
   Compiling rand_core v0.6.4
   Compiling semver v1.0.28
   Compiling ff v0.13.1
   Compiling base16ct v0.2.0
   Compiling opaque-debug v0.3.1
   Compiling rustc_version v0.4.1
   Compiling group v0.13.0
   Compiling syn v2.0.119
   Compiling rustls-pki-types v1.15.1
   Compiling untrusted v0.9.0
   Compiling hibana v0.9.6 (/workspace/hibana-quic-pre-c3/vendor/hibana)
   Compiling curve25519-dalek v4.1.3
   Compiling rustls-webpki v0.103.15 (/workspace/hibana-quic-pre-c3/vendor/rustls-webpki-0.103.15)
   Compiling actor-test-allocator v0.0.0 (/workspace/hibana-quic-pre-c3/tests/support/actor-test-allocator)
   Compiling zeroize_derive v1.5.0
   Compiling curve25519-dalek-derive v0.1.1
   Compiling zeroize v1.8.2
   Compiling der v0.7.10
   Compiling crypto-common v0.1.7
   Compiling block-buffer v0.10.4
   Compiling inout v0.1.4
   Compiling digest v0.10.7
   Compiling cipher v0.4.4
   Compiling hmac v0.12.1
   Compiling universal-hash v0.5.1
   Compiling hkdf v0.12.4
   Compiling sec1 v0.7.3
   Compiling crypto-bigint v0.5.5
   Compiling polyval v0.6.2
   Compiling rfc6979 v0.4.0
   Compiling signature v2.2.0
   Compiling aead v0.5.2
   Compiling ghash v0.5.1
   Compiling ctr v0.9.2
   Compiling chacha20 v0.9.1
   Compiling aes v0.8.4
   Compiling poly1305 v0.8.0
   Compiling sha2 v0.10.9
   Compiling spki v0.7.3
   Compiling pkcs1 v0.7.5
   Compiling chacha20poly1305 v0.10.1
   Compiling x25519-dalek v2.0.1
   Compiling aes-gcm v0.10.3
   Compiling elliptic-curve v0.13.8
   Compiling primeorder v0.13.6
   Compiling ecdsa v0.16.9
   Compiling p256 v0.13.2
   Compiling hibana-quic v0.1.0 (/workspace/hibana-quic-pre-c3)
warning: unreachable pattern
   --> src/connection/recovery.rs:256:95
    |
256 |     match level { Level::Initial => Ok(0), Level::Handshake => Ok(1), Level::OneRtt => Ok(2), _ => Err(Error::UnsupportedLevel) }
    |                                                                                               ^ no value can reach this
    |
note: multiple earlier patterns match some of the same values
   --> src/connection/recovery.rs:256:95
    |
256 |     match level { Level::Initial => Ok(0), Level::Handshake => Ok(1), Level::OneRtt => Ok(2), _ => Err(Error::UnsupportedLevel) }
    |                   --------------           ----------------           -------------           ^ collectively making this unreachable
    |                   |                        |                          |
    |                   |                        |                          matches some of the same values
    |                   |                        matches some of the same values
    |                   matches some of the same values
    = note: `#[warn(unreachable_patterns)]` (part of `#[warn(unused)]`) on by default

warning: method `into_directional` is never used
   --> src/crypto.rs:519:19
    |
515 | impl ApplicationKeys {
    | -------------------- method in this implementation
...
519 |     pub(crate) fn into_directional<'a>(
    |                   ^^^^^^^^^^^^^^^^
    |
    = note: `#[warn(dead_code)]` (part of `#[warn(unused)]`) on by default

warning: method `install_existing` is never used
   --> src/crypto/directional.rs:107:19
    |
 66 | impl<'a> ApplicationKeyInstallation<'a> {
    | --------------------------------------- method in this implementation
...
107 |     pub(crate) fn install_existing(self, keys: ApplicationKeys)
    |                   ^^^^^^^^^^^^^^^^

warning: associated function `from_confirmed` is never used
   --> src/crypto/directional.rs:155:19
    |
149 | impl<'a> ScopedHandshakeConfirmation<'a> {
    | ---------------------------------------- associated function in this implementation
...
155 |     pub(crate) fn from_confirmed(scope: &'a ApplicationKeyScope, confirmation: HandshakeConfirmation)
    |                   ^^^^^^^^^^^^^^

warning: associated function `from_validated` is never used
   --> src/crypto/directional.rs:190:19
    |
174 | impl<'a> ValidatedKeyAck<'a> {
    | ---------------------------- associated function in this implementation
...
190 |     pub(crate) fn from_validated(scope: &'a ApplicationKeyScope, grant: KeyAckGrant) -> Result<Self, Error> {
    |                   ^^^^^^^^^^^^^^

warning: function `split` is never used
   --> src/crypto/directional.rs:336:15
    |
336 | pub(super) fn split<'a>(keys: ApplicationKeys, scope: &'a mut ApplicationKeyScope)
    |               ^^^^^

warning: function `split_claimed` is never used
   --> src/crypto/directional.rs:339:4
    |
339 | fn split_claimed<'a>(keys: ApplicationKeys, scope: &'a ApplicationKeyScope)
    |    ^^^^^^^^^^^^^

warning: method `acknowledge_validated` is never used
   --> src/crypto/directional.rs:534:8
    |
503 | impl<'a> ApplicationWriteKeys<'a> {
    | --------------------------------- method in this implementation
...
534 |     fn acknowledge_validated(&mut self, pn: u64, received_generation: u64, now: u64, pto: u64) -> Result<(), Error> {
    |        ^^^^^^^^^^^^^^^^^^^^^

warning: method `commit_with_receipt` is never used
   --> src/retry.rs:548:19
    |
482 | impl<const N: usize> ClientRetry<N> {
    | ----------------------------------- method in this implementation
...
548 |     pub(crate) fn commit_with_receipt(
    |                   ^^^^^^^^^^^^^^^^^^^

warning: method `accepts_authenticated_generation` is never used
   --> src/early_data.rs:611:19
    |
585 | impl<'a, const BYTES: usize> Quarantine<'a, BYTES> {
    | -------------------------------------------------- method in this implementation
...
611 |     pub(crate) fn accepts_authenticated_generation(&self, generation: u64) -> bool {
    |                   ^^^^^^^^^^^^^^^^^^^^^^^^^^^^^^^^

warning: associated function `from_committed` is never used
   --> src/roles/packet_authority.rs:141:19
    |
128 | impl RetryPeerCid {
    | ----------------- associated function in this implementation
...
141 |     pub(crate) fn from_committed(generation: u64, retry: crate::retry::CommittedRetry) -> Self {
    |                   ^^^^^^^^^^^^^^

warning: function `split_retry` is never used
   --> src/roles/packet_authority.rs:193:15
    |
193 | pub(crate) fn split_retry(generation: u64, retry: crate::retry::CommittedRetry) -> RetryGrants {
    |               ^^^^^^^^^^^

warning: field `context` is never read
   --> src/roles/packet_authority.rs:462:5
    |
456 | struct PacketRecord {
    |        ------------ field in this struct
...
462 |     context: Option<super::path_owner::PathContext>,
    |     ^^^^^^^

warning: methods `grant_initial_peer_cid`, `bind_path_context`, and `grant_path` are never used
   --> src/roles/packet_authority.rs:617:19
    |
486 | impl<const P: usize, const E: usize> Arena<P, E> {
    | ------------------------------------------------ methods in this implementation
...
617 |     pub(crate) fn grant_initial_peer_cid(
    |                   ^^^^^^^^^^^^^^^^^^^^^^
...
660 |     pub(crate) fn bind_path_context(
    |                   ^^^^^^^^^^^^^^^^^
...
768 |     pub(crate) fn grant_path(
    |                   ^^^^^^^^^^

warning: associated functions `from_owned_level`, `from_received`, and `from_directional` are never used
  --> src/roles/packet_authority/scoped.rs:50:19
   |
47 | impl<'a> ScopedReceiveEvidence<'a> {
   | ---------------------------------- associated functions in this implementation
...
50 |     pub(crate) fn from_owned_level(
   |                   ^^^^^^^^^^^^^^^^
...
72 |     pub(crate) fn from_received(
   |                   ^^^^^^^^^^^^^
...
87 |     pub(crate) fn from_directional(
   |                   ^^^^^^^^^^^^^^^^

warning: function `verify_and_split` is never used
   --> src/roles/connection_authority.rs:121:15
    |
121 | pub(crate) fn verify_and_split(
    |               ^^^^^^^^^^^^^^^^

warning: function `retirement` is never used
   --> src/roles/protocol_stream.rs:227:4
    |
227 | fn retirement<const C: u8, const O: u8>() -> g::Program<Retirement<C, O>> {
    |    ^^^^^^^^^^

warning: associated function `from_sealed` is never used
  --> src/roles/datagram.rs:72:19
   |
50 | impl<const N: usize> ProtectedDatagram<N> {
   | ----------------------------------------- associated function in this implementation
...
72 |     pub(crate) fn from_sealed<const M: usize>(
   |                   ^^^^^^^^^^^

warning: function `managed_application_frame` is never used
   --> src/roles/datagram.rs:311:4
    |
311 | fn managed_application_frame(frame: Frame<'_>) -> bool {
    |    ^^^^^^^^^^^^^^^^^^^^^^^^^

warning: associated function `prefix` is never used
   --> src/roles/datagram.rs:371:8
    |
370 | impl HandshakeFragment {
    | ---------------------- associated function in this implementation
371 |     fn prefix(offset: u64, data: &[u8]) -> Option<Self> {
    |        ^^^^^^

warning: function `cancel_before_publication` is never used
   --> src/roles/datagram.rs:502:15
    |
502 | pub(crate) fn cancel_before_publication(
    |               ^^^^^^^^^^^^^^^^^^^^^^^^^

warning: associated function `new` is never used
   --> src/roles/early_owner.rs:270:19
    |
269 | impl<const N: usize> AuthenticatedPacket<N> {
    | ------------------------------------------- associated function in this implementation
270 |     pub(crate) fn new(
    |                   ^^^

warning: method `into_finished` is never used
  --> src/connection/parameters.rs:19:16
   |
 9 | impl<'scope,const P:usize> ValidatedPeer<'scope,P>{
   | -------------------------------------------------- method in this implementation
...
19 |  pub(crate) fn into_finished(self)->FinishedAuthenticated<'scope>{self.finished}
   |                ^^^^^^^^^^^^^

warning: methods `lost` and `forget_lost` are never used
   --> src/connection/application_stream.rs:279:19
    |
216 | impl<const RX: usize, const CHUNK: usize> Rx<'_, '_, '_, RX, CHUNK> {
    | ------------------------------------------------------------------- methods in this implementation
...
279 |     pub(super) fn lost(&mut self, packet_number: u64) -> Result<(), Error> {
    |                   ^^^^
...
293 |     pub(super) fn forget_lost(&mut self, packet_number: u64) -> Result<(), Error> {
    |                   ^^^^^^^^^^^

warning: field `0` is never read
  --> src/connection/application/keys.rs:27:10
   |
27 |     Slot(InboxError),
   |     ---- ^^^^^^^^^^
   |     |
   |     field in this variant
   |
   = note: `Error` has a derived impl for the trait `Debug`, but this is intentionally ignored during dead code analysis
help: consider changing the field to be of unit type to suppress this warning while preserving the field numbering, or remove the field
   |
27 -     Slot(InboxError),
27 +     Slot(()),
   |

warning: field `0` is never read
  --> src/connection/application/keys.rs:30:21
   |
30 |     UnexpectedLabel(u8),
   |     --------------- ^^
   |     |
   |     field in this variant
   |
   = note: `Error` has a derived impl for the trait `Debug`, but this is intentionally ignored during dead code analysis
help: consider changing the field to be of unit type to suppress this warning while preserving the field numbering, or remove the field
   |
30 -     UnexpectedLabel(u8),
30 +     UnexpectedLabel(()),
   |

warning: method `phase` is never used
  --> src/connection/application/keys.rs:94:19
   |
64 | impl<'scope> KeyOwner<'scope> {
   | ----------------------------- method in this implementation
...
94 |     pub(crate) fn phase(&self) -> Result<bool, Error> {
   |                   ^^^^^

warning: method `snapshot` is never used
  --> src/connection/application/transmit.rs:72:19
   |
61 | / impl<'book, 'streams, 'storage, 'scope, const N: usize, const RX: usize, const CHUNK: usize>
62 | |     State<'book, 'streams, 'storage, 'scope, N, RX, CHUNK>
   | |__________________________________________________________- method in this implementation
...
72 |       pub(crate) fn snapshot(&self) -> recovery::Snapshot { self.owners.borrow().book.snapshot() }
   |                     ^^^^^^^^

warning: `hibana-quic` (lib) generated 28 warnings
    Finished `test` profile [unoptimized] target(s) in 1m 23s
     Running tests/nested_visit_carrier.rs (/workspace/targets/quic-root/debug/deps/nested_visit_carrier-a44f0abb5050c161)

running 1 test
test completed_samples_keep_the_connection_prefix_for_failure_ack ... FAILED

failures:

---- completed_samples_keep_the_connection_prefix_for_failure_ack stdout ----

thread 'completed_samples_keep_the_connection_prefix_for_failure_ack' (164120) panicked at tests/nested_visit_carrier.rs:160:56:
called `Result::unwrap()` on an `Err` value: EndpointError { operation: "send", kind: PhaseInvariant }
note: run with `RUST_BACKTRACE=1` environment variable to display a backtrace


failures:
    completed_samples_keep_the_connection_prefix_for_failure_ack

test result: FAILED. 0 passed; 1 failed; 0 ignored; 0 measured; 3 filtered out; finished in 0.01s

error: test failed, to rerun pass `--test nested_visit_carrier`
