proofs/route-path-refinement/ProcessedCardinality.lean:21:32: error: unexpected token 'prefix'; expected '_' or identifier
proofs/route-path-refinement/ProcessedCardinality.lean:21:38: error: unexpected identifier; expected ':'
proofs/route-path-refinement/ProcessedCardinality.lean:22:35: error: unexpected token '+'; expected ':'
proofs/route-path-refinement/ProcessedCardinality.lean:36:42: error: unexpected token 'prefix'; expected '_' or identifier
proofs/route-path-refinement/ProcessedCardinality.lean:36:48: error: unexpected identifier; expected ':'
proofs/route-path-refinement/ProcessedCardinality.lean:37:29: error: unexpected identifier; expected ':'
proofs/route-path-refinement/ProcessedCardinality.lean:38:52: error: unexpected token 'have'; expected ':'
proofs/route-path-refinement/ProcessedCardinality.lean:48:40: error: Function expected at
  processed
but this term has type
  ?m.1

Note: Expected a function because this term is being applied to the argument
  0

Hint: The identifier `processed` is unknown, and Lean's `autoImplicit` option causes an unknown identifier to be treated as an implicitly bound variable with an unknown type. However, the unknown type cannot be a function, and a function is what Lean expects here. This is often the result of a typo or a missing `import` or `open` statement.
proofs/route-path-refinement/ProcessedCardinality.lean:49:8: error: Invalid argument: Variable `processed` is not a proposition or let-declaration
proofs/route-path-refinement/ProcessedCardinality.lean:48:65: error: unsolved goals
x✝ : Sort u_1
processed : x✝
xs : List Tag
⊢ sorry () = 0
proofs/route-path-refinement/ProcessedCardinality.lean:49:19: warning: This simp argument is unused:
  countBy

Hint: Omit it from the simp argument list.
  simp [processed, c̵o̵u̵n̵t̵B̵y̵,̵ ̵below_zero]

Note: This linter can be disabled with `set_option linter.unusedSimpArgs false`
proofs/route-path-refinement/ProcessedCardinality.lean:49:28: warning: This simp argument is unused:
  below_zero

Hint: Omit it from the simp argument list.
  simp [processed, countBy,̵ ̵b̵e̵l̵o̵w̵_̵z̵e̵r̵o̵]

Note: This linter can be disabled with `set_option linter.unusedSimpArgs false`
proofs/route-path-refinement/ProcessedCardinality.lean:54:37: error: unexpected token 'prefix'; expected '_' or identifier
proofs/route-path-refinement/ProcessedCardinality.lean:54:43: error: unexpected identifier; expected ':'
proofs/route-path-refinement/ProcessedCardinality.lean:55:30: error: unexpected token '++'; expected ':'
proofs/route-path-refinement/ProcessedCardinality.lean:56:31: error: unexpected token '('; expected ':'
proofs/route-path-refinement/ProcessedCardinality.lean:70:46: error: unexpected token 'prefix'; expected '_' or identifier
proofs/route-path-refinement/ProcessedCardinality.lean:70:52: error: unexpected identifier; expected ':'
proofs/route-path-refinement/ProcessedCardinality.lean:72:29: error: unexpected token '('; expected ':'
proofs/route-path-refinement/ProcessedCardinality.lean:73:52: error: unexpected token 'have'; expected ':'
proofs/route-path-refinement/ProcessedCardinality.lean:85:6: error: omega could not prove the goal:
a possible counterexample may satisfy the constraints
  a ≥ 0
where
 a := ↑(countBy (below (category + 1)) xs)
proofs/route-path-refinement/ProcessedCardinality.lean:92:4: error: Function expected at
  processed
but this term has type
  ?m.1

Note: Expected a function because this term is being applied to the argument
  category

Hint: The identifier `processed` is unknown, and Lean's `autoImplicit` option causes an unknown identifier to be treated as an implicitly bound variable with an unknown type. However, the unknown type cannot be a function, and a function is what Lean expects here. This is often the result of a typo or a missing `import` or `open` statement.
proofs/route-path-refinement/ProcessedCardinality.lean:92:31: error: Function expected at
  processed
but this term has type
  ?m.1

Note: Expected a function because this term is being applied to the argument
  (category + 1)

Hint: The identifier `processed` is unknown, and Lean's `autoImplicit` option causes an unknown identifier to be treated as an implicitly bound variable with an unknown type. However, the unknown type cannot be a function, and a function is what Lean expects here. This is often the result of a typo or a missing `import` or `open` statement.
proofs/route-path-refinement/ProcessedCardinality.lean:93:13: error: Invalid argument: Variable `processed` is not a proposition or let-declaration
proofs/route-path-refinement/ProcessedCardinality.lean:94:2: error: No goals to be solved
proofs/route-path-refinement/ProcessedCardinality.lean:93:24: warning: This simp argument is unused:
  countBy

Hint: Omit it from the simp argument list.
  simp only [processed, c̵o̵u̵n̵t̵B̵y̵,̵ ̵Nat.add_zero, Nat.zero_add]

Note: This linter can be disabled with `set_option linter.unusedSimpArgs false`
proofs/route-path-refinement/ProcessedCardinality.lean:93:33: warning: This simp argument is unused:
  Nat.add_zero

Hint: Omit it from the simp argument list.
  simp only [processed, countBy, N̵a̵t̵.̵a̵d̵d̵_̵z̵e̵r̵o̵,̵ ̵Nat.zero_add]

Note: This linter can be disabled with `set_option linter.unusedSimpArgs false`
proofs/route-path-refinement/ProcessedCardinality.lean:93:47: warning: This simp argument is unused:
  Nat.zero_add

Hint: Omit it from the simp argument list.
  simp only [processed, countBy, Nat.add_zero,̵ ̵N̵a̵t̵.̵z̵e̵r̵o̵_̵a̵d̵d̵]

Note: This linter can be disabled with `set_option linter.unusedSimpArgs false`
proofs/route-path-refinement/ProcessedCardinality.lean:99:17: error: unsolved goals
case cons
x : Tag
xs : List Tag
ih : countBy (below 3) xs = xs.length
⊢ 1 + xs.length = xs.length + 1
proofs/route-path-refinement/ProcessedCardinality.lean:101:38: error: Function expected at
  processed
but this term has type
  ?m.1

Note: Expected a function because this term is being applied to the argument
  3

Hint: The identifier `processed` is unknown, and Lean's `autoImplicit` option causes an unknown identifier to be treated as an implicitly bound variable with an unknown type. However, the unknown type cannot be a function, and a function is what Lean expects here. This is often the result of a typo or a missing `import` or `open` statement.
proofs/route-path-refinement/ProcessedCardinality.lean:102:8: error: Invalid argument: Variable `processed` is not a proposition or let-declaration
proofs/route-path-refinement/ProcessedCardinality.lean:101:71: error: unsolved goals
x✝ : Sort u_1
processed : x✝
xs : List Tag
⊢ sorry () = xs.length
proofs/route-path-refinement/ProcessedCardinality.lean:102:19: warning: This simp argument is unused:
  countBy

Hint: Omit it from the simp argument list.
  simp [processed, c̵o̵u̵n̵t̵B̵y̵,̵ ̵below_three]

Note: This linter can be disabled with `set_option linter.unusedSimpArgs false`
proofs/route-path-refinement/ProcessedCardinality.lean:102:28: warning: This simp argument is unused:
  below_three

Hint: Omit it from the simp argument list.
  simp [processed, countBy,̵ ̵b̵e̵l̵o̵w̵_̵t̵h̵r̵e̵e̵]

Note: This linter can be disabled with `set_option linter.unusedSimpArgs false`
proofs/route-path-refinement/ProcessedCardinality.lean:106:40: error: unexpected token 'prefix'; expected '_' or identifier
proofs/route-path-refinement/ProcessedCardinality.lean:106:46: error: unexpected identifier; expected ':'
proofs/route-path-refinement/ProcessedCardinality.lean:108:44: error: unexpected token '('; expected ':'
proofs/route-path-refinement/ProcessedCardinality.lean:111:47: error: unexpected identifier; expected ':'
'Hibana.RoutePathRefinement.Loop.initial_count' depends on axioms: [sorryAx]
proofs/route-path-refinement/ProcessedCardinality.lean:115:14: error(lean.unknownIdentifier): Unknown constant `processed_bound`
proofs/route-path-refinement/ProcessedCardinality.lean:116:14: error(lean.unknownIdentifier): Unknown constant `event_step`
proofs/route-path-refinement/ProcessedCardinality.lean:117:14: error(lean.unknownIdentifier): Unknown constant `matching_has_credit`
proofs/route-path-refinement/ProcessedCardinality.lean:118:14: error(lean.unknownIdentifier): Unknown constant `category_reset`
'Hibana.RoutePathRefinement.Loop.final_count' depends on axioms: [sorryAx]
proofs/route-path-refinement/ProcessedCardinality.lean:120:14: error(lean.unknownIdentifier): Unknown constant `fresh_id_safe`
