initial invariant 0: unsat (0.000s)
initial invariant 1: unsat (0.003s)
initial invariant 2: unsat (0.001s)
initial invariant 3: unsat (0.000s)
initial invariant 4: unsat (0.000s)
matching event still contains its original old ID: unsat (0.002s)
conditional remap index is in old-class bounds: unsat (0.002s)
new IDs monotone and allocation count is at most processed slots: unsat (0.003s)
fresh stored ID excludes sentinel, increment fits u16: unsat (0.002s)
event step preserves invariant 0: unsat (0.003s)
event step preserves invariant 1: unsat (0.004s)
event step preserves invariant 2: unsat (0.006s)
event step preserves invariant 3: unsat (0.003s)
event step preserves invariant 4: unsat (0.005s)
non-sentinel remap entries are injective: unsat (0.004s)
category reset preserves invariant 0: unsat (0.002s)
category reset preserves invariant 1: unsat (0.003s)
category reset preserves invariant 2: unsat (0.003s)
category reset preserves invariant 3: unsat (0.001s)
category reset preserves invariant 4: unsat (0.000s)
all events processed after categories zero one two: unsat (0.002s)
final exact equality of old-class and membership pairs: unsat (0.003s)
final IDs compactly bounded and sentinel excluded: unsat (0.003s)
nonempty domain allocates at least one ID: unsat (0.005s)
scratch addresses and byte size fit 32-bit usize: unsat (0.002s)
ALL 25 UNBOUNDED LOOP VCS PROVED
