   Compiling proc-macro2 v1.0.103
   Compiling quote v1.0.41
   Compiling unicode-ident v1.0.20
   Compiling syn v2.0.108
   Compiling serde_core v1.0.228
   Compiling libc v0.2.177
   Compiling memchr v2.7.6
   Compiling futures-core v0.3.31
   Compiling pin-project-lite v0.2.16
   Compiling futures-sink v0.3.31
   Compiling futures-channel v0.3.31
   Compiling futures-macro v0.3.31
   Compiling target-triple v0.1.4
   Compiling winnow v0.7.13
   Compiling pin-utils v0.1.0
   Compiling futures-io v0.3.31
   Compiling slab v0.4.11
   Compiling futures-task v0.3.31
   Compiling serde_json v1.0.145
   Compiling serde v1.0.228
   Compiling futures-util v0.3.31
   Compiling toml_parser v1.0.4
   Compiling toml_datetime v0.7.3
   Compiling serde_spanned v1.0.3
   Compiling itoa v1.0.15
   Compiling ryu v1.0.20
   Compiling toml_writer v1.0.4
   Compiling toml v0.9.8
   Compiling futures-executor v0.3.31
   Compiling mio v1.1.0
   Compiling socket2 v0.6.2
   Compiling tokio-macros v2.6.0
   Compiling serde_derive v1.0.228
   Compiling bytes v1.11.1
   Compiling glob v0.3.3
   Compiling termcolor v1.4.1
   Compiling trybuild v1.0.112
   Compiling tokio v1.48.0
   Compiling futures v0.3.31
   Compiling static_assertions v1.1.0
   Compiling hibana v0.9.6 (/workspace/scratch/0915e8fbff81/hibana-arm-row-index)
   Compiling hibana-repo-tests v0.0.0 (/workspace/scratch/0915e8fbff81/hibana-arm-row-index/.github/repo-tests)
    Finished `test` profile [unoptimized] target(s) in 2m 21s
     Running unittests src/lib.rs (target/debug/deps/hibana-e6007ee29d313775)

running 459 tests
test eff::tests::eff_index_display_is_dense ... ok
test eff::tests::eff_index_from_dense_ordinal_is_dense ... ok
test eff::tests::eff_index_rejects_reserved_descriptor_sentinel - should panic ... ok
test endpoint::kernel::authority::tests::conflicting_ready_mask_fails_closed - should panic ... ok
test endpoint::kernel::authority::tests::invalid_mixed_ready_mask_fails_closed - should panic ... ok
test endpoint::kernel::authority::tests::invalid_raw_route_arm_fails_closed - should panic ... ok
test endpoint::kernel::authority::tests::invalid_single_bit_ready_mask_fails_closed - should panic ... ok
test endpoint::kernel::authority::tests::raw_route_arm_and_ready_mask_decode_exact_binary_authority ... ok
test endpoint::kernel::authority::tests::route_arm_token_carries_arm_and_authority_together ... ok
test endpoint::kernel::core::frontier_observation::tests::excluded_scope_cannot_supply_progress_sibling_authority ... ok
test endpoint::kernel::core::public_operation::tests::export_public_operation_kernel_for_lean ... ignored, host-only Lean public-operation kernel export
test endpoint::kernel::core::public_operation::tests::public_operation_transition_classifier_covers_exact_state_product ... ok
test endpoint::kernel::core::runtime_types::size_tests::pending_send_commit_proof_stays_compact ... ok
test endpoint::kernel::decision_state::tests::decode_commit_row_set_builder_accepts_more_than_64_route_scopes ... ok
test endpoint::kernel::decision_state::tests::existing_route_reselection_preserves_exact_reference_count ... ok
test endpoint::kernel::decision_state::tests::prepared_route_commit_rows_accept_257_entries ... ok
test endpoint::kernel::decision_state::tests::prepared_route_commit_rows_use_builder_capacity_not_fixed_inline_cap ... ok
test endpoint::kernel::decision_state::tests::route_arm_history_accepts_257_descriptor_relations ... ok
test endpoint::kernel::decision_state::tests::route_arm_history_is_sparse_across_lanes ... ok
test endpoint::kernel::decision_state::tests::route_commit_builder_preserves_exact_zero_route_capacity ... ok
test endpoint::kernel::decision_state::tests::route_commit_row_set_builder_accepts_more_than_64_route_scopes ... ok
test endpoint::kernel::decision_state::tests::selected_route_commit_rows_reject_lane_mismatch_without_erasing_rows ... ok
test endpoint::kernel::evidence_store::tests::distinct_ready_arms_poison_all_scope_authority ... ok
test endpoint::kernel::evidence_store::tests::matching_ready_arm_evidence_preserves_one_exact_authority ... ok
test endpoint::kernel::evidence_store::tests::poll_materialization_consume_and_clear_preserve_canonical_masks ... ok
test endpoint::kernel::evidence_store::tests::ready_arm_conflicting_with_live_selection_is_rejected ... ok
test endpoint::kernel::evidence_store::tests::scope_evidence_is_three_bytes_per_projected_route_scope ... ok
test endpoint::kernel::frontier::active_offer_entry::tests::active_offer_entry_accepts_only_identical_scope_entry_metadata ... ok
test endpoint::kernel::frontier::active_offer_entry::tests::active_offer_entry_rejects_foreign_scope_even_when_entry_matches ... ok
test endpoint::kernel::frontier::entry_sets::tests::active_entry_set_accepts_the_complete_lane_domain ... ok
test endpoint::kernel::frontier::entry_sets::tests::active_entry_set_distinguishes_scopes_that_share_an_entry ... ok
test endpoint::kernel::frontier::entry_sets::tests::active_entry_set_rejects_an_absent_key - should panic ... ok
test endpoint::kernel::frontier::entry_sets::tests::exact_observation_capacity_exhaustion_is_an_invariant_failure - should panic ... ok
test endpoint::kernel::frontier::entry_sets::tests::exact_observations_group_equal_entries_after_out_of_order_insertion ... ok
test endpoint::kernel::frontier::entry_sets::tests::observation_rejects_an_absent_exact_key - should panic ... ok
test endpoint::kernel::frontier::entry_sets::tests::observed_entry_set_preserves_each_exact_scope_witness ... ok
test endpoint::kernel::frontier::entry_sets::tests::observed_entry_set_streams_the_full_lane_domain ... ok
test endpoint::kernel::frontier::entry_sets::tests::offer_entry_key_accepts_only_route_scopes ... ok
test endpoint::kernel::frontier::entry_sets::tests::selectable_ready_query_ignores_excluded_exact_witnesses ... ok
test endpoint::kernel::frontier::progress_selection::tests::progress_selection_distinguishes_entries_that_share_a_scope ... ok
test endpoint::kernel::frontier::progress_selection::tests::progress_selection_filters_every_admission_condition_before_priority ... ok
test endpoint::kernel::frontier::progress_selection::tests::progress_selection_prefers_matching_frontier_without_candidate_storage ... ok
test endpoint::kernel::frontier::progress_selection::tests::progress_selection_retains_first_admissible_without_matching_frontier ... ok
test endpoint::kernel::frontier::scratch::tests::arbitrary_scratch_bytes_are_initialized_before_typed_views_exist ... ok
test endpoint::kernel::frontier::scratch::tests::frontier_scratch_rejects_capacity_beyond_lane_domain - should panic ... ok
test endpoint::kernel::frontier::scratch::tests::frontier_scratch_workspace_issues_two_disjoint_typed_sections ... ok
test endpoint::kernel::frontier::scratch::tests::global_frontier_scratch_sections_track_max_frontier_entries ... ok
test endpoint::kernel::frontier::scratch::tests::lane_domain_frontier_workspace_fits_compact_resident_budget ... ok
test endpoint::kernel::frontier::scratch::tests::zero_capacity_frontier_scratch_yields_empty_typed_views ... ok
test endpoint::kernel::frontier::visit_set::tests::rolled_reentry_retains_every_distinct_cursor_position ... ok
test endpoint::kernel::frontier::visit_set::tests::terminal_cursor_position_is_distinct_from_absent_event_identity ... ok
test endpoint::kernel::frontier::visit_set::tests::visit_set_fails_closed_instead_of_truncating - should panic ... ok
test endpoint::kernel::frontier::visit_set::tests::visit_set_rejects_a_domain_beyond_compact_cursor_positions - should panic ... ok
test endpoint::kernel::frontier_state::tests::frontier_position_visit_bitmap_is_independent_of_active_entry_pool_capacity ... ok
test endpoint::kernel::frontier_state::tests::missing_root_frontier_cannot_silently_detach_a_lane - should panic ... ok
test endpoint::kernel::frontier_state::tests::root_frontier_active_pool_stays_ordered_after_insert_and_remove ... ok
test endpoint::kernel::frontier_state::tests::root_frontier_insert_validates_all_offsets_before_pool_mutation ... ok
test endpoint::kernel::frontier_state::tests::root_frontier_preserves_distinct_scopes_at_the_same_entry ... ok
test endpoint::kernel::frontier_state::tests::root_frontier_remove_validates_all_offsets_before_pool_mutation ... ok
test endpoint::kernel::frontier_state::tests::root_frontier_row_remove_validates_offsets_before_compaction ... ok
test endpoint::kernel::frontier_state::tests::root_frontier_shared_active_pool_stays_packed_after_row_removal ... ok
test endpoint::kernel::frontier_state::tests::root_frontier_table_accepts_full_u8_lane_domain_rows ... ok
test endpoint::kernel::lane_port::tests::erased_encoder_rejects_length_beyond_scratch ... ok
test endpoint::kernel::lane_slots::tests::lane_slot_array_accepts_full_u8_lane_domain ... ok
test endpoint::kernel::layout::tests::endpoint_arena_does_not_contain_route_scope_lane_cache ... ok
test endpoint::kernel::layout::tests::endpoint_arena_layout_records_stay_compact ... ok
test endpoint::kernel::layout::tests::frontier_storage_separates_active_keys_from_visited_cursor_positions ... ok
test endpoint::kernel::layout::tests::route_commit_row_set_builder_no_longer_allocates_row_storage ... ok
test endpoint::kernel::layout::tests::route_history_tracks_descriptor_relations_not_lane_depth_product ... ok
test endpoint::kernel::offer::first_recv_dispatch::tests::first_recv_dispatch_preserves_exact_binary_mask ... ok
test endpoint::kernel::offer::first_recv_dispatch::tests::first_recv_dispatch_rejects_out_of_domain_bits - should panic ... ok
test endpoint::kernel::offer::frontier_types::tests::cached_recv_meta_is_exactly_ten_bytes ... ok
test endpoint::kernel::offer::ingress::tests::absent_or_out_of_range_preference_does_not_change_membership ... ok
test endpoint::kernel::offer::ingress::tests::preferred_lane_is_first_and_every_lane_is_yielded_once ... ok
test endpoint::kernel::offer::progress::tests::offer_progress_detects_exact_evidence_changes ... ok
test endpoint::kernel::offer::requeue_callback_tests::transport_requeue_callback_reentry_revalidates_generation ... ok
test endpoint::kernel::offer::select_alignment::model::pool::tests::absent_exact_current_scope_does_not_override_descriptor_retention ... ok
test endpoint::kernel::offer::select_alignment::model::pool::tests::current_target_readiness_requires_one_selectable_exact_witness ... ok
test endpoint::kernel::offer::select_alignment::model::pool::tests::excluded_exact_current_scope_is_not_selectable ... ok
test endpoint::kernel::offer::select_alignment::model::pool::tests::same_entry_other_scope_cannot_authorize_absent_current_scope ... ok
test endpoint::kernel::offer::select_alignment::model::pool::tests::same_target_entry_rows_do_not_synthesize_controller_progress ... ok
test endpoint::send::tests::send_future_layout_is_message_independent ... ok
test endpoint::send::tests::send_future_stays_within_size_budget ... ok
test endpoint::tests::endpoint_surface_size_gates_hold ... ok
test endpoint::tests::final_form_future_layout_measurement_report ... ok
test endpoint::tests::message_type_variation_does_not_change_future_layout ... ok
test endpoint::tests::recv_future_state_caches_completion ... ok
test endpoint::tests::send_future_and_runtime_descriptor_size_gates_hold ... ok
test global::compiled::images::image::program_ref::tests::atom_only_source_and_image_reach_the_compact_byte_ceiling ... ok
test global::compiled::images::image::program_ref::tests::compiled_program_atom_decoder_rejects_exact_invalid_boundaries ... ok
test global::compiled::images::image::program_ref::tests::compiled_program_atom_descriptor_accepts_full_u8_role_domain ... ok
test global::compiled::images::image::program_ref::tests::compiled_program_atom_descriptor_decodes_canonical_row ... ok
test global::compiled::images::image::program_ref::tests::compiled_program_atom_descriptor_rejects_effect_index_query_out_of_range - should panic ... ok
test global::compiled::images::image::program_ref::tests::compiled_program_atom_descriptor_rejects_from_role_out_of_range - should panic ... ok
test global::compiled::images::image::program_ref::tests::compiled_program_atom_descriptor_rejects_origin_out_of_range - should panic ... ok
test global::compiled::images::image::program_ref::tests::compiled_program_atom_descriptor_rejects_to_role_out_of_range - should panic ... ok
test global::compiled::images::image::program_ref::tests::compiled_program_atom_lookup_is_exact_for_dense_rows ... ok
test global::compiled::images::image::program_ref::tests::compiled_program_column_range_rejects_stride_multiplication_overflow ... ok
test global::compiled::images::image::program_ref::tests::compiled_program_image_identity_is_exact_over_facts_columns_and_blob ... ok
test global::compiled::images::image::program_ref::tests::program_image_columns_cover_exact_source_counts_only ... ok
test global::compiled::images::image::program_ref::tests::program_image_constructor_rejects_undersized_storage - should panic ... ok
test global::compiled::images::image::program_ref::tests::program_image_fit_probe_rejects_undersized_storage ... ok
test global::compiled::images::image::route_resolvers::tests::compiled_program_descriptor_accepts_role_255_participant ... ok
test global::compiled::images::image::route_resolvers::tests::compiled_program_descriptor_decodes_canonical_resolver_rows ... ok
test global::compiled::images::image::route_resolvers::tests::compiled_program_descriptor_rejects_absent_scope_query - should panic ... ok
test global::compiled::images::image::route_resolvers::tests::compiled_program_descriptor_rejects_controller_missing_from_arm - should panic ... ok
test global::compiled::images::image::route_resolvers::tests::compiled_program_descriptor_rejects_controller_out_of_range - should panic ... ok
test global::compiled::images::image::route_resolvers::tests::compiled_program_descriptor_rejects_duplicate_participants - should panic ... ok
test global::compiled::images::image::route_resolvers::tests::compiled_program_descriptor_rejects_empty_right_participant_range - should panic ... ok
test global::compiled::images::image::route_resolvers::tests::compiled_program_descriptor_rejects_invalid_packed_scope - should panic ... ok
test global::compiled::images::image::route_resolvers::tests::compiled_program_descriptor_rejects_missing_route_scope_query - should panic ... ok
test global::compiled::images::image::route_resolvers::tests::compiled_program_descriptor_rejects_non_route_scope - should panic ... ok
test global::compiled::images::image::route_resolvers::tests::compiled_program_descriptor_rejects_non_route_scope_query - should panic ... ok
test global::compiled::images::image::route_resolvers::tests::compiled_program_descriptor_rejects_noncanonical_intrinsic_authority - should panic ... ok
test global::compiled::images::image::route_resolvers::tests::compiled_program_descriptor_rejects_orphan_participant_prefix - should panic ... ok
test global::compiled::images::image::route_resolvers::tests::compiled_program_descriptor_rejects_participant_out_of_role_range - should panic ... ok
test global::compiled::images::image::route_resolvers::tests::compiled_program_descriptor_rejects_unsorted_participants - should panic ... ok
test global::compiled::images::image::route_resolvers::tests::compiled_program_resolver_decoder_rejects_invalid_ranges_and_scopes ... ok
test global::compiled::images::image::route_resolvers::tests::public_projection_preserves_the_full_u16_resolver_id_domain ... ok
test global::compiled::images::program::tests::compiled_program_counts_remain_plain_derived_counts ... ok
test global::compiled::images::program::tests::compiled_program_marks_route_decision_semantics ... ok
test global::compiled::lowering::seal::tests::projection_derives_exact_route_capacity_beyond_256_rows ... ok
test global::compiled::lowering::seal::tests::projection_derives_one_row_for_one_route ... ok
test global::compiled::lowering::seal::tests::scope_first_route_validation_does_not_skip_later_observers ... ok
test global::const_dsl::allocation::tests::local_effects_do_not_consume_wire_frame_colors ... ok
test global::const_dsl::allocation::tests::ordered_occurrences_reuse_one_frame_label_beyond_the_wire_domain ... ok
test global::const_dsl::allocation::tests::parallel_lane_matching_avoids_a_false_two_hundred_fifty_seventh_lane ... ok
test global::const_dsl::allocation::tests::parallel_lane_matching_reassigns_an_earlier_class_for_a_constrained_class ... ok
test global::const_dsl::allocation::tests::parallel_lanes_reuse_colors_exactly_for_disjoint_endpoint_sets ... ok
test global::const_dsl::allocation::tests::roll_coloring_consumes_only_atomically_published_scopes ... ok
test global::const_dsl::allocation::tests::roll_coloring_separates_route_paths_for_the_complete_inbound_key ... ok
test global::const_dsl::allocation::tests::route_arms_separate_only_competing_receive_lane_classes ... ok
test global::const_dsl::allocation::tests::route_rejects_an_unavoidable_two_hundred_fifty_seventh_color - should panic ... ok
test global::const_dsl::eff_list::tests::boundary_seek_preserves_floors_and_every_equal_offset_marker ... ok
test global::const_dsl::eff_list::tests::equal_boundary_scope_markers_keep_canonical_nesting_order ... ok
test global::const_dsl::eff_list::tests::scope_marker_view_has_one_first_enter_authority_per_scope ... ok
test global::const_dsl::eff_list::tests::source_arena_rejects_partition_beyond_bucket - should panic ... ok
test global::const_dsl::receive_lane_causality::tests::both_route_arms_transfer_authority_to_a_common_reply ... ok
test global::const_dsl::receive_lane_causality::tests::bounded_obligations_match_full_scans_across_routes_parallel_and_reentry ... ok
test global::const_dsl::receive_lane_causality::tests::endpoint_inside_parallel_arm_sees_only_its_own_prefix ... ok
test global::const_dsl::receive_lane_causality::tests::export_causal_flow_for_lean ... ignored, exports the kernel-checked causal correspondence artifact
test global::const_dsl::receive_lane_causality::tests::nested_route_intersects_every_arm_instead_of_combining_partial_chains ... ok
test global::const_dsl::receive_lane_causality::tests::one_route_arm_cannot_supply_a_must_fact ... ok
test global::const_dsl::receive_lane_causality::tests::parallel_arms_cannot_relay_each_others_outgoing_facts ... ok
test global::const_dsl::receive_lane_causality::tests::role_facts_cover_the_exact_wire_domain_and_join_algebra ... ok
test global::const_dsl::receive_lane_causality::tests::route_choices_are_independent_across_roll_iterations ... ok
test global::const_dsl::scope::tests::absent_scope_has_no_local_ordinal - should panic ... ok
test global::const_dsl::scope::tests::scope_id_decoder_accepts_exact_compact_domain ... ok
test global::const_dsl::scope::tests::scope_id_is_u16_sentinel_identity ... ok
test global::const_dsl::scope_ranges::nesting::tests::crossing_scope_ranges_fail_closed - should panic ... ok
test global::const_dsl::scope_ranges::nesting::tests::equal_projected_ranges_follow_source_preorder_nesting ... ok
test global::const_dsl::scope_ranges::tests::nested_route_topology_has_one_range_parent_child_and_slot_authority ... ok
test global::const_dsl::scope_ranges::tests::normalized_route_primary_carries_exact_contiguous_arms ... ok
test global::const_dsl::scope_ranges::tests::normalized_route_primary_rejects_an_empty_left_arm - should panic ... ok
test global::const_dsl::scope_ranges::tests::normalized_route_primary_rejects_an_empty_right_arm - should panic ... ok
test global::event_program_cursor_tests::cursor_matrix_par_p_route_p_seq_p ... ok
test global::event_program_cursor_tests::cursor_matrix_par_p_route_p_seq_r ... ok
test global::event_program_cursor_tests::cursor_matrix_par_p_route_r_seq_p ... ok
test global::event_program_cursor_tests::cursor_matrix_par_p_route_r_seq_r ... ok
test global::event_program_cursor_tests::cursor_matrix_par_p_seq_p_route_p ... ok
test global::event_program_cursor_tests::cursor_matrix_par_p_seq_p_route_r ... ok
test global::event_program_cursor_tests::cursor_matrix_par_p_seq_r_route_p ... ok
test global::event_program_cursor_tests::cursor_matrix_par_p_seq_r_route_r ... ok
test global::event_program_cursor_tests::cursor_matrix_par_r_route_p_seq_p ... ok
test global::event_program_cursor_tests::cursor_matrix_par_r_route_p_seq_r ... ok
test global::event_program_cursor_tests::cursor_matrix_par_r_route_r_seq_p ... ok
test global::event_program_cursor_tests::cursor_matrix_par_r_route_r_seq_r ... ok
test global::event_program_cursor_tests::cursor_matrix_par_r_seq_p_route_p ... ok
test global::event_program_cursor_tests::cursor_matrix_par_r_seq_p_route_r ... ok
test global::event_program_cursor_tests::cursor_matrix_par_r_seq_r_route_p ... ok
test global::event_program_cursor_tests::cursor_matrix_par_r_seq_r_route_r ... ok
test global::event_program_cursor_tests::cursor_matrix_par_route_seq_roll_keeps_tail_pending_after_head ... ok
test global::event_program_cursor_tests::cursor_matrix_route_p_par_p_seq_p ... ok
test global::event_program_cursor_tests::cursor_matrix_route_p_par_p_seq_r ... ok
test global::event_program_cursor_tests::cursor_matrix_route_p_par_r_seq_p ... ok
test global::event_program_cursor_tests::cursor_matrix_route_p_par_r_seq_r ... ok
test global::event_program_cursor_tests::cursor_matrix_route_p_seq_p_par_p ... ok
test global::event_program_cursor_tests::cursor_matrix_route_p_seq_p_par_r ... ok
test global::event_program_cursor_tests::cursor_matrix_route_p_seq_r_par_p ... ok
test global::event_program_cursor_tests::cursor_matrix_route_p_seq_r_par_r ... ok
test global::event_program_cursor_tests::cursor_matrix_route_r_par_p_seq_p ... ok
test global::event_program_cursor_tests::cursor_matrix_route_r_par_p_seq_r ... ok
test global::event_program_cursor_tests::cursor_matrix_route_r_par_r_seq_p ... ok
test global::event_program_cursor_tests::cursor_matrix_route_r_par_r_seq_r ... ok
test global::event_program_cursor_tests::cursor_matrix_route_r_seq_p_par_p ... ok
test global::event_program_cursor_tests::cursor_matrix_route_r_seq_p_par_r ... ok
test global::event_program_cursor_tests::cursor_matrix_route_r_seq_r_par_p ... ok
test global::event_program_cursor_tests::cursor_matrix_route_r_seq_r_par_r ... ok
test global::event_program_cursor_tests::cursor_matrix_seq_p_par_p_route_p ... ok
test global::event_program_cursor_tests::cursor_matrix_seq_p_par_p_route_r ... ok
test global::event_program_cursor_tests::cursor_matrix_seq_p_par_r_route_p ... ok
test global::event_program_cursor_tests::cursor_matrix_seq_p_par_r_route_r ... ok
test global::event_program_cursor_tests::cursor_matrix_seq_p_route_p_par_p ... ok
test global::event_program_cursor_tests::cursor_matrix_seq_p_route_p_par_r ... ok
test global::event_program_cursor_tests::cursor_matrix_seq_p_route_r_par_p ... ok
test global::event_program_cursor_tests::cursor_matrix_seq_p_route_r_par_r ... ok
test global::event_program_cursor_tests::cursor_matrix_seq_par_roll_right_route_roll_keeps_completed_sibling_for_exit ... ok
test global::event_program_cursor_tests::cursor_matrix_seq_par_roll_route_roll_can_exit_after_body_settles ... ok
test global::event_program_cursor_tests::cursor_matrix_seq_r_par_p_route_p ... ok
test global::event_program_cursor_tests::cursor_matrix_seq_r_par_p_route_r ... ok
test global::event_program_cursor_tests::cursor_matrix_seq_r_par_r_route_p ... ok
test global::event_program_cursor_tests::cursor_matrix_seq_r_par_r_route_r ... ok
test global::event_program_cursor_tests::cursor_matrix_seq_r_route_p_par_p ... ok
test global::event_program_cursor_tests::cursor_matrix_seq_r_route_p_par_r ... ok
test global::event_program_cursor_tests::cursor_matrix_seq_r_route_r_par_p ... ok
test global::event_program_cursor_tests::cursor_matrix_seq_r_route_r_par_r ... ok
test global::event_program_cursor_tests::empty_role_route_slot_does_not_hide_a_later_route_scope ... ok
test global::event_program_cursor_tests::generated_corpus::generated_intrinsic_deep_left_route_roll_spine ... ok
test global::event_program_cursor_tests::generated_corpus::generated_intrinsic_deep_right_route_roll_spine ... ok
test global::event_program_cursor_tests::generated_corpus::generated_intrinsic_left_spine_route_seq_par_roll ... ok
test global::event_program_cursor_tests::generated_corpus::generated_intrinsic_par_roll_contains_route_roll_and_seq_roll ... ok
test global::event_program_cursor_tests::generated_corpus::generated_intrinsic_right_spine_route_seq_par_roll ... ok
test global::event_program_cursor_tests::generated_corpus::generated_intrinsic_route_roll_contains_seq_roll_and_par_roll ... ok
test global::event_program_cursor_tests::generated_corpus::generated_resolved_left_outer_route_allows_cross_arm_reentry ... ok
test global::event_program_cursor_tests::generated_corpus::generated_resolved_mirrored_par_seq_route_roll_mixed_asymmetric ... ok
test global::event_program_cursor_tests::generated_corpus::generated_resolved_par_seq_route_roll_mixed_asymmetric ... ok
test global::event_program_cursor_tests::generated_corpus::generated_resolved_right_outer_route_allows_cross_arm_reentry ... ok
test global::event_program_cursor_tests::lean_proof_export::export_production_trace_for_lean ... ignored, host-only Lean proof artifact export
test global::event_program_cursor_tests::lean_proof_export::parallel_certificate::export_parallel_dependencies_for_lean ... ignored, host-only parallel descriptor proof artifact export
test global::event_program_cursor_tests::lean_proof_export::projection_certificate::projection_export_keeps_a_later_route_after_an_empty_role_slot ... ok
test global::event_program_cursor_tests::passive_arm_child_facts_are_strict_projected_descendants ... ok
test global::event_program_cursor_tests::passive_arm_child_facts_cover_right_arm_descendants ... ok
test global::event_program_cursor_tests::passive_arm_entry_keeps_right_spine_outer_direct_arm ... ok
test global::event_program_cursor_tests::production_cursor_chain_commit_preserves_nested_route_continuation ... ok
test global::event_program_cursor_tests::production_cursor_chain_commit_waits_for_parallel_sibling ... ok
test global::event_program_cursor_tests::production_cursor_commits_full_conflict_chain_for_triple_nested_route ... ok
test global::event_program_cursor_tests::production_cursor_enabled_frontier_matches_reference_for_alternating_route_parallel ... ok
test global::event_program_cursor_tests::production_cursor_enabled_frontier_matches_reference_for_dead_nested_route_arm ... ok
test global::event_program_cursor_tests::production_cursor_enabled_frontier_matches_reference_for_nested_parallel_join ... ok
test global::event_program_cursor_tests::production_cursor_enabled_frontier_matches_reference_for_route_inside_join ... ok
test global::event_program_cursor_tests::production_cursor_keeps_multipeer_parallel_join_live_after_sibling_first ... ok
test global::event_program_cursor_tests::production_cursor_pipelines_rolled_send_before_remote_receive ... ok
test global::event_program_cursor_tests::production_cursor_previews_repeated_intrinsic_route_segments ... ok
test global::event_program_cursor_tests::production_cursor_previews_repeated_label_continuation_inside_rolled_route_arm ... ok
test global::event_program_cursor_tests::production_cursor_reenters_completed_rolled_seq_head ... ok
test global::event_program_cursor_tests::production_cursor_reenters_rolled_route_from_completed_outer_arm_to_nested_arm ... ok
test global::event_program_cursor_tests::production_cursor_reenters_rolled_route_scope_inside_sequence ... ok
test global::event_program_cursor_tests::production_cursor_resolves_deep_left_spine_first_recv_dispatch_from_root ... ok
test global::event_program_cursor_tests::production_cursor_route_authority_is_the_exact_event_conflict_key ... ok
test global::event_program_cursor_tests::reentrant_completion_covers_right_spine_prefix_then_nested_route ... ok
test global::event_program_cursor_tests::reentrant_completion_covers_selected_arm_with_nested_rolled_parallel ... ok
test global::event_program_cursor_tests::reentrant_completion_covers_selected_arm_with_nested_rolled_sequence ... ok
test global::event_program_cursor_tests::resident_descriptor_local_labels_match_event_program_witness_for_nested_parallel_join ... ok
test global::event_program_tests::tests::alternating_route_parallel_nesting_uses_only_selected_arms_for_joins ... ok
test global::event_program_tests::tests::outer_left_selection_excludes_nested_right_route_and_parallel_events ... ok
test global::event_program_tests::tests::par_seq_par_join_requires_all_selected_dependencies ... ok
test global::event_program_tests::tests::route_selected_left_path_keeps_nested_parallel_join_live ... ok
test global::event_program_tests::tests::route_unselected_arm_is_not_a_parallel_join_obligation ... ok
test global::event_program_tests::tests::route_unselected_nested_parallel_arm_is_dead_not_join_obligation ... ok
test global::role_program::image_impl::event_rows::tests::optional_event_fact_row_preserves_the_reserved_absent_value ... ok
test global::role_program::image_impl::projection::dependency::tests::joins_at_parallel_splits_do_not_contaminate_new_sibling_inputs ... ok
test global::role_program::image_impl::projection::dependency::tests::reentrant_route_parallel_dependencies_match_the_direct_definition ... ok
test global::role_program::image_impl::projection::dependency::tests::sequential_prefix_is_retained_at_nested_forks_without_sibling_edges ... ok
test global::role_program::image_impl::projection::lanes::tests::local_lane_facts_reject_absent_lane_last_step - should panic ... ok
test global::role_program::image_impl::projection::lanes::tests::local_lane_facts_reject_out_of_range_bitmap_read - should panic ... ok
test global::role_program::image_impl::projection::lanes::tests::local_lane_facts_reject_out_of_range_effect_end - should panic ... ok
test global::role_program::image_impl::projection::lanes::tests::local_lane_facts_reject_reversed_effect_range - should panic ... ok
test global::role_program::image_impl::projection::scope_facts::tests::absent_identity_is_rejected_instead_of_becoming_a_root - should panic ... ok
test global::role_program::image_impl::projection::scope_facts::tests::cached_parent_facts_match_the_source_definition_for_every_scope ... ok
test global::role_program::image_impl::projection::scope_facts::tests::sparse_last_encoded_scope_ordinal_has_an_exact_cache_slot ... ok
test global::role_program::image_impl::tests::active_lane_metadata_is_derived_from_one_canonical_bitmap ... ok
test global::role_program::image_impl::tests::active_lane_metadata_rejects_trailing_zero_alias ... ok
test global::role_program::image_impl::tests::arm_row_index::certified_arm_byte_mutations_match_exact_original_rows ... ok
test global::role_program::image_impl::tests::arm_row_index::certified_arm_rows_match_original_with_full_query_guards ... ok
test global::role_program::image_impl::tests::arm_row_index::constructor_rejected_certificate_keeps_original_accessors ... ok
test global::role_program::image_impl::tests::arm_row_index::malformed_prefix_requires_fallback_and_later_damage_keeps_early_success ... ok
test global::role_program::image_impl::tests::inactive_role_has_one_canonical_empty_active_bitmap ... ok
test global::role_program::image_impl::tests::lane_columns_bind_partition_arm_steps_and_offer_union ... ok
test global::role_program::image_impl::tests::lane_range_constructor_rejects_end_outside_compact_domain - should panic ... ok
test global::role_program::image_impl::tests::lane_range_constructor_rejects_limb_outside_compact_domain - should panic ... ok
test global::role_program::image_impl::tests::lane_range_constructor_rejects_reserved_empty_encoding - should panic ... ok
test global::role_program::image_impl::tests::passive_parent::certified_byte_mutations_preserve_every_skipped_fact_and_owner_read ... ok
test global::role_program::image_impl::tests::resident_descriptor_rejects_absent_route_scope_row ... ok
test global::role_program::image_impl::tests::resident_descriptor_rejects_dependency_range_beyond_events ... ok
test global::role_program::image_impl::tests::resident_descriptor_rejects_duplicate_route_scope_authority ... ok
test global::role_program::image_impl::tests::resident_descriptor_rejects_empty_lane_range_row ... ok
test global::role_program::image_impl::tests::resident_descriptor_rejects_empty_local_event_row ... ok
test global::role_program::image_impl::tests::resident_descriptor_rejects_empty_referenced_conflict_row ... ok
test global::role_program::image_impl::tests::resident_descriptor_rejects_empty_referenced_dependency_row ... ok
test global::role_program::image_impl::tests::resident_descriptor_rejects_empty_roll_scope_event_range ... ok
test global::role_program::image_impl::tests::resident_descriptor_rejects_empty_roll_scope_row ... ok
test global::role_program::image_impl::tests::resident_descriptor_rejects_empty_route_arm_row ... ok
test global::role_program::image_impl::tests::resident_descriptor_rejects_foreign_role_event ... ok
test global::role_program::image_impl::tests::resident_descriptor_rejects_foreign_route_commit_current ... ok
test global::role_program::image_impl::tests::resident_descriptor_rejects_foreign_route_commit_parent ... ok
test global::role_program::image_impl::tests::resident_descriptor_rejects_in_range_missing_event_and_lane_columns ... ok
test global::role_program::image_impl::tests::resident_descriptor_rejects_local_step_lane_outside_logical_domain ... ok
test global::role_program::image_impl::tests::resident_descriptor_rejects_missing_program_event ... ok
test global::role_program::image_impl::tests::resident_descriptor_rejects_non_route_scope_row ... ok
test global::role_program::image_impl::tests::resident_descriptor_rejects_noncanonical_empty_lane_range_row ... ok
test global::role_program::image_impl::tests::resident_descriptor_rejects_noncanonical_empty_route_arm_event_range ... ok
test global::role_program::image_impl::tests::resident_descriptor_rejects_noncanonical_empty_route_arm_lane_step_range ... ok
test global::role_program::image_impl::tests::resident_descriptor_rejects_out_of_domain_conflict_route_scope ... ok
test global::role_program::image_impl::tests::resident_descriptor_rejects_out_of_domain_dependency_route_scope ... ok
test global::role_program::image_impl::tests::resident_descriptor_rejects_out_of_domain_local_event_index ... ok
test global::role_program::image_impl::tests::resident_descriptor_rejects_out_of_domain_local_event_scope ... ok
test global::role_program::image_impl::tests::resident_descriptor_rejects_passive_child_without_parent_authority ... ok
test global::role_program::image_impl::tests::resident_descriptor_rejects_program_lane_mismatch ... ok
test global::role_program::image_impl::tests::resident_descriptor_rejects_reserved_local_event_flags ... ok
test global::role_program::image_impl::tests::resident_descriptor_rejects_resident_boundary_beyond_lane_rows ... ok
test global::role_program::image_impl::tests::resident_descriptor_rejects_roll_scope_event_range_beyond_events ... ok
test global::role_program::image_impl::tests::resident_descriptor_rejects_roll_scope_ordinal_out_of_range ... ok
test global::role_program::image_impl::tests::resident_descriptor_rejects_route_arm_event_range_beyond_events ... ok
test global::role_program::image_impl::tests::resident_descriptor_rejects_route_arm_lane_step_outside_own_arm ... ok
test global::role_program::image_impl::tests::resident_descriptor_rejects_route_arm_lane_step_range_beyond_rows ... ok
test global::role_program::image_impl::tests::resident_descriptor_rejects_route_commit_range_beyond_rows ... ok
test global::role_program::image_impl::tests::resident_descriptor_rejects_route_commit_rows_before_terminal_parent ... ok
test global::role_program::image_impl::tests::resident_descriptor_rejects_route_scope_ordinal_out_of_range ... ok
test global::role_program::image_impl::tests::resident_descriptor_rejects_truncated_route_commit_parent_chain ... ok
test global::role_program::image_impl::tests::resident_descriptor_rejects_zero_length_resident_boundary_row ... ok
test global::role_program::image_impl::tests::resident_descriptor_rejects_zero_length_route_commit_range ... ok
test global::role_program::image_impl::tests::resident_parallel_role_image_plan_matches_lane_bit_storage ... ok
test global::role_program::image_impl::tests::resident_role_image_constructor_rejects_undersized_storage - should panic ... ok
test global::role_program::image_impl::tests::resident_role_image_fit_probe_rejects_plan_drift ... ok
test global::role_program::image_impl::tests::resident_role_image_fit_probe_rejects_undersized_storage ... ok
test global::role_program::image_impl::tests::resident_route_arm_index_decoder_accepts_exact_binary_domain ... ok
test global::role_program::image_impl::tests::resident_route_commit_chain_accepts_ancestor_first_order ... ok
test global::role_program::image_impl::tests::role_image_column_range_rejects_stride_multiplication_overflow ... ok
test global::role_program::image_impl::tests::roll_scope_columns_require_unique_laminar_ranges ... ok
test global::role_program::image_impl::tests::route_commit_capacity_requires_the_exact_contiguous_partition_and_maximum ... ok
test global::role_program::image_impl::tests::route_index::constructed_route_index_matches_scan_on_arbitrary_small_raw_tables ... ok
test global::role_program::image_impl::tests::route_index::constructor_keeps_malformed_route_tables_on_checked_fallback ... ok
test global::role_program::image_impl::tests::route_index::projected_route_index_matches_scan_for_every_decodable_scope_id ... ok
test global::role_program::image_impl::tests::route_index::sorted_route_certificate_checks_complete_raw_rows_and_bounds ... ok
test global::role_program::image_impl::tests::terminal_blob_bound_rejects_every_nonterminal_column_before_publication ... ok
test global::role_program::tests::descriptor_lane_byte_view_rejects_a_span_beyond_the_lane_domain - should panic ... ok
test global::role_program::tests::descriptor_lane_byte_view_remains_byte_aligned_and_covers_lane_255 ... ok
test global::role_program::tests::empty_route_lane_sets_have_one_canonical_byte_encoding ... ok
test global::role_program::tests::equal_range_nested_rolls_assign_events_to_the_innermost_scope ... ok
test global::role_program::tests::explicit_resolver_route_scope_survives_nested_parallel_head ... ok
test global::role_program::tests::full_role_domain::high_role_parallel_projection_uses_disjoint_derived_lanes ... ok
test global::role_program::tests::full_role_domain::high_role_roll_projection_keeps_role_identity_without_runtime_epoch ... ok
test global::role_program::tests::full_role_domain::high_role_route_participants_are_canonical_sorted_lists ... ok
test global::role_program::tests::full_role_domain::projection_accepts_role_16_and_full_u8_role_domain ... ok
test global::role_program::tests::inactive_role_keeps_only_its_session_lane_and_no_frontier_reserve ... ok
test global::role_program::tests::lane_set_mutation_rejects_a_lane_outside_its_exact_span - should panic ... ok
test global::role_program::tests::lane_set_view_iterates_set_bits_without_empty_lane_scan ... ok
test global::role_program::tests::lane_set_view_word_compare_can_ignore_one_lane_without_empty_lane_scan ... ok
test global::role_program::tests::local_cursor_position_domain_includes_initial_and_terminal_positions ... ok
test global::role_program::tests::local_cursor_position_domain_rejects_an_unpacked_local_step_count - should panic ... ok
test global::role_program::tests::logical_lane_count_stays_inside_wire_lane_domain ... ok
test global::role_program::tests::minimal_send_descriptor_has_exact_resident_footprint ... ok
test global::role_program::tests::parallel_projection_keeps_resident_rows_and_lane_split_internal ... ok
test global::role_program::tests::parallel_route_projection_keeps_resident_descriptor_without_public_step_surface ... ok
test global::role_program::tests::protocol_matrix::projected_protocol_matrix_reports_compact_resident_images ... ok
test global::role_program::tests::resident_lane_views_stay_compact ... ok
test global::role_program::tests::resident_route_arm_access_rejects_nonbinary_index ... ok
test global::role_program::tests::resident_rows_cover_multiple_exact_layout_rows ... ok
test global::role_program::tests::resolver_identity_distinguishes_equal_count_scope_topology ... ok
test global::role_program::tests::role_projections_share_program_wide_resolver_identity ... ok
test global::role_program::tests::roll_projection_marks_seq_body_with_roll_scope ... ok
test global::role_program::tests::rolled_nested_route_keeps_inner_arm_conflicts ... ok
test global::role_program::tests::route_arm_lane_steps::lane_resident_route_rows_do_not_restore_full_domain_copies ... ok
test global::role_program::tests::route_arm_lane_steps::nested_route_lane_steps_are_relation_counted_not_event_counted ... ok
test global::role_program::tests::route_arm_lane_steps::route_arm_child_slot_accepts_full_u16_domain ... ok
test global::role_program::tests::route_arm_lane_steps::route_arm_lane_steps_are_sparse_over_actual_lanes_not_logical_lanes ... ok
test global::role_program::tests::route_arm_lane_steps::route_arm_lane_steps_preserve_first_and_last_repeated_lane_occurrences ... ok
test global::role_program::tests::route_arm_lane_steps::route_arm_lane_steps_store_one_row_per_actual_arm_lane_relation ... ok
test global::role_program::tests::route_arm_lane_steps::route_arm_row_accepts_full_u16_event_starts ... ok
test global::role_program::tests::route_arm_lane_steps::route_arm_row_encodes_the_full_lane_domain_without_growing ... ok
test global::role_program::tests::route_arm_lane_steps::route_arm_row_keeps_exact_ranges_in_compact_scalar_limbs ... ok
test global::role_program::tests::route_frontier_visit_capacity_covers_the_exact_cursor_position_domain ... ok
test global::role_program::tests::route_history_capacity_tracks_emitted_lane_relations ... ok
test global::role_program::tests::route_internal_parallel_scope_has_exact_resident_arm_relation ... ok
test global::role_program::tests::simple_controller_route_arm_event_rows_are_exact ... ok
test global::role_program::tests::streaming_role_image_accepts_more_than_256_resident_rows ... ok
test global::role_program::tests::streaming_role_image_tracks_actual_event_count ... ok
test global::tests::absent_scope_cannot_query_dynamic_route_resolver - should panic ... ok
test global::tests::compact_event_identity_and_descriptor_byte_domains_are_not_conflated ... ok
test global::tests::descriptor_first_size_gates_hold ... ok
test global::tests::dynamic_route_resolver_lookup_is_exactly_route_scoped ... ok
test global::tests::highest_scope_ordinal_can_query_dynamic_route_resolver ... ok
test global::tests::non_route_scope_cannot_query_dynamic_route_resolver - should panic ... ok
test global::tests::route_scope_cannot_acquire_two_compile_time_resolver_authorities - should panic ... ok
test global::typestate::cursor::compact_cursor_position_tests::terminal_cursor_position_uses_the_full_u16_value_domain ... ok
test global::typestate::cursor::first_recv_dispatch::tests::certified_parent_index_matches_legacy_for_every_decodable_scope ... ok
test global::typestate::cursor::first_recv_dispatch::tests::invalid_unused_owner_disables_new_read_without_changing_harmless_miss ... ok
test global::typestate::cursor::first_recv_dispatch::tests::malformed_later_edge_and_duplicate_target_preserve_earlier_match ... ok
test global::typestate::cursor::first_recv_dispatch::tests::passive_cycle_disables_index_and_preserves_ordered_legacy_outcomes ... ok
test global::typestate::cursor::first_recv_dispatch::tests::unused_cyclic_owners_do_not_create_passive_edges ... ok
test global::typestate::cursor::first_recv_dispatch::tests::wrong_owner_arm_disables_index_and_keeps_original_failure ... ok
test global::typestate::cursor::lane_progress::tests::direct_lane_heads_match_ordinal_oracle_across_sparse_rows_and_relocation ... ok
test global::typestate::cursor::lane_progress::tests::direct_lane_heads_match_ordinal_oracle_for_routes_and_roll ... ok
test global::typestate::facts::dependency::tests::local_dependency_rejects_absent_scope - should panic ... ok
test global::typestate::facts::dependency::tests::local_dependency_rejects_out_of_domain_parallel_scope - should panic ... ok
test global::typestate::facts::dependency::tests::local_dependency_rejects_out_of_domain_route_conflict - should panic ... ok
test global::typestate::facts::dependency::tests::packed_dependency_accepts_full_u16_step_ranges ... ok
test global::typestate::facts::dependency::tests::packed_dependency_rejects_partial_absence_and_empty_ranges ... ok
test global::typestate::facts::dependency::tests::packed_dependency_round_trips_every_conflict_kind ... ok
test global::typestate::facts::tests::inbound_frame_key_is_exact_three_byte_identity ... ok
test global::typestate::facts::tests::optional_route_arm_rejects_invalid_compact_value - should panic ... ok
test global::typestate::facts::tests::packed_conflict_and_optional_arm_decoders_accept_exact_domains ... ok
test global::typestate::facts::tests::packed_conflict_rejects_reserved_high_bit - should panic ... ok
test global::typestate::facts::tests::state_index_rejects_the_reserved_absent_identity - should panic ... ok
test global::typestate::facts::tests::state_index_uses_the_exact_present_identity_domain ... ok
test observe::core::tests::head_wrap_preserves_the_exact_resident_window ... ok
test observe::core::tests::lagging_reader_reconstructs_the_exact_resident_window ... ok
test observe::event::tests::resident_tap_record_erases_and_reconstructs_timestamp ... ok
test observe::event::tests::tap_event_debug_uses_semantic_fields_only ... ok
test observe::event::tests::tap_event_is_exactly_sixteen_bytes ... ok
test observe::event::tests::tap_event_record_bytes_are_exactly_sixteen_bytes ... ok
test observe::event::tests::transport_fault_evidence_carries_lane_and_reason ... ok
test observe::event::tests::transport_mismatch_evidence_carries_expected_lane_and_reason ... ok
test observe::events::tests::route_site_evidence_uses_scope_local_ordinal ... ok
test observe::events::tests::route_site_rejects_non_route_scope - should panic ... ok
test observe::events::tests::route_site_rejects_out_of_domain_scope - should panic ... ok
test rendezvous::core::endpoint_waiter::tests::drop_rejects_a_registered_wake_owner ... ok
test rendezvous::core::endpoint_waiter::tests::replacement_moves_displaced_owner_out_of_the_lease_record ... ok
test rendezvous::core::lane_lifecycle::tests::single_slab_carve_layout_accounts_for_alignment_and_tap_ring ... ok
test rendezvous::core::storage_layout::capacity::tests::aborted_endpoint_reservation_restores_generation_and_owner_capacities ... ok
test rendezvous::core::storage_layout::capacity::tests::assoc_replacement_retires_old_root_without_history_growth ... ok
test rendezvous::core::storage_layout::capacity::tests::assoc_shrink_returns_storage_to_active_claim_count ... ok
test rendezvous::core::storage_layout::capacity::tests::association_accepts_256_attachments_without_corrupting_fault_state ... ok
test rendezvous::core::storage_layout::capacity::tests::association_storage_rejects_zero_requirements_without_allocating_reserves ... ok
test rendezvous::core::storage_layout::capacity::tests::endpoint_lease_capacity_plan_is_read_only_until_commit ... ok
test rendezvous::core::storage_layout::capacity::tests::endpoint_lease_generation_exhaustion_fails_closed ... ok
test rendezvous::core::storage_layout::capacity::tests::endpoint_lease_growth_failure_preserves_existing_owner_state ... ok
test rendezvous::core::storage_layout::capacity::tests::endpoint_lease_lookup_rejects_out_of_range_before_record_access ... ok
test rendezvous::core::storage_layout::capacity::tests::endpoint_lease_payload_exhaustion_preserves_resident_state ... ok
test rendezvous::core::storage_layout::capacity::tests::endpoint_lease_shrink_preserves_owner_generation_across_rebind ... ok
test rendezvous::core::storage_layout::capacity::tests::endpoint_lease_slot_count_uses_the_full_u16_index_domain ... ok
test rendezvous::core::storage_layout::capacity::tests::first_endpoint_table_commit_preserves_existing_sidecar_owners ... ok
test rendezvous::core::storage_layout::capacity::tests::formal_certificate_export::export_runtime_certificates_for_lean ... ignored, host-only Lean runtime certificate export
test rendezvous::core::storage_layout::capacity::tests::nonempty_sidecar_before_slab_fails_closed ... ok
test rendezvous::core::storage_layout::capacity::tests::published_endpoint_lease_cannot_be_published_twice ... ok
test rendezvous::core::storage_layout::capacity::tests::repeated_reserved_release_restores_all_resident_high_water ... ok
test rendezvous::core::storage_layout::capacity::tests::reserved_endpoint_lease_is_invisible_to_lookup_and_wake ... ok
test rendezvous::port::tests::frontier_scratch_offset_aligns_absolute_address_not_offset_only ... ok
test rendezvous::recv_frame_receipt::tests::receive_frame_receipt_issue_and_resolution_are_exact ... ok
test rendezvous::recv_frame_receipt::tests::receive_frame_receipt_rejects_duplicate_issue - should panic ... ok
test rendezvous::recv_frame_receipt::tests::receive_frame_receipt_rejects_duplicate_resolution - should panic ... ok
test rendezvous::recv_frame_receipt::tests::receive_frame_receipt_rejects_foreign_port - should panic ... ok
test rendezvous::recv_frame_receipt::tests::receive_frame_receipt_rejects_foreign_state - should panic ... ok
test rendezvous::recv_frame_receipt::tests::typed_receive_frame_receipt_preserves_compact_layout ... ok
test runtime::tests::large_choreography_runtime_peak_metrics_fanout_heavy ... ignored, reported by large choreography measurement scripts in release mode
test runtime::tests::large_choreography_runtime_peak_metrics_linear_heavy ... ignored, reported by large choreography measurement scripts in release mode
test runtime::tests::large_choreography_runtime_peak_metrics_route_heavy ... ignored, reported by large choreography measurement scripts in release mode
test runtime::tests::large_choreography_symbols_are_reachable ... ok
test runtime_core::layout::tests::alignment_is_minimal_and_absolute_offsets_include_the_base ... ok
test runtime_core::layout::tests::bit_word_count_is_exact_at_zero_boundaries_and_usize_max ... ok
test runtime_core::layout::tests::non_power_of_two_alignment_is_never_accepted - should panic ... ok
test runtime_core::resources::tests::resources_defer_lane_domain_until_projected_descriptor ... ok
test runtime_core::unique_match::tests::repeated_identity_is_one_and_distinct_identity_is_ambiguous ... ok
test session::cluster::error::tests::test_error_display ... ok
test session::types::tests::rendezvous_id_zero_is_rejected - should panic ... ok
test transport::tests::frame_header_preserves_full_wire_domain_as_bytes ... ok
test transport::tests::received_frame_framed_bytes_roundtrip ... ok
test transport::tests::recv_future_records_waker_and_wakes ... ok
test transport::tests::transport_contract_abort_retires_undelivered_tail_and_closes ... ok
test transport::tests::transport_contract_carrier_generation_isolates_session_reuse ... ok
test transport::tests::transport_contract_close_drains_accepted_prefix_and_rejects_later_send ... ok
test transport::tests::transport_contract_fifo_exactly_once_and_no_replay ... ok
test transport::tests::transport_contract_handle_retirement_wakes_remote_receiver ... ok
test transport::tests::transport_contract_peer_close_wakes_and_is_observable_after_drain ... ok
test transport::wire::tests::borrowed_byte_slice_remains_variable_length ... ok
test transport::wire::tests::builtin_payload_schemas_are_pairwise_distinct ... ok
test transport::wire::tests::fixed_array_schema_identity_is_exact_at_its_domain_boundary ... ok
test transport::wire::tests::fixed_array_schema_identity_rejects_the_first_colliding_width - should panic ... ok
test transport::wire::tests::fixed_payload_decoders_reject_trailing_bytes ... ok

test result: ok. 451 passed; 0 failed; 8 ignored; 0 measured; 0 filtered out; finished in 0.30s

     Running tests/affine_progression.rs (target/debug/deps/affine_progression-393f31eab52382fc)

running 4 tests
test drop_unpolled_send_future_keeps_endpoint_on_same_send_step ... ok
test dropping_pending_send_future_keeps_endpoint_on_same_send_step ... ok
test forgotten_started_send_future_leaves_send_fail_closed ... ok
test interleaved_pending_sends_reencode_from_their_own_payloads ... ok

test result: ok. 4 passed; 0 failed; 0 ignored; 0 measured; 0 filtered out; finished in 0.00s

     Running tests/callsite_regression.rs (target/debug/deps/callsite_regression-1d09fc71037dc9f7)

running 5 tests
test attach_and_resolver_errors_keep_debug_boundaries ... ok
test endpoint_errors_keep_debug_boundaries ... ok
test payload_schema_mismatch_cannot_publish_send_or_consume_recv ... ok
test payload_schema_tracks_selected_route_when_labels_match ... ok
test runtime_registers_multiple_rendezvous_from_resident_resources ... ok

test result: ok. 5 passed; 0 failed; 0 ignored; 0 measured; 0 filtered out; finished in 0.00s

     Running tests/cursor_send_recv_codec_demux.rs (target/debug/deps/cursor_send_recv_codec_demux-c066d456d870b0ad)

running 2 tests
test codec_demux::cursor_send_and_recv_high_logical_label_roundtrip ... ok
test codec_demux::recv_codec_error_poisons_before_same_generation_continuation ... ok

test result: ok. 2 passed; 0 failed; 0 ignored; 0 measured; 0 filtered out; finished in 0.00s

     Running tests/cursor_send_recv_direct_recv.rs (target/debug/deps/cursor_send_recv_direct_recv-898a2a7368934fd5)

running 11 tests
test direct_recv::cursor_recv_can_return_borrowed_frame_views ... ok
test direct_recv::direct_recv_accepts_single_deterministic_transport_frame ... ok
test direct_recv::direct_recv_deadline_emits_transport_fault_tap ... ok
test direct_recv::direct_recv_lane_source_target_label_mismatch_fails_closed ... ok
test direct_recv::direct_recv_same_label_deterministic_frames_commit_by_lane_evidence ... ok
test direct_recv::direct_recv_session_mismatch_fails_closed_and_poisons_generation ... ok
test direct_recv::mismatch_tap_is_emitted_before_terminal_error ... ok
test direct_recv::rolled_raw_observations_commit_only_enabled_occurrences ... ok
test direct_recv::transport_poll_recv_returns_framed_payload ... ok
test direct_recv::zero_length_transport_frame_recv_u8_fails_with_codec_truncated ... ok
test direct_recv::zero_length_transport_frame_recv_unit_commits ... ok

test result: ok. 11 passed; 0 failed; 0 ignored; 0 measured; 0 filtered out; finished in 0.00s

     Running tests/cursor_send_recv_send_recv.rs (target/debug/deps/cursor_send_recv_send_recv-051bae14a7736f4b)

running 12 tests
test send_recv::completed_recv_future_repoll_is_fail_fast_and_does_not_advance_again ... ok
test send_recv::completed_send_future_repoll_is_fail_fast_and_does_not_advance_again ... ok
test send_recv::cursor_send_and_recv_roundtrip ... ok
test send_recv::direct_recv_same_label_parallel_frames_commit_by_observed_evidence ... ok
test send_recv::direct_send_capacity_emits_transport_fault_tap ... ok
test send_recv::intrinsic_route_passive_same_label_recv_commits_by_frame_evidence ... ok
test send_recv::live_endpoint_send_recv_survives_endpoint_lease_table_growth ... ok
test send_recv::live_endpoint_send_survives_failed_later_attach_abort ... ok
test send_recv::rolled_same_label_recv_requires_causal_exit_handoff ... ok
test send_recv::same_lane_session_waiters_are_isolated ... ok
test send_recv::send_preview_error_reports_debug_boundary_and_poison_session ... ok
test send_recv::session_template_instances_interleave_and_fault_independently ... ok

test result: ok. 12 passed; 0 failed; 0 ignored; 0 measured; 0 filtered out; finished in 0.01s

     Running tests/cursor_send_recv_session_drop_wake.rs (target/debug/deps/cursor_send_recv_session_drop_wake-5084a07380ac366c)

running 2 tests
test session_drop_wake::dropping_live_endpoint_poison_wakes_waiting_peer ... ok
test session_drop_wake::endpoint_waiter_isolated_from_unrelated_session_compaction ... ok

test result: ok. 2 passed; 0 failed; 0 ignored; 0 measured; 0 filtered out; finished in 0.00s

     Running tests/cursor_send_recv_session_fault_cancel.rs (target/debug/deps/cursor_send_recv_session_fault_cancel-85f1c8223222c8a8)

running 1 test
test session_fault_cancel::send_session_fault_cancels_pending_transport_state_once ... ok

test result: ok. 1 passed; 0 failed; 0 ignored; 0 measured; 0 filtered out; finished in 0.00s

     Running tests/cursor_send_recv_session_forget_recv.rs (target/debug/deps/cursor_send_recv_session_forget_recv-3ebd8ba1cbd947da)

running 1 test
test session_forget_recv::forgotten_recv_future_leaves_endpoint_fail_closed ... ok

test result: ok. 1 passed; 0 failed; 0 ignored; 0 measured; 0 filtered out; finished in 0.00s

     Running tests/cursor_send_recv_session_forget_send.rs (target/debug/deps/cursor_send_recv_session_forget_send-b71d305c0a375f9c)

running 1 test
test session_forget_send::forgotten_unpolled_send_future_does_not_publish_runtime_progress ... ok

test result: ok. 1 passed; 0 failed; 0 ignored; 0 measured; 0 filtered out; finished in 0.00s

     Running tests/cursor_send_recv_session_progress.rs (target/debug/deps/cursor_send_recv_session_progress-42663e16d30bfba7)

running 1 test
test session_progress::sequential_noncontiguous_lane_steps_progress_in_order ... ok

test result: ok. 1 passed; 0 failed; 0 ignored; 0 measured; 0 filtered out; finished in 0.00s

     Running tests/deep_scope_runtime.rs (target/debug/deps/deep_scope_runtime-f9636793de6b99cb)

running 1 test
test active_scope_depth_above_128_enters_public_sessionkit_path ... ok

test result: ok. 1 passed; 0 failed; 0 ignored; 0 measured; 0 filtered out; finished in 0.00s

     Running tests/dynamic_route_scope_resolver.rs (target/debug/deps/dynamic_route_scope_resolver-4f60778c20ca0ef9)

running 16 tests
test dropped_resolved_send_future_does_not_publish_runtime_evidence ... ok
test dynamic_resolution_seals_runtime_local_membership_before_evaluation ... ok
test left_decision_materializes_nested_parallel_arm_once ... ok
test maximum_resolver_id_runs_end_to_end ... ok
test nested_left_route_evaluates_outer_and_inner_resolvers_by_scope ... ok
test nested_outer_right_does_not_evaluate_inner_resolver ... ok
test nested_send_after_selected_prefix_audits_only_new_inner_decision ... ok
test resolved_route_send_calls_resolver_once_per_progress ... ok
test resolver_reject_does_not_encode_or_stage_send_payload ... ok
test right_decision_rejects_nested_parallel_left_arm ... ok
test same_atoms_and_resolver_rows_with_distinct_topology_keep_distinct_authority ... ok
test same_label_resolved_outbound_left_uses_left_schema ... ok
test same_label_resolved_outbound_right_uses_right_schema ... ok
test same_scope_and_resolver_id_in_distinct_programs_keep_distinct_authority ... ok
test same_scope_sites_with_distinct_resolver_ids_keep_distinct_authority ... ok
test stateful_send_resolver_is_not_evaluated_twice ... ok

test result: ok. 16 passed; 0 failed; 0 ignored; 0 measured; 0 filtered out; finished in 0.01s

     Running tests/huge_choreography_runtime.rs (target/debug/deps/huge_choreography_runtime-5a6967a3ce9759fe)

running 7 tests
test high_lane_route_runs_to_completion_on_actual_localside ... ok
test huge_choreography_shape_matrix_runs_to_completion_on_actual_localside ... ok
test huge_program_shape_matrix_projects_both_roles ... ok
test huge_programs_stay_on_direct_program_values ... ok
test lane_255_runs_to_completion_on_public_sessionkit_path ... ok
test over_256_globally_parallel_events_reuse_lanes_across_disjoint_roles ... ok
test over_256_ordered_inbound_occurrences_reuse_frame_labels_and_run ... ok

test result: ok. 7 passed; 0 failed; 0 ignored; 0 measured; 0 filtered out; finished in 0.54s

     Running tests/lane_lifecycle_tap.rs (target/debug/deps/lane_lifecycle_tap-73a0b612cdbb74db)

running 10 tests
test distinct_session_or_role_endpoint_leases_can_coexist ... ok
test dropped_endpoint_lease_allows_same_session_role_to_reenter ... ok
test duplicate_live_session_role_endpoint_lease_fails_without_runtime_evidence ... ok
test lane_lifecycle_emits_acquire_and_release_taps ... ok
test lane_lifecycle_keeps_full_session_id_in_evidence ... ok
test new_tap_port_reads_all_runtime_events_before_wrap ... ok
test new_tap_port_reads_byte_budgeted_runtime_window_after_wrap ... ok
test poisoned_session_reenter_rejects_before_lane_lease_construction ... ok
test same_role_sessions_are_limited_by_endpoint_leases_not_role_domain ... ok
test same_session_role_on_different_rendezvous_is_mismatch ... ok

test result: ok. 10 passed; 0 failed; 0 ignored; 0 measured; 0 filtered out; finished in 0.00s

     Running tests/local_action.rs (target/debug/deps/local_action-cfd1892cfad8c9a3)

running 4 tests
test local_action_flow_executes ... ok
test local_action_rejects_nonempty_encoder_claiming_unit_schema ... ok
test local_route_recv_accepts_only_empty_payload ... ok
test local_route_recv_rejects_non_empty_payload ... ok

test result: ok. 4 passed; 0 failed; 0 ignored; 0 measured; 0 filtered out; finished in 0.00s

     Running tests/miri_runtime_owner.rs (target/debug/deps/miri_runtime_owner-cc50f363a9862f5e)

running 28 tests
test callback_reentry::payload_encoding_callback_reentry_cannot_commit_after_peer_drop ... ok
test callback_reentry::payload_validation_callback_reentry_cannot_commit_after_peer_drop ... ok
test callback_reentry::resolver_callback_reentrant_attach_is_rejected_before_endpoint_image_read ... ok
test callback_reentry::resolver_callback_reentry_cannot_materialize_branch_after_peer_drop ... ok
test callback_reentry::resolver_callback_reentry_cannot_prepare_send_after_peer_drop ... ok
test callback_reentry::transport_cancel_callback_reentry_consumes_cleanup_authority_once ... ok
test callback_reentry::transport_open_reentry_cannot_publish_endpoint_into_poisoned_session ... ok
test callback_reentry::transport_recv_callback_reentry_cannot_commit_frame_after_peer_drop ... ok
test callback_reentry::transport_send_callback_reentry_cannot_commit_after_peer_drop ... ok
test displaced_waker_drop_reenters_only_after_endpoint_borrow_ends ... ok
test endpoint_drop_wakes_every_published_peer_waiter ... ok
test endpoint_waiter_survives_unrelated_growth_and_wakes_only_its_session ... ok
test failed_peer_attach_abort_keeps_existing_endpoint_live ... ok
test failed_resolver_growth_preserves_existing_registration_and_dispatch ... ok
test fatal_codec_error_retires_transport_handles_before_endpoint_drop ... ok
test payload_schema_mismatch_poison_session_without_publishing ... ok
test payload_schema_mismatch_precedes_receive_transport_poll ... ok
test pending_sends_do_not_borrow_shared_scratch_across_polls ... ok
test public_runtime_owner_stays_alias_clean_across_multiple_attaches ... ok
test receive_receipt_resolves_valid_borrowed_frame ... ok
test reentrant_wake_reloads_lease_root_after_peer_drop_compaction ... ok
test reentrant_waker_clone_fault_is_observed_before_endpoint_borrow ... ok
test resolver_registration_keeps_distinct_program_image_identity ... ok
test resolver_replacement_survives_sidecar_relocation_and_typed_dispatch ... ok
test session_generation_cannot_split_across_rendezvous_owners ... ok
test session_generation_rejects_mixed_program_images_before_mutation ... ok
test transport_callback_reentry_uses_lease_waiter_outside_endpoint_storage ... ok
test transport_handle_drop_cannot_reenter_partial_endpoint_drop ... ok

test result: ok. 28 passed; 0 failed; 0 ignored; 0 measured; 0 filtered out; finished in 0.01s

     Running tests/nested_route_runtime.rs (target/debug/deps/nested_route_runtime-87718c14de60f76b)

running 3 tests
test forgotten_started_offer_future_leaves_endpoint_fail_closed ... ok
test localside_branch_recv_sizes_stay_compact ... ok
test nested_branch_commit_stack ... ok

test result: ok. 3 passed; 0 failed; 0 ignored; 0 measured; 0 filtered out; finished in 0.00s

     Running tests/offer_branch_recv_evidence.rs (target/debug/deps/offer_branch_recv_evidence-3ecf36695471fbe7)

running 11 tests
test branch_recv_transport_consumes_frame_once ... ok
test completed_offer_future_repoll_is_fail_fast_and_does_not_advance_again ... ok
test completed_route_recv_future_repoll_is_fail_fast_and_does_not_advance_again ... ok
test drop_public_preview_branch_preserves_offer_progression ... ok
test forgotten_route_branch_leaves_endpoint_fail_closed ... ok
test forgotten_route_recv_future_leaves_endpoint_fail_closed ... ok
test live_endpoint_branch_recv_survives_endpoint_lease_table_growth ... ok
test offer_headerless_demux_frame_fails_closed_not_pending ... ok
test offer_materialized_label_mismatch_fails_closed ... ok
test offer_requires_framed_receive_evidence_for_branch_demux ... ok
test schema_mismatch_in_public_route_recv_poisons_same_generation ... ok

test result: ok. 11 passed; 0 failed; 0 ignored; 0 measured; 0 filtered out; finished in 0.01s

     Running tests/parallel_route_alternating.rs (target/debug/deps/parallel_route_alternating-c119c50d13b5b90f)

running 3 tests
test alternating_route_parallel_join_uses_only_selected_arms ... ok
test completed_same_lane_prefix_does_not_hide_fresh_sibling_offer ... ok
test fresh_sibling_still_requires_its_installation_prefix ... ok

test result: ok. 3 passed; 0 failed; 0 ignored; 0 measured; 0 filtered out; finished in 0.01s

     Running tests/parallel_route_nesting.rs (target/debug/deps/parallel_route_nesting-ac481584140fb810)

running 8 tests
test independent_rolled_admission_send_is_enabled_while_abi_input_is_quiet ... ok
test nested_parallel_join_commits_post_after_sibling_first_completion ... ok
test nested_parallel_join_requires_every_dependency_before_post ... ok
test outer_left_selection_kills_nested_right_route_and_parallel_body ... ok
test route_inside_parallel_lane_cannot_release_join_before_sibling_lane ... ok
test route_selected_left_keeps_entire_nested_parallel_path_live ... ok
test unselected_route_arm_parallel_events_are_dead_and_not_join_obligations ... ok
test unselected_route_arm_parallel_events_do_not_block_parallel_join ... ok

test result: ok. 8 passed; 0 failed; 0 ignored; 0 measured; 0 filtered out; finished in 0.01s

     Running tests/program_capacity_regression.rs (target/debug/deps/program_capacity_regression-79c0a3869c4fc19d)

running 1 test
test public_route_program_capacity_exceeds_segment_marker_shortcut ... ok

test result: ok. 1 passed; 0 failed; 0 ignored; 0 measured; 0 filtered out; finished in 0.00s

     Running tests/rolled_resolver_reentry.rs (target/debug/deps/rolled_resolver_reentry-f842f20aa76af0ef)

running 13 tests
test rolled_deep_left_spine_passive_offer_reenters_across_all_depths ... ok
test rolled_deep_right_spine_passive_offer_reenters_across_all_depths ... ok
test rolled_mirrored_nested_resolved_route_reenters_asymmetric_paths ... ok
test rolled_mirrored_nested_resolved_route_reenters_passive_offer_asymmetric_paths ... ok
test rolled_nested_resolved_route_reenters_asymmetric_paths ... ok
test rolled_nested_resolved_route_reenters_passive_offer_asymmetric_paths ... ok
test rolled_parallel_resolved_routes_reenter_after_both_lanes_settle ... ok
test rolled_resolved_route_par_seq_route_roll_mixed_corpus_reenters_by_scope ... ok
test rolled_resolved_route_par_seq_route_roll_mixed_right_corpus_reenters_by_scope ... ok
test rolled_resolved_route_preserves_buffered_decision_order ... ok
test rolled_resolved_route_reenters_left_right_left_rows ... ok
test rolled_resolved_route_reenters_passive_offer_left_right_left ... ok
test rolled_resolved_same_label_reenters_with_selected_schema ... ok

test result: ok. 13 passed; 0 failed; 0 ignored; 0 measured; 0 filtered out; finished in 0.05s

     Running tests/route_branch_send.rs (target/debug/deps/route_branch_send-1fd1cee23a9d5473)

running 6 tests
test branch_first_step_operation_mismatch_is_fail_closed ... ok
test dropped_branch_send_future_restores_offer_preview ... ok
test full_u8_role_domain_route_roll_runs_without_role_domain_storage ... ok
test rolled_route_does_not_wait_for_roles_absent_from_local_runtime ... ok
test rolled_route_pipelines_next_decision_before_receiver_observes ... ok
test send_start_route_completes_without_dropping_branch_preview ... ok

test result: ok. 6 passed; 0 failed; 0 ignored; 0 measured; 0 filtered out; finished in 0.00s

     Running tests/route_multiphase_progress_arm.rs (target/debug/deps/route_multiphase_progress_arm-0e0625b06d4aec56)

running 1 test
test route_arm_future_phase_blocks_post_route_send ... ok

test result: ok. 1 passed; 0 failed; 0 ignored; 0 measured; 0 filtered out; finished in 0.00s

     Running tests/route_multiphase_progress_inner.rs (target/debug/deps/route_multiphase_progress_inner-86783c1afa74ac5c)

running 1 test
test inner_route_completion_does_not_exit_outer_route_early ... ok

test result: ok. 1 passed; 0 failed; 0 ignored; 0 measured; 0 filtered out; finished in 0.00s

     Running tests/route_with_internal_parallel.rs (target/debug/deps/route_with_internal_parallel-1d43fb6220f7a027)

running 1 test
test selected_route_arm_materializes_lanes_inside_parallel_body ... ok

test result: ok. 1 passed; 0 failed; 0 ignored; 0 measured; 0 filtered out; finished in 0.01s

     Running tests/security_report_regressions.rs (target/debug/deps/security_report_regressions-eec09a81e8e20f4d)

running 5 tests
test a_conforming_controller_cannot_send_opposite_arms_to_two_peers ... ok
test fabricated_carrier_provenance_is_not_a_byzantine_agreement_guarantee ... ok
test parallel_arms_remain_independent_after_the_sequential_input ... ok
test sequential_receive_cannot_select_the_later_lane_first ... ok
test sequential_send_cannot_select_the_later_lane_first ... ok

test result: ok. 5 passed; 0 failed; 0 ignored; 0 measured; 0 filtered out; finished in 0.00s

     Running tests/send_route_authority.rs (target/debug/deps/send_route_authority-6d47d7ea9b835881)

running 2 tests
test dropping_pending_resolved_send_future_does_not_publish_success_evidence ... ok
test five_nested_resolved_send_uses_route_rows_without_fixed_proof_cap ... ok

test result: ok. 2 passed; 0 failed; 0 ignored; 0 measured; 0 filtered out; finished in 0.00s

     Running tests/tap_resolver_audit.rs (target/debug/deps/tap_resolver_audit-a60f2f1cd3b3490d)

running 5 tests
test dynamic_resolver_reject_is_ready_error_with_one_audit ... ok
test dynamic_resolver_success_emits_one_reversible_audit ... ok
test endpoint_events_do_not_emit_resolver_audit_and_retain_latest_twenty_one ... ok
test nested_route_runtime_emits_distinct_route_selection_sites ... ok
test reused_resolver_id_keeps_route_site_in_audit ... ok

test result: ok. 5 passed; 0 failed; 0 ignored; 0 measured; 0 filtered out; finished in 0.01s

     Running tests/ui.rs (target/debug/deps/ui-c6a80e8c46ea1408)

running 1 test
test g_compile_fails ...    Compiling proc-macro2 v1.0.103
   Compiling unicode-ident v1.0.20
   Compiling quote v1.0.41
   Compiling syn v2.0.108
   Compiling libc v0.2.177
   Compiling futures-sink v0.3.31
   Compiling pin-project-lite v0.2.16
   Compiling futures-core v0.3.31
   Compiling futures-channel v0.3.31
   Compiling futures-macro v0.3.31
   Compiling slab v0.4.11
   Compiling pin-utils v0.1.0
   Compiling memchr v2.7.6
   Compiling futures-io v0.3.31
   Compiling futures-task v0.3.31
   Compiling futures-util v0.3.31
   Compiling futures-executor v0.3.31
   Compiling socket2 v0.6.2
   Compiling mio v1.1.0
   Compiling tokio-macros v2.6.0
   Compiling bytes v1.11.1
   Compiling tokio v1.48.0
   Compiling futures v0.3.31
   Compiling static_assertions v1.1.0
   Compiling hibana v0.9.6 (/workspace/scratch/0915e8fbff81/hibana-arm-row-index)
   Compiling hibana-tests v0.0.0 (/workspace/scratch/0915e8fbff81/hibana-arm-row-index/target/tests/trybuild/hibana)
    Finished `dev` profile [unoptimized] target(s) in 12.38s


test tests/ui/g-efflist-deref.rs [should fail to compile] ... ok
test tests/ui/g-resolver-data-send.rs [should fail to compile] ... ok
test tests/ui/g-self-send-non-unit.rs [should fail to compile] ... ok
test tests/ui/g-roleprogram-witness-mismatch.rs [should fail to compile] ... ok
test tests/ui/g-receive-lane-multiple-senders.rs [should fail to compile] ... ok
test tests/ui/g-receive-lane-parallel-false-causality.rs [should fail to compile] ... ok
test tests/ui/g-receive-lane-route-false-causality.rs [should fail to compile] ... ok
test tests/ui/g-roll-reentry-false-causality.rs [should fail to compile] ... ok
test tests/ui/g-roll-route-cross-iteration-causality.rs [should fail to compile] ... ok
test tests/ui/g-roll-same-label-distinct-inbound-evidence.rs [should fail to compile] ... ok
test tests/ui/g-par-ambiguous-endpoint-op.rs [should fail to compile] ... ok
test tests/ui/g-roll-ambiguous-reentry-exit-outbound.rs [should fail to compile] ... ok
test tests/ui/g-route-passive-first-visible-ambiguous.rs [should fail to compile] ... ok
test tests/ui/g-route-one-sided-observer.rs [should fail to compile] ... ok
test tests/ui/g-route-passive-outbound-without-evidence.rs [should fail to compile] ... ok
test tests/ui/g-route-roll-one-sided-observer.rs [should fail to compile] ... ok
test tests/ui/g-route-controller-mismatch.rs [should fail to compile] ... ok
test tests/ui/g-route-resolved-cross-arm-distinct-senders.rs [should fail to compile] ... ok
test tests/ui/g-route-roll-before-resolve.rs [should fail to compile] ... ok
test tests/ui/g-route-unprojectable.rs [should fail to compile] ... ok
test tests/ui/g-typed-route-duplicate-label-project.rs [should fail to compile] ... ok
test tests/ui/g-message-without-wire-contract.rs [should fail to compile] ... ok
test tests/ui-pass/g-par-many.rs [should pass] ... ok
test tests/ui-pass/g-par-same-role-auto-lanes.rs [should pass] ... ok
test tests/ui-pass/g-par-same-label-distinct-local-endpoints.rs [should pass] ... ok
test tests/ui-pass/g-par-same-label-distinct-outbound-schema.rs [should pass] ... ok
test tests/ui-pass/g-par-same-label-distinct-inbound-evidence.rs [should pass] ... ok
test tests/ui-pass/g-par-same-label-distinct-inbound-same-endpoint.rs [should pass] ... ok
test tests/ui-pass/g-session-template-instances.rs [should pass] ... ok
test tests/ui-pass/g-receive-lane-causal-handoff.rs [should pass] ... ok
test tests/ui-pass/g-roll-reentry-causal-handoff.rs [should pass] ... ok
test tests/ui-pass/g-roll-route-cross-iteration-handoff.rs [should pass] ... ok
test tests/ui-pass/g-route-first-visible-passive-dispatch.rs [should pass] ... ok
test tests/ui-pass/g-route-intrinsic-passive-same-label-frame-evidence.rs [should pass] ... ok
test tests/ui-pass/g-route-merged.rs [should pass] ... ok
test tests/ui-pass/g-route-resolver-scope-nested-par.rs [should pass] ... ok
test tests/ui-pass/g-route-resolved-cross-arm-same-label.rs [should pass] ... ok
test tests/ui-pass/g-route-resolved-cross-arm-same-endpoint-op.rs [should pass] ... ok
test tests/ui-pass/g-route-resolved-cross-arm-overlap-after-left-par.rs [should pass] ... ok
test tests/ui-pass/g-route-resolved-intra-arm-distinct-inbound-evidence.rs [should pass] ... ok
test tests/ui-pass/g-route-resolved-nested-roll-same-endpoint-op.rs [should pass] ... ok
test tests/ui-pass/g-route-static-basic.rs [should pass] ... ok
test tests/ui-pass/g-route-static-prefix-local.rs [should pass] ... ok
test tests/ui-pass/g-route-static-prefix-send.rs [should pass] ... ok
test tests/ui-pass/local_let_program_inference.rs [should pass] ... ok
test tests/ui-pass/local_let_prefix_facade_composition.rs [should pass] ... ok
test tests/ui-pass/local_project_without_public_steps.rs [should pass] ... ok
test tests/ui-pass/role_program_lifetime_free.rs [should pass] ... ok
test tests/ui-pass/readme-route-example.rs [should pass] ... ok
test tests/ui-pass/runtime-transport-recv-frame.rs [should pass] ... ok
test tests/ui-pass/endpoint_transport_erased.rs [should pass] ... ok
test tests/ui-pass/g-generic-role-ids.rs [should pass] ... ok
test tests/ui-pass/g-full-role-domain.rs [should pass] ... ok
test tests/ui-pass/resolver-state-unit.rs [should pass] ... ok
test tests/ui-pass/resolver-wrapper-decide.rs [should pass] ... ok
test tests/ui/runtime-storage-removed.rs [should fail to compile] ... ok
test tests/ui/runtime-config-removed.rs [should fail to compile] ... ok
test tests/ui/runtime-eff-index-removed.rs [should fail to compile] ... ok
test tests/ui/runtime-session-id-field-private.rs [should fail to compile] ... ok
test tests/ui/runtime-ingress-evidence-private.rs [should fail to compile] ... ok
test tests/ui/runtime-received-frame-evidence-private.rs [should fail to compile] ... ok
test tests/ui/runtime-decision-arm-index-private.rs [should fail to compile] ... ok
test tests/ui/runtime-tap-event-fields-private.rs [should fail to compile] ... ok
test tests/ui/runtime-tap-derived-helpers-private.rs [should fail to compile] ... ok
test tests/ui/runtime-frame-header-peer-role-removed.rs [should fail to compile] ... ok
test tests/ui/runtime-frame-label-new-private.rs [should fail to compile] ... ok
test tests/ui/runtime-transport-error-associated-type-removed.rs [should fail to compile] ... ok
test tests/ui/runtime-transport-custom-error-return-removed.rs [should fail to compile] ... ok
test tests/ui/runtime-outgoing-peer-removed.rs [should fail to compile] ... ok
test tests/ui/runtime-session-kit-storage-max-rv-removed.rs [should fail to compile] ... ok
test tests/ui/runtime-fluent-session-removed.rs [should fail to compile] ... ok
test tests/ui/runtime-fluent-role-removed.rs [should fail to compile] ... ok
test tests/ui/runtime-fluent-witness-types-removed.rs [should fail to compile] ... ok
test tests/ui/public_step_name_import.rs [should fail to compile] ... ok
test tests/ui/public_compile_link_boundary.rs [should fail to compile] ... ok
test tests/ui/public_fragment_boundary.rs [should fail to compile] ... ok
test tests/ui/port-open-constructor.rs [should fail to compile] ... ok
test tests/ui/route-branch-decode-removed.rs [should fail to compile] ... ok
test tests/ui/route-recv-borrow-endpoint-alias.rs [should fail to compile] ... ok
test tests/ui/recv-borrow-endpoint-alias.rs [should fail to compile] ... ok
test tests/ui/route-branch-double-recv.rs [should fail to compile] ... ok
test tests/ui/send-future-endpoint-alias.rs [should fail to compile] ... ok
test tests/ui/endpoint-result-removed.rs [should fail to compile] ... ok
test tests/ui/endpoint-error-operation-removed.rs [should fail to compile] ... ok
test tests/ui/attach-error-operation-removed.rs [should fail to compile] ... ok
test tests/ui/resolver-error-operation-removed.rs [should fail to compile] ... ok
test tests/ui/resolver-decision-fn-removed.rs [should fail to compile] ... ok
test tests/ui/resolver-decision-resolution-removed.rs [should fail to compile] ... ok
test tests/ui/resolver-evaluate-removed.rs [should fail to compile] ... ok
test tests/ui/resolver-resolve-decision-private.rs [should fail to compile] ... ok


ok

test result: ok. 1 passed; 0 failed; 0 ignored; 0 measured; 0 filtered out; finished in 24.39s

     Running tests/visible_route_reentry.rs (target/debug/deps/visible_route_reentry-7a30b9f36d3dedfb)

running 37 tests
test completed_long_route_arm_reenters_without_visit_capacity_abort ... ok
test nested_roll_scopes_reenter_inner_until_outer_scope_completes ... ok
test nested_rolled_route_reenters_before_outer_body_continues ... ok
test rolled_balanced_route_repeated_label_seq_arm_keeps_continuation ... ok
test rolled_left_route_left_route_par_seq_route_roll_mixed_reentry_keeps_single_authority ... ok
test rolled_left_spine_offer_enters_rightmost_arm ... ok
test rolled_left_spine_offer_reenters_deep_left_arm_once ... ok
test rolled_left_spine_offer_reenters_inner_right_arm ... ok
test rolled_left_spine_offer_reenters_repeated_deep_leftmost_arm ... ok
test rolled_left_spine_reenters_repeated_deep_leftmost_arm ... ok
test rolled_nested_left_route_repeated_label_seq_arm_keeps_continuation ... ok
test rolled_nested_right_route_repeated_label_seq_arm_keeps_continuation ... ok
test rolled_nested_right_route_seq_arm_keeps_send_authority_for_continuation ... ok
test rolled_nested_route_reenters_to_sibling_nested_arm ... ok
test rolled_par_left_route_roll_arm_reenters_before_parallel_sibling_settles ... ok
test rolled_par_reenters_only_after_both_lanes_settle ... ok
test rolled_par_right_route_roll_arm_reenters_before_parallel_sibling_settles ... ok
test rolled_right_spine_offer_reenters_repeated_deep_rightmost_arm ... ok
test rolled_right_spine_offer_reenters_through_left_chain ... ok
test rolled_right_spine_reenters_repeated_deep_rightmost_arm ... ok
test rolled_right_spine_rejects_deep_response_without_reentered_request ... ok
test rolled_route_left_par_roll_arm_exits_after_parallel_settles_without_probe ... ok
test rolled_route_left_par_roll_arm_reenters_only_after_parallel_settles ... ok
test rolled_route_left_repeated_label_seq_arm_keeps_continuation ... ok
test rolled_route_left_seq_arm_keeps_send_authority_for_continuation ... ok
test rolled_route_left_seq_roll_arm_reenters_inner_before_tail ... ok
test rolled_route_reenters_from_completed_outer_arm_to_deep_nested_arm ... ok
test rolled_route_reenters_from_left_arm_to_nested_right_arm ... ok
test rolled_route_right_par_roll_arm_reenters_only_after_parallel_settles ... ok
test rolled_route_right_seq_arm_keeps_send_authority_for_continuation ... ok
test rolled_route_right_seq_roll_arm_reenters_inner_before_tail ... ok
test rolled_route_route_par_seq_route_roll_mixed_reentry_keeps_single_authority ... ok
test rolled_seq_reenters_by_repeated_head_without_loop_control ... ok
test rolled_seq_route_roll_head_reenters_before_seq_tail_and_outer_exit ... ok
test wasi_shape_rolled_route_seq_arm_keeps_send_authority_for_continuation ... ok
test wasi_shape_rolled_route_seq_arm_survives_prior_sibling_arms ... ok
test wasi_shape_rolled_route_seq_arm_survives_prompt_read_after_open_selector ... ok

test result: ok. 37 passed; 0 failed; 0 ignored; 0 measured; 0 filtered out; finished in 0.31s

     Running ../../tests/docs_surface.rs (target/debug/deps/docs_surface-408eba28936fc48d)

running 16 tests
test canonical_docs_are_readme_and_crate_docs_only ... ok
test core_repo_keeps_cross_repo_harness_outside_tree ... ok
test crate_root_docs_do_not_regrow_internal_buckets ... ok
test crate_root_docs_keep_descriptor_first_control_story ... ok
test docs_do_not_regrow_forbidden_attach_api ... ok
test docs_route_protocol_invisible_liveness_to_transport_errors ... ok
test lean_verification_guide_stays_public_and_repository_scoped ... ok
test onboarding_links_one_gated_runnable_example_without_copying_it ... ok
test projection_constructor_stays_on_canonical_call_shape ... ok
test protocol_docs_keep_route_choice_and_receive_evidence_out_of_control_vocabulary ... ok
test public_docs_do_not_expose_internal_storage_vocabulary ... ok
test quality_gates_do_not_directly_execute_non_executable_scripts ... ok
test readme_covers_role_protocol_and_integration_without_a_second_guide ... ok
test readme_keeps_ingress_demux_under_transport ... ok
test readme_stays_self_contained_and_hibana_scoped ... ok
test transport_docs_do_not_reference_private_runtime_storage ... ok

test result: ok. 16 passed; 0 failed; 0 ignored; 0 measured; 0 filtered out; finished in 0.04s

     Running ../../tests/local_only_hygiene.rs (target/debug/deps/local_only_hygiene-2137ee1ce6fbe4a5)

running 3 tests
test huge_runtime_helpers_do_not_use_generic_sync_cells ... ok
test local_cell_helper_stays_forbidden ... ok
test tests_do_not_define_static_local_cell_state ... ok

test result: ok. 3 passed; 0 failed; 0 ignored; 0 measured; 0 filtered out; finished in 0.01s

     Running ../../tests/no_default_rodata.rs (target/debug/deps/no_default_rodata-1e66c4b11d9de5a3)

running 1 test
test no_default_no_source_path_rodata ...      Locking 1 package to latest Rust 1.95.0 compatible version
   Compiling hibana v0.9.6 (/workspace/scratch/0915e8fbff81/hibana-arm-row-index)
   Compiling hibana-no-default-rodata-probe v0.0.0 (/workspace/scratch/0915e8fbff81/hibana-arm-row-index/target/no-default-rodata-probe)
    Finished `release` profile [optimized] target(s) in 3.78s
ok

test result: ok. 1 passed; 0 failed; 0 ignored; 0 measured; 0 filtered out; finished in 3.82s

     Running ../../tests/public_surface_guards.rs (target/debug/deps/public_surface_guards-d705fc9e4301805b)

running 18 tests
test assoc_sidecar_replacement_publishes_before_retirement ... ok
test core_ingress_binding_surface_stays_forbidden ... ok
test core_repo_checks_do_not_assume_sibling_checkout_layout ... ok
test core_resolver_audit_has_no_in_crate_resolver_owner ... ok
test core_resource_kind_catalogue_keeps_mgmt_and_resolver_lifecycle_internal_only ... ok
test core_source_tree_no_longer_keeps_mgmt_or_epf_owners ... ok
test dynamic_resolver_surface_uses_one_decision_resolver ... ok
test localside_transport_seal ... ok
test message_and_wire_codec_boundaries_stay_separated ... ok
test public_header_surface_minimal ... ok
test resolver_sidecar_replacement_publishes_before_retirement ... ok
test route_branch_public_methods_stay_minimal ... ok
test runtime_entry_uses_direct_slab_without_public_config_wrapper ... ok
test runtime_resolver_surface_is_decision_input_owner ... ok
test runtime_surface_hides_tap_storage_resource ... ok
test sidecar_owner_single_authority ... ok
test tap_surface_has_one_public_entry_and_internal_event_construction ... ok
test transport_context_owner_stays_forbidden ... ok

test result: ok. 18 passed; 0 failed; 0 ignored; 0 measured; 0 filtered out; finished in 0.02s

     Running ../../tests/root_surface.rs (target/debug/deps/root_surface-517db70e6ca51ee4)

running 2 tests
test public_api_gate_tracks_g_and_runtime_surfaces ... ok
test root_visible_surface_stays_minimal ... ok

test result: ok. 2 passed; 0 failed; 0 ignored; 0 measured; 0 filtered out; finished in 0.00s

     Running ../../tests/runtime_surface.rs (target/debug/deps/runtime_surface-7fee4af3ebe27df9)

running 15 tests
test crate_package_artifact_is_a_first_class_gate ... ok
test docs_and_tests_do_not_teach_session_kit_new ... ok
test eff_index_stays_internal_descriptor_id ... ok
test frame_label_has_single_runtime_owner ... ok
test projection_surface_still_builds ... ok
test resolver_state_can_host_external_resolver_owner ... ok
test role_program_handle_is_compact_image_backed ... ok
test runtime_allowlist_tracks_core_boundary ... ok
test runtime_and_lib_drop_incrate_mgmt_and_epf_modules ... ok
test runtime_facade_projects_before_enter ... ok
test runtime_root_exposes_only_core_buckets ... ok
test session_kit_construction_is_in_place_only ... ok
test single_slab_config_is_runtime_resource_authority ... ok
test test_transport_support_constructs_explicitly ... ok
test witness_sizes_stay_small ... ok

test result: ok. 15 passed; 0 failed; 0 ignored; 0 measured; 0 filtered out; finished in 0.02s

     Running ../../tests/semantic_surface.rs (target/debug/deps/semantic_surface-cc960b1dda6dcd1e)

running 123 tests
test descriptor_measurement::compact_bucket_overflow_paths_stay_fail_closed ... ok
test descriptor_measurement::compiled_image_sources_stay_split_below_one_thousand_lines ... ok
test descriptor_measurement::descriptor_projection_has_no_resource_or_tap_count_axes ... ok
test descriptor_measurement::event_identity_and_descriptor_byte_capacities_have_separate_authorities ... ok
test descriptor_measurement::failure_cancellation_surface_has_only_domain_evidence ... ok
test descriptor_measurement::program_atom_lookup_uses_dense_identity_without_a_duplicate_key_column ... ok
test descriptor_measurement::projectable_bound_and_lane_domain_stay_embedded_exact ... ok
test descriptor_measurement::resident_descriptor_attach_has_no_lowering_materialization_path ... ok
test descriptor_measurement::resident_descriptor_metadata_stays_columnar ... ok
test descriptor_measurement::source_events_have_one_direct_atom_representation ... ok
test end_to_end_refinement::end_to_end_refinement_stays_proof_indexed_and_runtime_erased ... ok
test end_to_end_refinement::every_public_endpoint_operation_is_owned_by_the_checked_phase_inventory ... ok
test endpoint_active_leases::public_endpoint_operations_are_drop_independent_active_leases ... ok
test kani_proof_gate::kani_gate_verifies_production_rust_without_entering_the_package_surface ... ok
test lean_ci_gate::lean_ci_gate_audits_every_exported_theorem_and_runs_pinned_artifacts ... ok
test lean_identity_gate::lean_program_identity_retains_every_exact_rust_image_field ... ok
test lean_proof_gate::lean_proof_gate_is_pinned_fail_closed_and_runtime_free ... ok
test lease_owner::intrusive_rendezvous_registry_replaces_fixed_array_map ... ok
test lease_owner::unpublished_endpoint_failures_abort_without_consuming_generation ... ok
test measurement_gates::compile_pressure_process_table_bypasses_exec_environment_limits ... ok
test measurement_gates::measurement_gates_prevent_recurrent_size_and_stack_regressions ... ok
test source_residue::branch_recv_failure_completion_is_terminal_without_branch_restore ... ok
test source_residue::endpoint_dependency_guard_uses_local_dependency_facts ... ok
test source_residue::forbidden_route_apply_and_settlement_files_stay_forbidden ... ok
test source_residue::production_sources_do_not_retain_route_apply_or_resident_settlement_paths ... ok
test source_residue::public_repository_tests_name_registered_rendezvous_witnesses ... ok
test source_residue::route_reentry_mutation_has_single_production_authority ... ok
test source_residue::route_selection_keeps_descriptor_facts_without_endpoint_cleanup_shortcut ... ok
test source_residue::send_recv_branch_recv_publish_paths_are_commit_delta_apply_only ... ok
test source_residue_commit::active_offer_entries_are_owner_derived_without_frontier_fallback ... ok
test source_residue_commit::branch_recv_progress_plan_no_longer_carries_route_cleanup_inputs ... ok
test source_residue_commit::compact_state_and_route_reference_identities_fail_closed ... ok
test source_residue_commit::descriptor_counts_are_not_reexpanded_by_runtime_fallbacks ... ok
test source_residue_commit::inbound_projection_identity_uses_the_compact_event_domain ... ok
test source_residue_commit::lean_role_metadata_matches_production_capacity_semantics ... ok
test source_residue_commit::offer_and_frontier_do_not_call_resident_settlement_primitives ... ok
test source_residue_commit::offer_frontier_capacities_follow_their_distinct_descriptor_domains ... ok
test source_residue_commit::production_sources_do_not_contain_route_apply_or_settlement_vocabularies ... ok
test source_residue_commit::ready_reentry_alignment_requires_an_exact_selectable_witness ... ok
test source_residue_commit::recvless_parent_route_arm_selection_stays_forbidden ... ok
test source_residue_commit::route_commit_apply_and_progress_files_stay_forbidden ... ok
test source_residue_commit::route_history_and_traversal_are_descriptor_derived ... ok
test source_residue_commit::route_history_publishes_shared_refs_after_sparse_commit ... ok
test source_residue_commit::send_recv_branch_recv_publish_paths_apply_prepared_deltas_only ... ok
test source_residue_errors::dynamic_resolver_resolution_does_not_encode_authority_as_reject_reason ... ok
test source_residue_errors::endpoint_session_context_does_not_keep_optional_cluster_or_resolver_layer ... ok
test source_residue_errors::rendezvous_resident_state_does_not_keep_measurement_only_frontier_words ... ok
test source_residue_errors::session_errors_do_not_retain_forbidden_variants ... ok
test source_residue_hygiene::cached_recv_meta_index_overflow_fails_closed ... ok
test source_residue_hygiene::compact_route_arm_authority_fails_closed_before_commit ... ok
test source_residue_hygiene::endpoint_hot_paths_do_not_emit_resolver_audit_replay ... ok
test source_residue_hygiene::lane_searches_do_not_encode_absence_as_a_preferred_lane_sentinel ... ok
test source_residue_hygiene::offer_lane_lookup_distinguishes_empty_membership_from_missing_scope ... ok
test source_residue_hygiene::package_artifact_ships_self_contained_tests_and_excludes_repo_gates ... ok
test source_residue_hygiene::package_gate_must_not_hide_dead_code ... ok
test source_residue_hygiene::production_has_no_source_location_diagnostic_plumbing ... ok
test source_residue_hygiene::production_sources_do_not_keep_fallible_success_wrappers ... ok
test source_residue_hygiene::production_sources_do_not_reintroduce_implicit_initializers ... ok
test source_residue_hygiene::production_sources_do_not_retain_test_only_effect_or_offer_helpers ... ok
test source_residue_hygiene::production_sources_keep_absence_codes_named_by_meaning ... ok
test source_residue_hygiene::public_failure_evidence_has_no_stringly_accessors ... ok
test source_residue_hygiene::resident_descriptor_columns_reject_in_range_sentinels ... ok
test source_residue_hygiene::resident_route_arm_descriptors_reject_invalid_compact_values ... ok
test source_residue_hygiene::resolver_audit_emit_stays_infallible ... ok
test source_residue_hygiene::resolver_registration_has_only_stateful_entry ... ok
test source_residue_hygiene::role_projection_does_not_hide_exact_count_dispatch ... ok
test source_residue_hygiene::route_arm_lane_projection_has_one_linear_fact_authority ... ok
test source_residue_hygiene::route_arm_selection_uses_only_endpoint_or_in_band_authority ... ok
test source_residue_hygiene::route_branch_surface_has_no_decode_entrypoint ... ok
test source_residue_hygiene::runtime_production_path_has_no_string_panic_alternate_paths ... ok
test source_residue_hygiene::source_text_does_not_regrow_old_private_boundary_vocabulary ... ok
test source_residue_hygiene::source_tree_does_not_retain_impossible_test_only_helpers ... ok
test source_residue_hygiene::sparse_role_route_rows_never_define_the_route_slot_boundary ... ok
test source_residue_hygiene::tap_ring_storage_shape_is_a_single_type_sized_wrap_safe_ring ... ok
test source_residue_hygiene::wire_codec_errors_do_not_carry_static_text ... ok
test source_residue_pico_hygiene::final_form_static_gates_run_without_budget_or_regex_false_failure ... ok
test source_residue_pico_hygiene::frame_header_has_no_u64_storage ... ok
test source_residue_pico_hygiene::g_project_does_not_enumerate_role_projection_constructors ... ok
test source_residue_pico_hygiene::inbound_frame_identity_is_scalar_and_label_masks_are_absent ... ok
test source_residue_pico_hygiene::kernel_quarantine_extracts_poll_public_recv_by_braces ... ok
test source_residue_pico_hygiene::long_running_const_eval_allow_stays_capacity_regression_only ... ok
test source_residue_pico_hygiene::packed_endpoint_handle_does_not_pack_rendezvous_or_slot ... ok
test source_residue_pico_hygiene::port_derives_endpoint_lease_count_from_the_live_root ... ok
test source_residue_pico_hygiene::production_does_not_reintroduce_fixed_rendezvous_capacity ... ok
test source_residue_pico_hygiene::production_evidence_source_under_file_budget ... ok
test source_residue_pico_hygiene::production_sources_do_not_reintroduce_static_hygiene_residue ... ok
test source_residue_pico_hygiene::public_runtime_surface_does_not_accept_max_rv_budget_parameter ... ok
test source_residue_pico_hygiene::receive_hot_path_uses_descriptor_queries_and_complete_keys_without_mask_scratch ... ok
test source_residue_pico_hygiene::rendezvous_scratch_borrows_are_scoped_and_offer_progress_is_endpoint_resident ... ok
test source_residue_pico_hygiene::resolver_surface_hygiene_uses_explicit_guard_scope ... ok
test source_residue_pico_hygiene::role_descriptor_rows_do_not_use_u64_hot_path_storage_or_helpers ... ok
test source_residue_pico_hygiene::runtime_public_api_has_no_frame_header_u64_raw ... ok
test source_residue_pico_hygiene::source_residue_forbidden_literals_are_checked_without_split_hiding ... ok
test source_residue_pico_hygiene::tap_event_is_opaque_sixteen_byte_record ... ok
test source_residue_pico_hygiene::tap_ring_bytes_stay_at_quarter_kib ... ok
test source_residue_pico_hygiene::transport_docs_do_not_teach_u64_header ... ok
test source_residue_recv_evidence::direct_recv_commits_only_through_observed_evidence_plan ... ok
test source_residue_recv_evidence::offer_admission_prioritizes_the_unconsumed_current_frontier ... ok
test source_residue_route_arm_lane::compact_bucket_backing_stays_byte_only_and_program_ref_shared ... ok
test source_residue_route_arm_lane::route_arm_lane_first_last_use_resident_columns ... ok
test source_residue_runtime_surface::endpoint_lease_capacity_uses_the_last_representable_slot_id ... ok
test source_residue_runtime_surface::endpoint_lease_slot_is_session_role_authority ... ok
test source_residue_runtime_surface::endpoint_selector_validation_stays_private_seal_scan_without_stored_summaries ... ok
test source_residue_runtime_surface::frame_header_lane_is_not_misnamed_as_carrier_identity ... ok
test source_residue_runtime_surface::production_and_gates_do_not_reintroduce_std_feature_branches ... ok
test source_residue_runtime_surface::production_large_functions_do_not_force_inline_always ... ok
test source_residue_runtime_surface::production_sources_do_not_reintroduce_transport_fragmentation_axis ... ok
test source_residue_runtime_surface::projection_ownership_does_not_scale_with_the_role_domain ... ok
test source_residue_runtime_surface::public_surface_scanner_covers_trait_associated_items_and_type_shape ... ok
test source_residue_runtime_surface::route_controller_discovery_has_one_production_authority ... ok
test source_residue_runtime_surface::route_resolver_authority_is_complete_identity_keyed ... ok
test source_residue_runtime_surface::route_site_tap_evidence_uses_local_ordinal_site ... ok
test source_residue_runtime_surface::scope_id_is_single_u16_identity_without_compact_shadow ... ok
test source_residue_runtime_surface::tap_reader_surface_stays_minimal ... ok
test source_residue_runtime_surface::transport_surface_has_no_custom_error_axis ... ok
test source_residue_support::public_surface_and_gates_do_not_retain_forbidden_role_token_api ... ok
test source_residue_support::repo_test_support_modules_are_not_orphaned ... ok
test source_residue_support::test_transport_state_has_one_safe_shared_owner ... ok
test source_residue_unsafe_contract::dynamic_resolver_seals_local_membership_before_external_evaluation ... ok
test source_residue_unsafe_contract::external_callback_reentry_revalidates_published_endpoint_generation ... ok
test source_residue_unsafe_contract::route_choice_has_one_in_band_authority_without_shared_runtime_state ... ok
test source_residue_unsafe_contract::unsafe_contract_gate_covers_receive_frame_receipt_owner ... ok
test transport_contract::transport_contract_separates_local_protocol_safety_from_affine_delivery ... ok

test result: ok. 123 passed; 0 failed; 0 ignored; 0 measured; 0 filtered out; finished in 6.20s

     Running ../../tests/transport_resolver_signal_surface.rs (target/debug/deps/transport_resolver_signal_surface-2cd0d173315f7e52)

running 1 test
test transport_resolver_signal_surface_stays_minimal ... ok

test result: ok. 1 passed; 0 failed; 0 ignored; 0 measured; 0 filtered out; finished in 0.01s

   Doc-tests hibana

running 3 tests
test src/g.rs - g (line 7) ... ignored
test src/lib.rs - (line 55) ... ignored
test src/lib.rs - (line 73) ... ignored

test result: ok. 0 passed; 0 failed; 3 ignored; 0 measured; 0 filtered out; finished in 0.00s

all doctests ran in 0.10s; merged doctests compilation took 0.10s
