   Compiling hibana v0.9.6 (/workspace/scratch/0915e8fbff81/hibana-arm-row-index)
    Finished `release` profile [optimized] target(s) in 3.89s
     Locking 1 package to latest Rust 1.95 compatible version
   Compiling hibana v0.9.6 (/workspace/scratch/0915e8fbff81/hibana-arm-row-index)
   Compiling hibana-pico-projection-example v0.0.0 (/workspace/scratch/0915e8fbff81/hibana-arm-row-index/examples/pico)
    Finished `release` profile [optimized] target(s) in 3.71s
=== arm-row-index thumbv6m hibana ===
text=75164 rodata=11920 data=0 bss=0
=== arm-row-index thumbv6m hibana_pico_projection_example ===
text=20 rodata=319 data=0 bss=0
   Compiling proc-macro2 v1.0.103
   Compiling unicode-ident v1.0.20
   Compiling quote v1.0.41
   Compiling syn v2.0.108
   Compiling serde_core v1.0.228
   Compiling libc v0.2.177
   Compiling memchr v2.7.6
   Compiling futures-sink v0.3.31
   Compiling futures-core v0.3.31
   Compiling pin-project-lite v0.2.16
   Compiling futures-channel v0.3.31
   Compiling futures-macro v0.3.31
   Compiling futures-task v0.3.31
   Compiling target-triple v0.1.4
   Compiling pin-utils v0.1.0
   Compiling serde_json v1.0.145
   Compiling winnow v0.7.13
   Compiling futures-io v0.3.31
   Compiling serde v1.0.228
   Compiling slab v0.4.11
   Compiling futures-util v0.3.31
   Compiling toml_parser v1.0.4
   Compiling serde_spanned v1.0.3
   Compiling toml_datetime v0.7.3
   Compiling itoa v1.0.15
   Compiling toml_writer v1.0.4
   Compiling ryu v1.0.20
   Compiling toml v0.9.8
   Compiling futures-executor v0.3.31
   Compiling socket2 v0.6.2
   Compiling mio v1.1.0
   Compiling serde_derive v1.0.228
   Compiling tokio-macros v2.6.0
   Compiling termcolor v1.4.1
   Compiling glob v0.3.3
   Compiling bytes v1.11.1
   Compiling tokio v1.48.0
   Compiling trybuild v1.0.112
   Compiling futures v0.3.31
   Compiling static_assertions v1.1.0
   Compiling hibana v0.9.6 (/workspace/scratch/0915e8fbff81/hibana-arm-row-index)
    Finished `release` profile [optimized] target(s) in 1m 21s
     Running unittests src/lib.rs (target/release/deps/hibana-6c42714e4a25f64f)

running 3 tests
test runtime::tests::large_choreography_runtime_peak_metrics_fanout_heavy ... large-choreography-runtime shape=fanout_heavy slab_bytes=32768 session_kit_storage_bytes=24 resident_prefix_bytes=412 tap_ring_bytes=252 sidecar_scratch_high_water_bytes=103 image_frontier_bytes=92 frontier_workspace_bytes=11 live_endpoint_bytes=2208 peak_live_slab_bytes=2311 localside_peak_stack_bytes=2439 peak_stack_bytes=2439
ok
test runtime::tests::large_choreography_runtime_peak_metrics_linear_heavy ... large-choreography-runtime shape=linear_heavy slab_bytes=32768 session_kit_storage_bytes=24 resident_prefix_bytes=412 tap_ring_bytes=252 sidecar_scratch_high_water_bytes=103 image_frontier_bytes=92 frontier_workspace_bytes=11 live_endpoint_bytes=1952 peak_live_slab_bytes=2055 localside_peak_stack_bytes=1879 peak_stack_bytes=1879
ok
test runtime::tests::large_choreography_runtime_peak_metrics_route_heavy ... large-choreography-runtime shape=route_heavy slab_bytes=32768 session_kit_storage_bytes=24 resident_prefix_bytes=412 tap_ring_bytes=252 sidecar_scratch_high_water_bytes=103 image_frontier_bytes=92 frontier_workspace_bytes=11 live_endpoint_bytes=2080 peak_live_slab_bytes=2183 localside_peak_stack_bytes=2487 peak_stack_bytes=2487
ok

test result: ok. 3 passed; 0 failed; 0 ignored; 0 measured; 456 filtered out; finished in 0.01s

