unique_exit_after_enter_premises_sat: sat (expected sat)
full_list_and_suffix_find_same_exit_under_premise: unsat (expected unsat)
matching_segment_end_offsets_equal_under_premise: unsat (expected unsat)
unique_exit_is_in_full_and_suffix_search_domains: unsat (expected unsat)
earlier_duplicate_exit_breaks_bridge_negative_control: sat (expected sat)
missing_exit_external_zero_former_fallback_owner_negative_control: sat (expected sat)
prior_color_membership_induction_premises_sat: sat (expected sat)
append_filterMap_reverse_filter_map_membership_step: unsat (expected unsat)
empty_prior_membership_base: unsat (expected unsat)
drop_matching_assignment_negative_control: sat (expected sat)
symbolic_prior_set_equivalence_length_0: unsat (expected unsat)
symbolic_prior_set_equivalence_length_1: unsat (expected unsat)
symbolic_prior_set_equivalence_length_2: unsat (expected unsat)
symbolic_prior_set_equivalence_length_3: unsat (expected unsat)
symbolic_prior_set_equivalence_length_4: unsat (expected unsat)
symbolic_prior_set_equivalence_length_5: unsat (expected unsat)
symbolic_prior_set_equivalence_length_6: unsat (expected unsat)
symbolic_prior_set_equivalence_length_7: unsat (expected unsat)
symbolic_prior_set_equivalence_length_8: unsat (expected unsat)
equal_used_color_sets_give_same_first_color: unsat (expected unsat)
equal_full_sets_retain_256_sentinel: unsat (expected unsat)
equal_sets_last_available_byte_nonvacuity: sat (expected sat)
participating_nonself_role_retains_exhausted_row: unsat (expected unsat)
retained_invalid_row_rejects_exact_byte_equality: unsat (expected unsat)
unrelated_role_omits_invalid_row_negative_control: sat (expected sat)
remove_decoder_byte_bound_negative_control: sat (expected sat)
successful_lowering_retained_byte_nonvacuity: sat (expected sat)
successful_lowering_excludes_any_global_overflow: unsat (expected unsat)
role_local_empty_projection_does_not_imply_global_success: sat (expected sat)
PASS 29 external-specific Z3 obligations/controls; 38840 bounded cases; 10 fixtures; 11 historical models; 5 raw-marker controls
LIMIT: explicit well-formed-marker and successful-lowering premises; role-local capacity admission
