'Hibana.WireFrameRefinement.chosen_color_bound_and_unused' depends on axioms: [propext, Quot.sound]
'Hibana.WireFrameRefinement.color_exhaustion_is_exact' depends on axioms: [propext, Quot.sound]
'Hibana.WireFrameRefinement.chosen_color_separates_every_conflicting_prior' depends on axioms: [propext, Quot.sound]
'Hibana.WireFrameRefinement.original_inequality_is_conflict' depends on axioms: [propext, Quot.sound]
'Hibana.WireFrameRefinement.distinct_owner_is_conflict' depends on axioms: [propext, Quot.sound]
'Hibana.WireFrameRefinement.same_class_does_not_block' depends on axioms: [propext, Quot.sound]
'Hibana.WireFrameRefinement.different_domain_does_not_block' depends on axioms: [propext, Quot.sound]
'Hibana.WireFrameRefinement.refinement_preserves_all_noncolor_fields' does not depend on any axioms
'Hibana.WireFrameRefinement.refinement_preserves_event_inventory' depends on axioms: [propext, Quot.sound]
'Hibana.WireFrameRefinement.no_roll_is_identity' does not depend on any axioms
'Hibana.WireFrameRefinement.self_send_keeps_original_label' depends on axioms: [propext, Quot.sound]
'Hibana.WireFrameRefinement.exhaustion_retains_invalid_nonempty_row' depends on axioms: [propext, Quot.sound]
'Hibana.WireFrameRefinement.invalid_color_cannot_equal_decoded_byte' depends on axioms: [propext, Quot.sound]
'Hibana.WireFrameRefinement.read_byte_result_is_bounded' depends on axioms: [propext]
'Hibana.WireFrameRefinement.decoded_frame_label_is_bounded' depends on axioms: [propext]
'Hibana.WireFrameRefinement.successful_map_has_only_bounded_results' depends on axioms: [propext, Quot.sound]
'Hibana.WireFrameRefinement.exhausted_row_rejects_exact_decoded_labels' depends on axioms: [propext, Quot.sound]
'Hibana.WireFrameRefinement.nested_roll_source_correspondence' depends on axioms: [propext]
'Hibana.WireFrameRefinement.coextensive_roll_source_correspondence' depends on axioms: [propext]
'Hibana.WireFrameRefinement.all_byte_colors_exhausted' does not depend on any axioms
'Hibana.WireFrameRefinement.unrelated_role_can_omit_invalid_row' does not depend on any axioms
'Hibana.WireFrameRefinement.participating_role_retains_invalid_row' does not depend on any axioms
'Hibana.WireFrameRefinement.retained_overflow_rejects_role_admission' depends on axioms: [propext, Quot.sound]
