one_step_premises_sat: sat (expected sat)
one_step_original_inequality_preserved: unsat (expected unsat)
one_step_owner_separation: unsat (expected unsat)
missing_block_insertion_negative_control: sat (expected sat)
missing_free_color_guard_negative_control: sat (expected sat)
omit_owner_edge_negative_control: sat (expected sat)
same_class_color_reuse_is_permitted: sat (expected sat)
different_sender_can_reuse: sat (expected sat)
different_receiver_can_reuse: sat (expected sat)
different_lane_can_reuse: sat (expected sat)
same_class_unique_premises_sat: sat (expected sat)
same_class_unique_implies_covers: unsat (expected unsat)
same_class_reuse_excludes_simultaneously_eligible_distinct: unsat (expected unsat)
same_wire_unique_under_same_class_unique: unsat (expected unsat)
covers_and_validity_premises_sat: sat (expected sat)
same_wire_unique_under_covers: unsat (expected unsat)
remove_coverage_negative_control: sat (expected sat)
one_step_keeps_all_prior_assignments: unsat (expected unsat)
narrower_owner_premises_sat: sat (expected sat)
narrower_owner_always_wins: unsat (expected unsat)
equal_span_later_ordinal_premises_sat: sat (expected sat)
equal_span_later_ordinal_wins: unsat (expected unsat)
broader_owner_cannot_override: unsat (expected unsat)
noncontaining_or_nonroll_candidate_ignored: unsat (expected unsat)
omit_equal_span_tie_break_negative_control: sat (expected sat)
local_ordinal_plus_one_is_nonzero_u16: unsat (expected unsat)
no_roll_identity_premises_sat: sat (expected sat)
no_roll_identity: unsat (expected unsat)
self_send_identity_premises_sat: sat (expected sat)
self_send_identity: unsat (expected unsat)
palette_premises_sat: sat (expected sat)
total_choice_bounded_or_invalid_sentinel: unsat (expected unsat)
sentinel_iff_all_256_blocked: unsat (expected unsat)
chosen_byte_is_available: unsat (expected unsat)
chosen_byte_is_least_available: unsat (expected unsat)
last_byte_255_is_available: sat (expected sat)
all_bytes_blocked_yield_invalid_256: unsat (expected unsat)
truncated_palette_negative_control: sat (expected sat)
two_colorable_graph_exists: sat (expected sat)
same_graph_fixed_greedy_prefix_exhausts: unsat (expected unsat)
PASS 40 Z3 obligations/controls; 38840 bounded exhaustive equivalence cases; 9 named fixtures; 11 historical finite models
LIMIT: conditional mathematical and finite source-transcription evidence only; not universal Rust/Lean refinement or concrete runtime coverage
