   Compiling hibana v0.9.6 (/workspace/scratch/0915e8fbff81/hibana-quic/vendor/hibana)
   Compiling hibana-quic v0.1.0 (/workspace/scratch/0915e8fbff81/hibana-quic)
warning: variant `FixedZero` is never constructed
  --> src/driver/path.rs:78:5
   |
77 | enum PeerTarget {
   |      ---------- variant in this enum
78 |     FixedZero,
   |     ^^^^^^^^^
   |
   = note: `PeerTarget` has derived impls for the traits `Debug` and `Clone`, but these are intentionally ignored during dead code analysis
   = note: `#[warn(dead_code)]` (part of `#[warn(unused)]`) on by default

warning: method `bind_zero_cid_path_transmit` is never used
   --> src/driver/path.rs:397:19
    |
166 | impl Driver<'_> {
    | --------------- method in this implementation
...
397 |     pub(crate) fn bind_zero_cid_path_transmit(
    |                   ^^^^^^^^^^^^^^^^^^^^^^^^^^^

warning: method `recovery_cancel` is never used
   --> src/handshake_endpoint/recovery_actor.rs:121:25
    |
 66 | impl<'r, 's, 'tc, 'ts, K: InitialKeyProtection> HandshakeEndpoint<'r, 's, 'tc, 'ts, K> {
    | -------------------------------------------------------------------------------------- method in this implementation
...
121 |     pub(super) async fn recovery_cancel(
    |                         ^^^^^^^^^^^^^^^

warning: method `stream_cancel` is never used
   --> src/handshake_endpoint/stream_actor.rs:226:25
    |
 31 | impl<'r, 's, 'tc, 'ts, K: InitialKeyProtection> HandshakeEndpoint<'r, 's, 'tc, 'ts, K> {
    | -------------------------------------------------------------------------------------- method in this implementation
...
226 |     pub(super) async fn stream_cancel(
    |                         ^^^^^^^^^^^^^

warning: method `tls_seal_early` is never used
   --> src/handshake_endpoint/tls_actor.rs:255:25
    |
 13 | impl<'r, 's, 'tc, 'ts, K: InitialKeyProtection> HandshakeEndpoint<'r, 's, 'tc, 'ts, K> {
    | -------------------------------------------------------------------------------------- method in this implementation
...
255 |     pub(super) async fn tls_seal_early(
    |                         ^^^^^^^^^^^^^^

warning: type alias `Reservation` is never used
  --> src/handshake_endpoint/path.rs:17:17
   |
17 | pub(super) type Reservation = path_owner::PendingTransmit;
   |                 ^^^^^^^^^^^

warning: methods `active_path_identity` and `transmit_address` are never used
   --> src/handshake_endpoint/path.rs:119:19
    |
 95 | impl<'r, 's, 'tc, 'ts, K: InitialKeyProtection> HandshakeEndpoint<'r, 's, 'tc, 'ts, K> {
    | -------------------------------------------------------------------------------------- methods in this implementation
...
119 |     pub(super) fn active_path_identity(&self) -> PathIdentity {
    |                   ^^^^^^^^^^^^^^^^^^^^
...
142 |     pub(super) fn transmit_address(&self) -> Option<Address> {
    |                   ^^^^^^^^^^^^^^^^

warning: function `retirement` is never used
   --> src/roles/protocol_stream.rs:227:4
    |
227 | fn retirement<const C: u8, const O: u8>() -> g::Program<Retirement<C, O>> {
    |    ^^^^^^^^^^

warning: function `cancel_before_publication` is never used
   --> src/roles/datagram.rs:502:15
    |
502 | pub(crate) fn cancel_before_publication(
    |               ^^^^^^^^^^^^^^^^^^^^^^^^^

warning: `hibana-quic` (lib) generated 9 warnings
    Finished `test` profile [unoptimized] target(s) in 10.43s
     Running tests/stream_elastic_reentry.rs (target/debug/deps/stream_elastic_reentry-f7a455f4dc1f04ee)

running 2 tests
test scoped_completed_bootstrap_reentry_keeps_current_cancellation_obligation ... FAILED
test scoped_preparation_cannot_skip_every_reservation_attempt ... ok

failures:

---- scoped_completed_bootstrap_reentry_keeps_current_cancellation_obligation stdout ----

thread 'scoped_completed_bootstrap_reentry_keeps_current_cancellation_obligation' (84) panicked at tests/stream_elastic_reentry.rs:69:36:
offer required CancelPrepared: EndpointError { operation: "offer", kind: PhaseInvariant }
note: run with `RUST_BACKTRACE=1` environment variable to display a backtrace


failures:
    scoped_completed_bootstrap_reentry_keeps_current_cancellation_obligation

test result: FAILED. 1 passed; 1 failed; 0 ignored; 0 measured; 0 filtered out; finished in 0.01s

error: test failed, to rerun pass `--test stream_elastic_reentry`
