   Compiling hibana v0.9.6 (/workspace/scratch/0915e8fbff81/hibana-projection-conflict-reuse)
error[E0583]: file not found for module `original`
 --> src/global/role_program/image_impl/tests/conflict_reuse.rs:8:1
  |
8 | mod original;
  | ^^^^^^^^^^^^^
  |
  = help: to create the module `original`, create file "src/global/role_program/image_impl/tests/original.rs" or "src/global/role_program/image_impl/tests/original/mod.rs"
  = note: if there is a `mod original` elsewhere in the crate already, import it with `use crate::...` instead

error[E0599]: no function or associated item named `emit_reference` found for struct `image_types::RoleImageBytes<N>` in the current scope
   --> src/global/role_program/image_impl/tests/conflict_reuse.rs:41:42
    |
 41 |         let image = RoleImageBytes::<N>::emit_reference((source, scopes), facts, role, columns);
    |                                          ^^^^^^^^^^^^^^ function or associated item not found in `image_types::RoleImageBytes<N>`
    |
   ::: src/global/role_program/image_types.rs:470:1
    |
470 | pub(crate) struct RoleImageBytes<const N: usize> {
    | ------------------------------------------------ function or associated item `emit_reference` not found for this struct
    |
note: if you're trying to build a new `image_types::RoleImageBytes<N>`, consider using `blob_image::<impl image_types::RoleImageBytes<N>>::empty` which returns `image_types::RoleImageBytes<_>`
   --> src/global/role_program/image_impl/blob_image.rs:47:5
    |
 47 |     const fn empty() -> Self {
    |     ^^^^^^^^^^^^^^^^^^^^^^^^

Some errors have detailed explanations: E0583, E0599.
For more information about an error, try `rustc --explain E0583`.
error: could not compile `hibana` (lib test) due to 2 previous errors
