   Compiling proc-macro2 v1.0.103
   Compiling unicode-ident v1.0.20
   Compiling quote v1.0.41
   Compiling syn v2.0.108
   Compiling serde_core v1.0.228
   Compiling libc v0.2.177
   Compiling memchr v2.7.6
   Compiling pin-project-lite v0.2.16
   Compiling futures-core v0.3.31
   Compiling futures-sink v0.3.31
   Compiling futures-channel v0.3.31
   Compiling futures-macro v0.3.31
   Compiling serde v1.0.228
   Compiling serde_json v1.0.145
   Compiling futures-task v0.3.31
   Compiling slab v0.4.11
   Compiling winnow v0.7.13
   Compiling target-triple v0.1.4
   Compiling pin-utils v0.1.0
   Compiling futures-io v0.3.31
   Compiling futures-util v0.3.31
   Compiling toml_parser v1.0.4
   Compiling serde_spanned v1.0.3
   Compiling toml_datetime v0.7.3
   Compiling ryu v1.0.20
   Compiling itoa v1.0.15
   Compiling toml_writer v1.0.4
   Compiling toml v0.9.8
   Compiling futures-executor v0.3.31
   Compiling mio v1.1.0
   Compiling socket2 v0.6.2
   Compiling tokio-macros v2.6.0
   Compiling serde_derive v1.0.228
   Compiling termcolor v1.4.1
   Compiling glob v0.3.3
   Compiling bytes v1.11.1
   Compiling tokio v1.48.0
   Compiling trybuild v1.0.112
   Compiling futures v0.3.31
   Compiling static_assertions v1.1.0
   Compiling hibana v0.9.6 (/workspace/scratch/0915e8fbff81/hibana-projection-conflict-reuse)
error[E0433]: cannot find `PackedRouteArmRow` in `super`
   --> src/global/role_program/image_impl/blob_image/conflict_reuse/original.rs:246:39
    |
246 |                         super::super::PackedRouteArmRow::new(local_row, child_slot, lane_step_row),
    |                                       ^^^^^^^^^^^^^^^^^ could not find `PackedRouteArmRow` in `super`
    |
help: consider importing this struct through its public re-export
    |
  2 + use crate::global::role_program::PackedRouteArmRow;
    |
help: if you import `PackedRouteArmRow`, refer to it directly
    |
246 -                         super::super::PackedRouteArmRow::new(local_row, child_slot, lane_step_row),
246 +                         PackedRouteArmRow::new(local_row, child_slot, lane_step_row),
    |

error[E0404]: expected trait, found struct `Send`
  --> src/global/role_program/image_impl/blob_image/conflict_reuse.rs:19:46
   |
19 | fn panic_text(error: Box<dyn std::any::Any + Send>) -> String {
   |                                              ^^^^ not a trait
   |
help: `+` is used to constrain a "trait object" type with lifetimes or auto-traits; structs and enums can't be bound in that way
  --> src/global/role_program/image_impl/blob_image/conflict_reuse.rs:19:30
   |
19 | fn panic_text(error: Box<dyn std::any::Any + Send>) -> String {
   |                              ^^^^^^^^^^^^^   ---- expected this type to be a trait...
   |                              |
   |                              ...because of this bound
help: consider importing this trait instead
   |
 1 + use std::marker::Send;
   |

Some errors have detailed explanations: E0404, E0433.
For more information about an error, try `rustc --explain E0404`.
error: could not compile `hibana` (lib test) due to 2 previous errors
