    Updating crates.io index
     Locking 17 packages to latest Rust 1.95.0 compatible versions
 Downloading crates ...
  Downloaded futures-macro v0.3.34
  Downloaded futures-io v0.3.34
  Downloaded slab v0.4.12
  Downloaded futures-core v0.3.34
  Downloaded futures-task v0.3.34
  Downloaded futures-sink v0.3.34
  Downloaded pin-project-lite v0.2.17
  Downloaded futures v0.3.34
  Downloaded futures-channel v0.3.34
  Downloaded futures-util v0.3.34
  Downloaded futures-executor v0.3.34
  Downloaded syn v3.0.6
  Downloaded memchr v2.8.3
    Blocking waiting for file lock on package cache
   Compiling proc-macro2 v1.0.107
   Compiling quote v1.0.47
   Compiling unicode-ident v1.0.26
   Compiling futures-core v0.3.34
   Compiling futures-sink v0.3.34
   Compiling pin-project-lite v0.2.17
   Compiling futures-channel v0.3.34
   Compiling memchr v2.8.3
   Compiling futures-io v0.3.34
   Compiling futures-task v0.3.34
   Compiling slab v0.4.12
   Compiling hibana v0.9.6 (/workspace/hibana)
   Compiling syn v3.0.6
   Compiling futures-macro v0.3.34
   Compiling futures-util v0.3.34
   Compiling futures-executor v0.3.34
   Compiling futures v0.3.34
   Compiling hibana-release-offer-repro v0.0.0 (/workspace/validation/release-offer-repro)
    Finished `release` profile [optimized] target(s) in 38.65s
     Running tests/reproduction.rs (targets/release-offer-repro/release/deps/reproduction-157913af5d89774e)

running 1 test
test initial_publication_changes_arms_after_a_parked_offer ... FAILED

failures:

---- initial_publication_changes_arms_after_a_parked_offer stdout ----

thread 'initial_publication_changes_arms_after_a_parked_offer' (103708) panicked at tests/reproduction.rs:166:46:
Initial publication must retain ownership: combined=false, arms=[0, 1, 2], EndpointError { operation: "offer", kind: PhaseInvariant }
note: run with `RUST_BACKTRACE=1` environment variable to display a backtrace


failures:
    initial_publication_changes_arms_after_a_parked_offer

test result: FAILED. 0 passed; 1 failed; 0 ignored; 0 measured; 0 filtered out; finished in 0.00s

error: test failed, to rerun pass `--test reproduction`
