RUN core-live-preview-lto/1: ['cargo', 'test', '--locked', '--release', '--test', 'rolled_publication_exit', '--', '--test-threads=1']; source=67cbf9f0a57fe89a8486766456a769b646f2a3e1; log=/workspace/validation/20261004T010917699324Z-core-live-preview-lto-1.log
   Compiling proc-macro2 v1.0.103
   Compiling unicode-ident v1.0.20
   Compiling quote v1.0.41
   Compiling serde_core v1.0.228
   Compiling memchr v2.7.6
   Compiling libc v0.2.177
   Compiling futures-core v0.3.31
   Compiling pin-project-lite v0.2.16
   Compiling futures-sink v0.3.31
   Compiling futures-channel v0.3.31
   Compiling futures-io v0.3.31
   Compiling syn v2.0.108
   Compiling slab v0.4.11
   Compiling winnow v0.7.13
   Compiling serde_json v1.0.145
   Compiling target-triple v0.1.4
   Compiling serde v1.0.228
   Compiling pin-utils v0.1.0
   Compiling futures-task v0.3.31
   Compiling serde_spanned v1.0.3
   Compiling toml_datetime v0.7.3
   Compiling ryu v1.0.20
   Compiling toml_writer v1.0.4
   Compiling itoa v1.0.15
   Compiling toml_parser v1.0.4
   Compiling mio v1.1.0
   Compiling toml v0.9.8
   Compiling socket2 v0.6.2
   Compiling termcolor v1.4.1
   Compiling bytes v1.11.1
   Compiling glob v0.3.3
   Compiling hibana v0.9.6 (/workspace/hibana)
   Compiling static_assertions v1.1.0
   Compiling futures-macro v0.3.31
   Compiling tokio-macros v2.6.0
   Compiling futures-util v0.3.31
   Compiling serde_derive v1.0.228
   Compiling tokio v1.48.0
   Compiling futures-executor v0.3.31
   Compiling futures v0.3.31
   Compiling trybuild v1.0.112
    Finished `release` profile [optimized] target(s) in 1m 10s
     Running tests/rolled_publication_exit.rs (/workspace/targets/hibana-core/release/deps/rolled_publication_exit-da17bfad846de46f)

running 1 test
test rolled_publication_exit_keeps_only_live_descendant_selection ... ok

test result: ok. 1 passed; 0 failed; 0 ignored; 0 measured; 0 filtered out; finished in 0.00s

EXIT core-live-preview-lto/1: 0
