   Compiling hibana v0.9.6 (/workspace/scratch/0915e8fbff81/hibana-external-stream-verify/vendor/hibana)
   Compiling hibana-quic v0.1.0 (/workspace/scratch/0915e8fbff81/hibana-external-stream-verify)
warning: variant `FixedZero` is never constructed
  --> src/driver/path.rs:78:5
   |
77 | enum PeerTarget {
   |      ---------- variant in this enum
78 |     FixedZero,
   |     ^^^^^^^^^
   |
   = note: `PeerTarget` has derived impls for the traits `Debug` and `Clone`, but these are intentionally ignored during dead code analysis
   = note: `#[warn(dead_code)]` (part of `#[warn(unused)]`) on by default

warning: method `bind_zero_cid_path_transmit` is never used
   --> src/driver/path.rs:397:19
    |
166 | impl Driver<'_> {
    | --------------- method in this implementation
...
397 |     pub(crate) fn bind_zero_cid_path_transmit(
    |                   ^^^^^^^^^^^^^^^^^^^^^^^^^^^

warning: method `recovery_cancel` is never used
   --> src/handshake_endpoint/recovery_actor.rs:121:25
    |
 66 | impl<'r, 's, 'tc, 'ts, K: InitialKeyProtection> HandshakeEndpoint<'r, 's, 'tc, 'ts, K> {
    | -------------------------------------------------------------------------------------- method in this implementation
...
121 |     pub(super) async fn recovery_cancel(
    |                         ^^^^^^^^^^^^^^^

warning: method `stream_cancel` is never used
   --> src/handshake_endpoint/stream_actor.rs:226:25
    |
 31 | impl<'r, 's, 'tc, 'ts, K: InitialKeyProtection> HandshakeEndpoint<'r, 's, 'tc, 'ts, K> {
    | -------------------------------------------------------------------------------------- method in this implementation
...
226 |     pub(super) async fn stream_cancel(
    |                         ^^^^^^^^^^^^^

warning: method `tls_seal_early` is never used
   --> src/handshake_endpoint/tls_actor.rs:255:25
    |
 13 | impl<'r, 's, 'tc, 'ts, K: InitialKeyProtection> HandshakeEndpoint<'r, 's, 'tc, 'ts, K> {
    | -------------------------------------------------------------------------------------- method in this implementation
...
255 |     pub(super) async fn tls_seal_early(
    |                         ^^^^^^^^^^^^^^

warning: type alias `Reservation` is never used
  --> src/handshake_endpoint/path.rs:17:17
   |
17 | pub(super) type Reservation = path_owner::PendingTransmit;
   |                 ^^^^^^^^^^^

warning: methods `active_path_identity` and `transmit_address` are never used
   --> src/handshake_endpoint/path.rs:119:19
    |
 95 | impl<'r, 's, 'tc, 'ts, K: InitialKeyProtection> HandshakeEndpoint<'r, 's, 'tc, 'ts, K> {
    | -------------------------------------------------------------------------------------- methods in this implementation
...
119 |     pub(super) fn active_path_identity(&self) -> PathIdentity {
    |                   ^^^^^^^^^^^^^^^^^^^^
...
142 |     pub(super) fn transmit_address(&self) -> Option<Address> {
    |                   ^^^^^^^^^^^^^^^^

warning: function `retirement` is never used
   --> src/roles/protocol_stream.rs:227:4
    |
227 | fn retirement<const C: u8, const O: u8>() -> g::Program<Retirement<C, O>> {
    |    ^^^^^^^^^^

warning: function `cancel_before_publication` is never used
   --> src/roles/datagram.rs:502:15
    |
502 | pub(crate) fn cancel_before_publication(
    |               ^^^^^^^^^^^^^^^^^^^^^^^^^

warning: `hibana-quic` (lib) generated 9 warnings
warning: constant `SERVER_PARAMS` is never used
  --> tests/support/tls_actor_fixture.rs:19:11
   |
19 | pub const SERVER_PARAMS: &[u8] = &[4, 1, 63];
   |           ^^^^^^^^^^^^^
   |
   = note: `#[warn(dead_code)]` (part of `#[warn(unused)]`) on by default

warning: constant evaluation is taking a long time
   --> vendor/hibana/src/global/const_dsl/scope_ranges/route.rs:15:17
    |
 15 |     let first = scope_markers.at(enter_idx);
    |                 ^^^^^^^^^^^^^^^^^^^^^^^^^^^ the const evaluator is currently interpreting this expression
    |
help: the constant being evaluated
   --> vendor/hibana/src/g.rs:182:5
    |
182 |     const SOURCE: ProgramSourceData<CAPACITY> = ProgramSourceData::lower::<Steps>();
    |     ^^^^^^^^^^^^^^^^^^^^^^^^^^^^^^^^^^^^^^^^^

warning: constant evaluation is taking a long time
   --> vendor/hibana/src/global/const_dsl/event_relations.rs:31:16
    |
 31 |             && markers.is_first_enter(marker_idx)
    |                ^^^^^^^^^^^^^^^^^^^^^^^^^^^^^^^^^^ the const evaluator is currently interpreting this expression
    |
help: the constant being evaluated
   --> vendor/hibana/src/g.rs:182:5
    |
182 |     const SOURCE: ProgramSourceData<CAPACITY> = ProgramSourceData::lower::<Steps>();
    |     ^^^^^^^^^^^^^^^^^^^^^^^^^^^^^^^^^^^^^^^^^

warning: `hibana-quic` (test "stream_owner_roles") generated 3 warnings
    Finished `test` profile [unoptimized] target(s) in 2m 04s
     Running tests/stream_owner_roles.rs (/workspace/scratch/0915e8fbff81/hibana-external-verify-target/debug/deps/stream_owner_roles-499f02a6a32b6d7f)

running 6 tests
test cancelling_after_command_publication_revokes_the_admission_capability ... ok
test projected_bootstrap_has_no_application_open_edge ... ok
test projected_common_result_and_receipt_cannot_be_skipped ... FAILED
test projected_factored_requests_keep_outcomes_and_stage_exits ... FAILED
test projected_preparation_cannot_escape_without_owner_settlement_suffix ... FAILED
test q1_owner_moves_and_copies_early_intent_without_heap ... FAILED

failures:

---- projected_common_result_and_receipt_cannot_be_skipped stdout ----

thread 'projected_common_result_and_receipt_cannot_be_skipped' (85) panicked at tests/stream_owner_roles.rs:504:33:
called `Result::unwrap()` on an `Err` value: EndpointError { operation: "offer", kind: PhaseInvariant }
note: run with `RUST_BACKTRACE=1` environment variable to display a backtrace

---- projected_factored_requests_keep_outcomes_and_stage_exits stdout ----

thread 'projected_factored_requests_keep_outcomes_and_stage_exits' (86) panicked at tests/stream_owner_roles.rs:443:47:
called `Result::unwrap()` on an `Err` value: EndpointError { operation: "offer", kind: PhaseInvariant }

---- projected_preparation_cannot_escape_without_owner_settlement_suffix stdout ----

thread 'projected_preparation_cannot_escape_without_owner_settlement_suffix' (87) panicked at tests/stream_owner_roles.rs:341:13:
outer Inspect cannot bypass reservation/cancellation suffix

---- q1_owner_moves_and_copies_early_intent_without_heap stdout ----

thread 'q1_owner_moves_and_copies_early_intent_without_heap' (88) panicked at tests/stream_owner_roles.rs:206:10:
called `Result::unwrap()` on an `Err` value: Hibana(EndpointError { operation: "send", kind: PhaseInvariant })


failures:
    projected_common_result_and_receipt_cannot_be_skipped
    projected_factored_requests_keep_outcomes_and_stage_exits
    projected_preparation_cannot_escape_without_owner_settlement_suffix
    q1_owner_moves_and_copies_early_intent_without_heap

test result: FAILED. 2 passed; 4 failed; 0 ignored; 0 measured; 0 filtered out; finished in 33.42s

error: test failed, to rerun pass `--test stream_owner_roles`
