artifacts/current-offer-source-diagnostic/proofs/LeanRollMembership.lean:89:4: error: Tactic `rewrite` failed: Did not find an occurrence of the pattern
  inner b != inner a
in the target expression
  (a != b && decide (domain a = domain b) &&
      (oldColor a != oldColor b || (fun a b => inner a != inner b) a b || (fun a b => inner a != inner b) b a)) =
    (a != b && decide (domain b = domain a) &&
      (oldColor a != oldColor b || (fun a b => inner a != inner b) b a || (fun a b => inner a != inner b) a b))

domain : Nat → BaseKey
oldColor : Nat → Nat
inner : Nat → Option Nat
a b : Nat
⊢ (a != b && decide (domain a = domain b) &&
      (oldColor a != oldColor b || (fun a b => inner a != inner b) a b || (fun a b => inner a != inner b) b a)) =
    (a != b && decide (domain b = domain a) &&
      (oldColor a != oldColor b || (fun a b => inner a != inner b) b a || (fun a b => inner a != inner b) a b))
'ReentryRollMembership.membership_graph_has_no_self_edges' depends on axioms: [propext, Quot.sound]
'ReentryRollMembership.membership_graph_retains_prior_inequality' depends on axioms: [propext, Quot.sound]
'ReentryRollMembership.membership_graph_separates_distinct_roll_classes' depends on axioms: [propext, Quot.sound]
'ReentryRollMembership.exact_remaining_obligation_implies_covers' depends on axioms: [propext, Quot.sound]
'ReentryRollMembership.innermost_identity_iff_full_membership' depends on axioms: [propext]
'ReentryRollMembership.membership_graph_is_symmetric' depends on axioms: [propext,
 sorryAx,
 Classical.choice,
 Quot.sound]
