artifacts/current-offer-source-diagnostic/proofs/LeanRollMembership.lean:92:6: error: Tactic `rewrite` failed: motive is not type correct:
  fun _a =>
    (a != b && decide _a && (oldColor a != oldColor b || inner a != inner b || inner a != inner b)) =
      (a != b && decide (domain b = domain a) && (oldColor a != oldColor b || inner a != inner b || inner a != inner b))
Error: Application type mismatch: The argument
  instDecidableEqBaseKey (domain a) (domain b)
has type
  Decidable (domain a = domain b)
but is expected to have type
  Decidable _a
in the application
  @decide _a (instDecidableEqBaseKey (domain a) (domain b))

Explanation: The rewrite tactic rewrites an expression 'e' using an equality 'a = b' by the following process. First, it looks for all 'a' in 'e'. Second, it tries to abstract these occurrences of 'a' to create a function 'm := fun _a => ...', called the *motive*, with the property that 'm a' is definitionally equal to 'e'. Third, we observe that 'congrArg' implies that 'm a = m b', which can be used with lemmas such as 'Eq.mpr' to change the goal. However, if 'e' depends on specific properties of 'a', then the motive 'm' might not typecheck.

Possible solutions: use rewrite's 'occs' configuration option to limit which occurrences are rewritten, or use 'simp' or 'conv' mode, which have strategies for certain kinds of dependencies (these tactics can handle proofs and 'Decidable' instances whose types depend on the rewritten term, and 'simp' can apply user-defined '@[congr]' theorems as well).

domain : Nat → BaseKey
oldColor : Nat → Nat
inner : Nat → Option Nat
a b : Nat
sameDomain : (domain a = domain b) = (domain b = domain a)
⊢ (a != b && decide (domain a = domain b) && (oldColor a != oldColor b || inner a != inner b || inner a != inner b)) =
    (a != b && decide (domain b = domain a) && (oldColor a != oldColor b || inner a != inner b || inner a != inner b))
'ReentryRollMembership.membership_graph_has_no_self_edges' depends on axioms: [propext, Quot.sound]
'ReentryRollMembership.membership_graph_retains_prior_inequality' depends on axioms: [propext, Quot.sound]
'ReentryRollMembership.membership_graph_separates_distinct_roll_classes' depends on axioms: [propext, Quot.sound]
'ReentryRollMembership.exact_remaining_obligation_implies_covers' depends on axioms: [propext, Quot.sound]
'ReentryRollMembership.innermost_identity_iff_full_membership' depends on axioms: [propext]
'ReentryRollMembership.membership_graph_is_symmetric' depends on axioms: [propext,
 sorryAx,
 Classical.choice,
 Quot.sound]
