PASS pinned unchanged src/g/source.rs
PASS pinned unchanged src/global/const_dsl/eff_list.rs
PASS pinned unchanged src/global/const_dsl/allocation.rs
PASS pinned unchanged src/global/const_dsl/allocation/frame_labels.rs
PASS pinned unchanged src/global/const_dsl/allocation/frame_labels/route.rs
PASS pinned unchanged src/global/const_dsl/allocation/frame_labels/roll.rs
PASS pinned unchanged src/global/const_dsl/event_relations.rs
PASS pinned unchanged src/global/const_dsl/scope_ranges.rs
PASS pinned unchanged src/global/const_dsl/scope_ranges/nesting.rs
PASS pinned unchanged src/global/const_dsl/endpoint_selectors.rs
PASS pinned unchanged src/global/typestate/facts/inbound_key.rs
PASS pinned unchanged src/global/typestate/cursor/scope_route.rs
PASS pinned unchanged src/global/typestate/cursor/scope_route/roll.rs
PASS pinned unchanged src/global/typestate/cursor/scope_route/roll/nesting.rs
PASS pinned unchanged src/global/typestate/cursor/scope_route/roll/reentry.rs
PASS pinned unchanged src/global/typestate/cursor/scope_route/navigation.rs
PASS pinned unchanged src/global/typestate/cursor/scope_route/event_progress.rs
PASS pinned unchanged src/global/typestate/cursor/scope_route/row_completion.rs
PASS pinned unchanged src/endpoint/kernel/recv.rs
PASS pinned unchanged src/endpoint/kernel/offer/select_observed.rs
PASS pinned unchanged src/runtime_core/unique_match.rs
PASS 55 Lean source files match reused module donor
PASS QUIC input source hashes
PASS all 10 minimal occurrence IDs/domains/baseline colors match Rust inventory
PASS final Lean log has theorem output and no error/sorry: LeanColorGate-recheck.log
PASS final Lean log has theorem output and no error/sorry: LeanMinimalTrace.log
PASS final Lean log has theorem output and no error/sorry: LeanMinimalTrace-recheck.log
PASS final Lean log has theorem output and no error/sorry: LeanRollMembership.log
PASS final Lean log has theorem output and no error/sorry: LeanNestedReverse.log
PASS all 31 Z3 checks
PASS source-correspondence-final.json written; implementation validation remains separate
